========================================================================
  RUN METRICS
========================================================================

[Configuration]
  blocking_mode            = default
  do_merge                 = False
  do_purge                 = False
  max_recursion_depth      = 5
  min_intra_freq           = 2
  top_k                    = 3
  tau                      = 0.2
  min_block_size           = 2
  filter_mode              = composite
  weight_size              = 1.0
  weight_shared            = 1.0
  weight_tokenlen          = 1.0
  cluster_on               = final
  arcs_weighting           = uniform
  density_floor            = 0.0
  density_min_size         = 3
  arcs_factors             = {'length_weight': 0.0, 'numeric_factor': 1.0, 'word_factor': 1.0, 'density_weight': 0.0, 'density_sample_cap': 200, 'pair_sim_weight': 1.0}

[Records]
  total                    = 3004
  unique                   = 3004

[Predicted Clusters]
  total                    = 1981
  multi-record             = 825
  singletons               = 1156
  size  min / max          = 1 / 6
  size  mean / median      = 1.516 / 1
  size distribution (size: count):
    size   1 : 1156
    size   2 : 649
    size   3 : 158
    size   4 : 15
    size   5 : 2
    size   6 : 1

[Truth Clusters]  (../truthABCgoodDQ.txt)
  total                    = 1877
  size  min / max          = 1 / 6
  size  mean / median      = 1.6 / 1
  size distribution (size: count):
    size   1 : 1076
    size   2 : 538
    size   3 : 209
    size   4 : 46
    size   5 : 7
    size   6 : 1

[Distribution Match]
  cluster count diff       = 104  (predicted - truth)
  size-distribution L1     = 278

[Pair-based Metrics]
  TP                       = 1112
  FP                       = 136
  FN                       = 414
  Linked Pairs (L)         = 1248
  Expected Pairs (E)       = 1526
  Precision                = 0.891
  Recall                   = 0.7287
  F1                       = 0.8017

[Timings (seconds)]
  recursive                = 2.401
  filter                   = 0.582
  cluster                  = 0.175

========================================================================
