========================================================================
  RUN METRICS
========================================================================

[Configuration]
  blocking_mode            = default
  do_merge                 = True
  do_purge                 = False
  max_recursion_depth      = 5
  min_intra_freq           = 2
  top_k                    = 3
  tau                      = 0.2
  min_block_size           = 2
  filter_mode              = composite
  weight_size              = 1.0
  weight_shared            = 1.0
  weight_tokenlen          = 1.0
  cluster_on               = final
  arcs_weighting           = uniform
  density_floor            = 0.0
  density_min_size         = 3
  arcs_factors             = {'length_weight': 0.0, 'numeric_factor': 1.0, 'word_factor': 1.0, 'density_weight': 0.0, 'density_sample_cap': 200, 'pair_sim_weight': 1.0}

[Records]
  total                    = 1000
  unique                   = 1000

[Predicted Clusters]
  total                    = 630
  multi-record             = 244
  singletons               = 386
  size  min / max          = 1 / 6
  size  mean / median      = 1.587 / 1.0
  size distribution (size: count):
    size   1 : 386
    size   2 : 137
    size   3 : 95
    size   4 : 6
    size   5 : 5
    size   6 : 1

[Truth Clusters]  (../truthABCpoorDQ.txt)
  total                    = 195
  size  min / max          = 1 / 17
  size  mean / median      = 5.128 / 5
  size distribution (size: count):
    size   1 : 16
    size   2 : 15
    size   3 : 30
    size   4 : 25
    size   5 : 33
    size   6 : 26
    size   7 : 10
    size   8 : 19
    size   9 : 9
    size  10 : 4
    size  11 : 3
    size  12 : 3
    size  14 : 1
    size  17 : 1

[Distribution Match]
  cluster count diff       = 435  (predicted - truth)
  size-distribution L1     = 679

[Pair-based Metrics]
  TP                       = 431
  FP                       = 92
  FN                       = 2380
  Linked Pairs (L)         = 523
  Expected Pairs (E)       = 2811
  Precision                = 0.8241
  Recall                   = 0.1533
  F1                       = 0.2585

[Timings (seconds)]
  recursive                = 0.389
  filter                   = 0.046
  cluster                  = 0.057

========================================================================
