========================================================================
  RUN METRICS
========================================================================

[Configuration]
  blocking_mode            = default
  do_merge                 = False
  do_purge                 = False
  max_recursion_depth      = 7
  min_intra_freq           = 2
  top_k                    = 3
  tau                      = 0.2
  min_block_size           = 2
  filter_mode              = size
  weight_size              = 0.0
  weight_shared            = 0.0
  weight_tokenlen          = 0.0
  cluster_on               = final
  arcs_weighting           = uniform
  density_floor            = 0.0
  density_min_size         = 3
  arcs_factors             = {'length_weight': 0.0, 'numeric_factor': 1.0, 'word_factor': 1.0, 'density_weight': 0.0, 'density_sample_cap': 200, 'pair_sim_weight': 1.0}

[Records]
  total                    = 1000
  unique                   = 1000

[Predicted Clusters]
  total                    = 653
  multi-record             = 291
  singletons               = 362
  size  min / max          = 1 / 6
  size  mean / median      = 1.531 / 1
  size distribution (size: count):
    size   1 : 362
    size   2 : 240
    size   3 : 48
    size   4 : 2
    size   6 : 1

[Truth Clusters]  (../truthABCpoorDQ.txt)
  total                    = 195
  size  min / max          = 1 / 17
  size  mean / median      = 5.128 / 5
  size distribution (size: count):
    size   1 : 16
    size   2 : 15
    size   3 : 30
    size   4 : 25
    size   5 : 33
    size   6 : 26
    size   7 : 10
    size   8 : 19
    size   9 : 9
    size  10 : 4
    size  11 : 3
    size  12 : 3
    size  14 : 1
    size  17 : 1

[Distribution Match]
  cluster count diff       = 458  (predicted - truth)
  size-distribution L1     = 720

[Pair-based Metrics]
  TP                       = 359
  FP                       = 52
  FN                       = 2452
  Linked Pairs (L)         = 411
  Expected Pairs (E)       = 2811
  Precision                = 0.8735
  Recall                   = 0.1277
  F1                       = 0.2228

[Timings (seconds)]
  recursive                = 1.881
  filter                   = 0.188
  cluster                  = 0.041

========================================================================
