========================================================================
  RUN METRICS
========================================================================

[Configuration]
  blocking_mode            = default
  do_merge                 = True
  do_purge                 = True
  max_recursion_depth      = 5
  min_intra_freq           = 2
  top_k                    = 3
  tau                      = 0.2
  min_block_size           = 2
  filter_mode              = size
  weight_size              = 0.0
  weight_shared            = 0.0
  weight_tokenlen          = 0.0
  cluster_on               = final
  arcs_weighting           = uniform
  density_floor            = 0.7
  density_min_size         = 3
  arcs_factors             = {'length_weight': 0.0, 'numeric_factor': 1.0, 'word_factor': 1.0, 'density_weight': 0.0, 'density_sample_cap': 200, 'pair_sim_weight': 1.0}

[Records]
  total                    = 5000
  unique                   = 5000

[Predicted Clusters]
  total                    = 3986
  multi-record             = 761
  singletons               = 3225
  size  min / max          = 1 / 6
  size  mean / median      = 1.254 / 1.0
  size distribution (size: count):
    size   1 : 3225
    size   2 : 542
    size   3 : 189
    size   4 : 27
    size   5 : 2
    size   6 : 1

[Truth Clusters]  (../truthABCgoodDQ.txt)
  total                    = 2183
  size  min / max          = 1 / 6
  size  mean / median      = 2.29 / 2
  size distribution (size: count):
    size   1 : 741
    size   2 : 597
    size   3 : 440
    size   4 : 298
    size   5 : 89
    size   6 : 18

[Distribution Match]
  cluster count diff       = 1803  (predicted - truth)
  size-distribution L1     = 3165

[Pair-based Metrics]
  TP                       = 1298
  FP                       = 8
  FN                       = 3567
  Linked Pairs (L)         = 1306
  Expected Pairs (E)       = 4865
  Precision                = 0.9939
  Recall                   = 0.2668
  F1                       = 0.4207

[Timings (seconds)]
  recursive                = 0.862
  filter                   = 0.076
  cluster                  = 0.337

========================================================================
