========================================================================
  RUN METRICS
========================================================================

[Configuration]
  blocking_mode            = default
  do_merge                 = False
  do_purge                 = False
  max_recursion_depth      = 5
  min_intra_freq           = 2
  top_k                    = 3
  tau                      = 0.2
  min_block_size           = 2
  filter_mode              = size
  weight_size              = 0.0
  weight_shared            = 0.0
  weight_tokenlen          = 0.0
  cluster_on               = final
  arcs_weighting           = uniform
  density_floor            = 0.0
  density_min_size         = 3
  arcs_factors             = {'length_weight': 0.0, 'numeric_factor': 1.0, 'word_factor': 1.0, 'density_weight': 0.0, 'density_sample_cap': 200, 'pair_sim_weight': 0.75}

[Records]
  total                    = 3004
  unique                   = 3004

[Predicted Clusters]
  total                    = 1967
  multi-record             = 859
  singletons               = 1108
  size  min / max          = 1 / 6
  size  mean / median      = 1.527 / 1
  size distribution (size: count):
    size   1 : 1108
    size   2 : 702
    size   3 : 142
    size   4 : 11
    size   5 : 2
    size   6 : 2

[Truth Clusters]  (../truthABCgoodDQ.txt)
  total                    = 1877
  size  min / max          = 1 / 6
  size  mean / median      = 1.6 / 1
  size distribution (size: count):
    size   1 : 1076
    size   2 : 538
    size   3 : 209
    size   4 : 46
    size   5 : 7
    size   6 : 1

[Distribution Match]
  cluster count diff       = 90  (predicted - truth)
  size-distribution L1     = 304

[Pair-based Metrics]
  TP                       = 1043
  FP                       = 201
  FN                       = 483
  Linked Pairs (L)         = 1244
  Expected Pairs (E)       = 1526
  Precision                = 0.8384
  Recall                   = 0.6835
  F1                       = 0.7531

[Timings (seconds)]
  recursive                = 2.614
  filter                   = 0.441
  cluster                  = 0.174

========================================================================
