# group=J_pair_sim_w config_id=psw=0.75
# label=pair_sim_weight=0.75
# cmd=/usr/local/bin/python recursive_algo1_2_v2.py --input ../S8P.txt --truth-dir .. --clusters-json /home/user/blockingandEmbeddinginER/RESULTS/runs/J_pair_sim_w/psw=0.75/clusters.json --arcs-pair-sim-weight 0.75

Starting...
Loaded 1000 records
Replaced non-word characters with spaces in extracted tokens
Built token frequency dict with 3942 unique tokens
Stop-word removal: dropped 20 tokens with freq > 60
  Examples: ['CA', 'FL', 'BOX', 'APT', 'TX', 'PO', 'L', 'DR', 'ST', 'A', 'E', 'AVE', 'C', 'M', 'W']
Rebuilt token frequency dict: 3922 unique tokens remain

DF distribution percentiles (post-cleanup):
  p50=1, p90=5, p95=7, p99=17
Record-length percentiles (distinct tokens, post-cleanup):
  p50=9, p90=12, p95=13, p99=15
init_df_max derived from percentile 0.95: 7
[legacy] Mode token length: 8
[legacy] stop_k = floor(0.6 * 8) = 4
[diagnostic] Legacy heuristic stop_k(factor=0.6) = 4 (not used unless --stop-k* given)

Resolved parameters:
  init_df_max         = 7
  max_recursion_depth = 5
  min_intra_freq      = 2
  min_blk_token_len   = 4
  exclude_numeric     = True
  min_block_size      = 2
  top_k               = 3
  filter_mode         = size
  tau                 = 0.2
  arcs_weighting      = uniform
  density_floor       = 0.0 (min_size=3)
  cluster_on          = final

Creating initial blocks...
Blocking filters: min_blk_token_len=4, exclude_numeric_blocks=True, freq window=[2, 7]
Blocking gate counters (per-record token instances):
  too_short (< 4): 1367
  numeric (excluded):                3137
  freq < 2:                          994
  freq > 7:                       1592
  kept (became block memberships):   2400
  unique blocking keys produced:     728
Initial blocks created: 728
[metrics] Auto-detected truth file: ../truthABCpoorDQ.txt

######################################################################
# RUN: merge=True, purge=True
######################################################################

--- depth=1, effective min_intra_freq=2, max_depth=5 (do_merge=True, do_purge=True) ---
Current number of blocks: 728
Calling refine_blocks with min_intra_freq=2...
refine_blocks took 0.08 seconds, produced 3477 blocks
Merging blocks...
merge_blocks took 0.02 seconds, result: 1333 blocks
Purging subset blocks...
purge_subset_blocks took 0.01 seconds, dropped 888, result: 445 blocks

--- depth=2, effective min_intra_freq=2, max_depth=5 (do_merge=True, do_purge=True) ---
Current number of blocks: 445
Calling refine_blocks with min_intra_freq=2...
refine_blocks took 0.05 seconds, produced 2085 blocks
Merging blocks...
merge_blocks took 0.02 seconds, result: 1271 blocks
Purging subset blocks...
purge_subset_blocks took 0.01 seconds, dropped 826, result: 445 blocks

--- depth=3, effective min_intra_freq=3, max_depth=5 (do_merge=True, do_purge=True) ---
Current number of blocks: 445
Calling refine_blocks with min_intra_freq=3...
refine_blocks took 0.03 seconds, produced 619 blocks
Merging blocks...
merge_blocks took 0.01 seconds, result: 752 blocks
Purging subset blocks...
purge_subset_blocks took 0.01 seconds, dropped 307, result: 445 blocks

--- depth=4, effective min_intra_freq=4, max_depth=5 (do_merge=True, do_purge=True) ---
Current number of blocks: 445
Calling refine_blocks with min_intra_freq=4...
refine_blocks took 0.02 seconds, produced 137 blocks
Merging blocks...
merge_blocks took 0.00 seconds, result: 542 blocks
Purging subset blocks...
purge_subset_blocks took 0.01 seconds, dropped 97, result: 445 blocks

--- depth=5, effective min_intra_freq=5, max_depth=5 (do_merge=True, do_purge=True) ---
Current number of blocks: 445
Calling refine_blocks with min_intra_freq=5...
refine_blocks took 0.02 seconds, produced 31 blocks
Merging blocks...
merge_blocks took 0.00 seconds, result: 475 blocks
Purging subset blocks...
purge_subset_blocks took 0.01 seconds, dropped 30, result: 445 blocks

--- depth=6, effective min_intra_freq=6, max_depth=5 (do_merge=True, do_purge=True) ---
Current number of blocks: 445
Stopping: depth > max_recursion_depth

Peak block count during recursion: 728 (at depth=0)
Clustering on FINAL snapshot (445 blocks)

Building ARCS weighted graph (weighting=uniform)...
  [pair similarity] pair_sim_weight=0.75: each pair's ARCS contribution scaled by shared_tokens / (|A| + |B| - shared_tokens)
  Graph built in 0.06s — 2596 edges
  ARCS edge-weight histogram (2596 edges, range [0.0397, 0.5589]):
    [0.0397, 0.0916): 1657
    [0.0916, 0.1435): 439
    [0.1435, 0.1954): 215
    [0.1954, 0.2474): 128
    [0.2474, 0.2993): 74
    [0.2993, 0.3512): 38
    [0.3512, 0.4031): 20
    [0.4031, 0.4550): 15
    [0.4550, 0.5069): 6
    [0.5069, 0.5589): 4
  Edges kept (weight >= 0.2): 275 / 2596
  Clusters (pre-density): 175 multi-record, 580 singletons
  Wrote 755 clusters to /home/user/blockingandEmbeddinginER/RESULTS/runs/J_pair_sim_w/psw=0.75/clusters_m1_p1.json
  Wrote metrics JSON to /home/user/blockingandEmbeddinginER/RESULTS/runs/J_pair_sim_w/psw=0.75/clusters_m1_p1.metrics.json
  Wrote metrics log  to /home/user/blockingandEmbeddinginER/RESULTS/runs/J_pair_sim_w/psw=0.75/clusters_m1_p1.metrics.log

######################################################################
# RUN: merge=True, purge=False
######################################################################

--- depth=1, effective min_intra_freq=2, max_depth=5 (do_merge=True, do_purge=False) ---
Current number of blocks: 728
Calling refine_blocks with min_intra_freq=2...
refine_blocks took 0.08 seconds, produced 3477 blocks
Merging blocks...
merge_blocks took 0.02 seconds, result: 1333 blocks
Skipping purge_subset_blocks (do_purge=False)

--- depth=2, effective min_intra_freq=2, max_depth=5 (do_merge=True, do_purge=False) ---
Current number of blocks: 1333
Calling refine_blocks with min_intra_freq=2...
refine_blocks took 0.09 seconds, produced 3633 blocks
Merging blocks...
merge_blocks took 0.02 seconds, result: 1367 blocks
Skipping purge_subset_blocks (do_purge=False)

--- depth=3, effective min_intra_freq=3, max_depth=5 (do_merge=True, do_purge=False) ---
Current number of blocks: 1367
Calling refine_blocks with min_intra_freq=3...
refine_blocks took 0.05 seconds, produced 743 blocks
Merging blocks...
merge_blocks took 0.02 seconds, result: 1367 blocks
Skipping purge_subset_blocks (do_purge=False)

--- depth=4, effective min_intra_freq=4, max_depth=5 (do_merge=True, do_purge=False) ---
Current number of blocks: 1367
Calling refine_blocks with min_intra_freq=4...
refine_blocks took 0.04 seconds, produced 150 blocks
Merging blocks...
merge_blocks took 0.01 seconds, result: 1367 blocks
Skipping purge_subset_blocks (do_purge=False)

--- depth=5, effective min_intra_freq=5, max_depth=5 (do_merge=True, do_purge=False) ---
Current number of blocks: 1367
Calling refine_blocks with min_intra_freq=5...
refine_blocks took 0.04 seconds, produced 31 blocks
Merging blocks...
merge_blocks took 0.02 seconds, result: 1367 blocks
Skipping purge_subset_blocks (do_purge=False)

--- depth=6, effective min_intra_freq=6, max_depth=5 (do_merge=True, do_purge=False) ---
Current number of blocks: 1367
Stopping: depth > max_recursion_depth

Peak block count during recursion: 1367 (at depth=2)
Clustering on FINAL snapshot (1367 blocks)

Building ARCS weighted graph (weighting=uniform)...
  [pair similarity] pair_sim_weight=0.75: each pair's ARCS contribution scaled by shared_tokens / (|A| + |B| - shared_tokens)
  Graph built in 0.05s — 1277 edges
  ARCS edge-weight histogram (1277 edges, range [0.0563, 1.2188]):
    [0.0563, 0.1725): 506
    [0.1725, 0.2888): 372
    [0.2888, 0.4050): 194
    [0.4050, 0.5212): 78
    [0.5212, 0.6375): 75
    [0.6375, 0.7538): 34
    [0.7538, 0.8700): 9
    [0.8700, 0.9863): 5
    [0.9863, 1.1025): 2
    [1.1025, 1.2188): 2
  Edges kept (weight >= 0.2): 628 / 1277
  Clusters (pre-density): 257 multi-record, 203 singletons
  Wrote 460 clusters to /home/user/blockingandEmbeddinginER/RESULTS/runs/J_pair_sim_w/psw=0.75/clusters_m1_p0.json
  Wrote metrics JSON to /home/user/blockingandEmbeddinginER/RESULTS/runs/J_pair_sim_w/psw=0.75/clusters_m1_p0.metrics.json
  Wrote metrics log  to /home/user/blockingandEmbeddinginER/RESULTS/runs/J_pair_sim_w/psw=0.75/clusters_m1_p0.metrics.log

######################################################################
# RUN: merge=False, purge=True
######################################################################

--- depth=1, effective min_intra_freq=2, max_depth=5 (do_merge=False, do_purge=True) ---
Current number of blocks: 728
Calling refine_blocks with min_intra_freq=2...
refine_blocks took 0.08 seconds, produced 3477 blocks
Skipping merge_blocks (do_merge=False); naive concat...
  result: 4205 blocks
Purging subset blocks...
purge_subset_blocks took 0.04 seconds, dropped 3760, result: 445 blocks

--- depth=2, effective min_intra_freq=2, max_depth=5 (do_merge=False, do_purge=True) ---
Current number of blocks: 445
Calling refine_blocks with min_intra_freq=2...
refine_blocks took 0.06 seconds, produced 2542 blocks
Skipping merge_blocks (do_merge=False); naive concat...
  result: 2987 blocks
Purging subset blocks...
purge_subset_blocks took 0.03 seconds, dropped 2542, result: 445 blocks

--- depth=3, effective min_intra_freq=3, max_depth=5 (do_merge=False, do_purge=True) ---
Current number of blocks: 445
Calling refine_blocks with min_intra_freq=3...
refine_blocks took 0.04 seconds, produced 870 blocks
Skipping merge_blocks (do_merge=False); naive concat...
  result: 1315 blocks
Purging subset blocks...
purge_subset_blocks took 0.02 seconds, dropped 870, result: 445 blocks

--- depth=4, effective min_intra_freq=4, max_depth=5 (do_merge=False, do_purge=True) ---
Current number of blocks: 445
Calling refine_blocks with min_intra_freq=4...
refine_blocks took 0.02 seconds, produced 230 blocks
Skipping merge_blocks (do_merge=False); naive concat...
  result: 675 blocks
Purging subset blocks...
purge_subset_blocks took 0.01 seconds, dropped 230, result: 445 blocks

--- depth=5, effective min_intra_freq=5, max_depth=5 (do_merge=False, do_purge=True) ---
Current number of blocks: 445
Calling refine_blocks with min_intra_freq=5...
refine_blocks took 0.02 seconds, produced 88 blocks
Skipping merge_blocks (do_merge=False); naive concat...
  result: 533 blocks
Purging subset blocks...
purge_subset_blocks took 0.01 seconds, dropped 88, result: 445 blocks

--- depth=6, effective min_intra_freq=6, max_depth=5 (do_merge=False, do_purge=True) ---
Current number of blocks: 445
Stopping: depth > max_recursion_depth

Peak block count during recursion: 728 (at depth=0)
Clustering on FINAL snapshot (445 blocks)

Building ARCS weighted graph (weighting=uniform)...
  [pair similarity] pair_sim_weight=0.75: each pair's ARCS contribution scaled by shared_tokens / (|A| + |B| - shared_tokens)
  Graph built in 0.06s — 2596 edges
  ARCS edge-weight histogram (2596 edges, range [0.0397, 0.5589]):
    [0.0397, 0.0916): 1657
    [0.0916, 0.1435): 439
    [0.1435, 0.1954): 215
    [0.1954, 0.2474): 128
    [0.2474, 0.2993): 74
    [0.2993, 0.3512): 38
    [0.3512, 0.4031): 20
    [0.4031, 0.4550): 15
    [0.4550, 0.5069): 6
    [0.5069, 0.5589): 4
  Edges kept (weight >= 0.2): 275 / 2596
  Clusters (pre-density): 175 multi-record, 580 singletons
  Wrote 755 clusters to /home/user/blockingandEmbeddinginER/RESULTS/runs/J_pair_sim_w/psw=0.75/clusters_m0_p1.json
  Wrote metrics JSON to /home/user/blockingandEmbeddinginER/RESULTS/runs/J_pair_sim_w/psw=0.75/clusters_m0_p1.metrics.json
  Wrote metrics log  to /home/user/blockingandEmbeddinginER/RESULTS/runs/J_pair_sim_w/psw=0.75/clusters_m0_p1.metrics.log

######################################################################
# RUN: merge=False, purge=False
######################################################################

--- depth=1, effective min_intra_freq=2, max_depth=5 (do_merge=False, do_purge=False) ---
Current number of blocks: 728
Calling refine_blocks with min_intra_freq=2...
refine_blocks took 0.08 seconds, produced 3477 blocks
Skipping merge_blocks (do_merge=False); naive concat...
  result: 4205 blocks
Skipping purge_subset_blocks (do_purge=False)

--- depth=2, effective min_intra_freq=2, max_depth=5 (do_merge=False, do_purge=False) ---
Current number of blocks: 4205
Calling refine_blocks with min_intra_freq=2...
refine_blocks took 0.36 seconds, produced 10203 blocks
Skipping merge_blocks (do_merge=False); naive concat...
  result: 10931 blocks
Skipping purge_subset_blocks (do_purge=False)

--- depth=3, effective min_intra_freq=3, max_depth=5 (do_merge=False, do_purge=False) ---
Current number of blocks: 10931
Calling refine_blocks with min_intra_freq=3...
refine_blocks took 0.39 seconds, produced 4059 blocks
Skipping merge_blocks (do_merge=False); naive concat...
  result: 12277 blocks
Skipping purge_subset_blocks (do_purge=False)

--- depth=4, effective min_intra_freq=4, max_depth=5 (do_merge=False, do_purge=False) ---
Current number of blocks: 12277
Calling refine_blocks with min_intra_freq=4...
refine_blocks took 0.30 seconds, produced 803 blocks
Skipping merge_blocks (do_merge=False); naive concat...
  result: 12363 blocks
Skipping purge_subset_blocks (do_purge=False)

--- depth=5, effective min_intra_freq=5, max_depth=5 (do_merge=False, do_purge=False) ---
Current number of blocks: 12363
Calling refine_blocks with min_intra_freq=5...
refine_blocks took 0.27 seconds, produced 201 blocks
Skipping merge_blocks (do_merge=False); naive concat...
  result: 12364 blocks
Skipping purge_subset_blocks (do_purge=False)

--- depth=6, effective min_intra_freq=6, max_depth=5 (do_merge=False, do_purge=False) ---
Current number of blocks: 12364
Stopping: depth > max_recursion_depth

Peak block count during recursion: 12364 (at depth=5)
Clustering on FINAL snapshot (12364 blocks)

Building ARCS weighted graph (weighting=uniform)...
  [pair similarity] pair_sim_weight=0.75: each pair's ARCS contribution scaled by shared_tokens / (|A| + |B| - shared_tokens)
  Graph built in 0.04s — 566 edges
  ARCS edge-weight histogram (566 edges, range [0.0972, 1.5000]):
    [0.0972, 0.2375): 162
    [0.2375, 0.3778): 126
    [0.3778, 0.5181): 35
    [0.5181, 0.6583): 59
    [0.6583, 0.7986): 59
    [0.7986, 0.9389): 52
    [0.9389, 1.0792): 35
    [1.0792, 1.2194): 26
    [1.2194, 1.3597): 10
    [1.3597, 1.5000): 2
  Edges kept (weight >= 0.2): 431 / 566
  Clusters (pre-density): 318 multi-record, 266 singletons
  Wrote 584 clusters to /home/user/blockingandEmbeddinginER/RESULTS/runs/J_pair_sim_w/psw=0.75/clusters_m0_p0.json
  Wrote metrics JSON to /home/user/blockingandEmbeddinginER/RESULTS/runs/J_pair_sim_w/psw=0.75/clusters_m0_p0.metrics.json
  Wrote metrics log  to /home/user/blockingandEmbeddinginER/RESULTS/runs/J_pair_sim_w/psw=0.75/clusters_m0_p0.metrics.log


==============================================================================================================
ABLATION SUMMARY
mode=default, init_df_max=7, max_recursion_depth=5, min_intra_freq=2, tau=0.2, top_k=3, filter_mode=size, min_block_size=2, arcs_weighting=uniform, density_floor=0.0, cluster_on=final
==============================================================================================================
merge purge  blks(rec)   pairs(rec)  blks(flt)   pairs(flt)  clusters  multi  single  t_rec(s)  t_flt(s)  t_clu(s)  peak(MB)
--------------------------------------------------------------------------------------------------------------
    T     T        445         2996        436         2888       755    175     580      0.30      0.02      0.07      72.0
    T     F       1367         4980       1041         1607       460    257     203      0.40      0.04      0.06      72.5
    F     T        445         2996        436         2888       755    175     580      0.32      0.02      0.07      71.8
    F     F      12364        26984        977         1021       584    318     266      1.41      0.20      0.04      74.9
==============================================================================================================
