========================================================================
  RUN METRICS
========================================================================

[Configuration]
  blocking_mode            = default
  do_merge                 = False
  do_purge                 = True
  max_recursion_depth      = 5
  min_intra_freq           = 2
  top_k                    = 3
  tau                      = 0.2
  min_block_size           = 2
  filter_mode              = size
  weight_size              = 0.0
  weight_shared            = 0.0
  weight_tokenlen          = 0.0
  cluster_on               = final
  arcs_weighting           = uniform
  density_floor            = 0.0
  density_min_size         = 3
  arcs_factors             = {'length_weight': 0.0, 'numeric_factor': 1.0, 'word_factor': 1.0, 'density_weight': 0.0, 'density_sample_cap': 200, 'pair_sim_weight': 0.5}

[Records]
  total                    = 3004
  unique                   = 3004

[Predicted Clusters]
  total                    = 2024
  multi-record             = 704
  singletons               = 1320
  size  min / max          = 1 / 6
  size  mean / median      = 1.484 / 1.0
  size distribution (size: count):
    size   1 : 1320
    size   2 : 472
    size   3 : 195
    size   4 : 31
    size   5 : 5
    size   6 : 1

[Truth Clusters]  (../truthABCgoodDQ.txt)
  total                    = 1877
  size  min / max          = 1 / 6
  size  mean / median      = 1.6 / 1
  size distribution (size: count):
    size   1 : 1076
    size   2 : 538
    size   3 : 209
    size   4 : 46
    size   5 : 7
    size   6 : 1

[Distribution Match]
  cluster count diff       = 147  (predicted - truth)
  size-distribution L1     = 341

[Pair-based Metrics]
  TP                       = 934
  FP                       = 374
  FN                       = 592
  Linked Pairs (L)         = 1308
  Expected Pairs (E)       = 1526
  Precision                = 0.7141
  Recall                   = 0.6121
  F1                       = 0.6591

[Timings (seconds)]
  recursive                = 0.703
  filter                   = 0.07
  cluster                  = 0.2

========================================================================
