========================================================================
  RUN METRICS
========================================================================

[Configuration]
  blocking_mode            = default
  do_merge                 = True
  do_purge                 = False
  max_recursion_depth      = 5
  min_intra_freq           = 2
  top_k                    = 3
  tau                      = 0.2
  min_block_size           = 2
  filter_mode              = size
  weight_size              = 0.0
  weight_shared            = 0.0
  weight_tokenlen          = 0.0
  cluster_on               = final
  arcs_weighting           = uniform
  density_floor            = 0.0
  density_min_size         = 3
  arcs_factors             = {'length_weight': 0.0, 'numeric_factor': 1.0, 'word_factor': 1.0, 'density_weight': 0.0, 'density_sample_cap': 200, 'pair_sim_weight': 0.5}

[Records]
  total                    = 100
  unique                   = 100

[Predicted Clusters]
  total                    = 45
  multi-record             = 30
  singletons               = 15
  size  min / max          = 1 / 5
  size  mean / median      = 2.222 / 2
  size distribution (size: count):
    size   1 : 15
    size   2 : 14
    size   3 : 10
    size   4 : 3
    size   5 : 3

[Truth Clusters]  (../truthABCgoodDQ.txt)
  total                    = 62
  size  min / max          = 1 / 4
  size  mean / median      = 1.613 / 1.0
  size distribution (size: count):
    size   1 : 33
    size   2 : 21
    size   3 : 7
    size   4 : 1

[Distribution Match]
  cluster count diff       = -17  (predicted - truth)
  size-distribution L1     = 33

[Pair-based Metrics]
  TP                       = 48
  FP                       = 44
  FN                       = 0
  Linked Pairs (L)         = 92
  Expected Pairs (E)       = 48
  Precision                = 0.5217
  Recall                   = 1.0
  F1                       = 0.6857

[Timings (seconds)]
  recursive                = 0.038
  filter                   = 0.003
  cluster                  = 0.005

========================================================================
