========================================================================
  RUN METRICS
========================================================================

[Configuration]
  blocking_mode            = default
  do_merge                 = True
  do_purge                 = True
  max_recursion_depth      = 5
  min_intra_freq           = 2
  top_k                    = 3
  tau                      = 0.2
  min_block_size           = 2
  filter_mode              = size
  weight_size              = 0.0
  weight_shared            = 0.0
  weight_tokenlen          = 0.0
  cluster_on               = final
  arcs_weighting           = uniform
  density_floor            = 0.0
  density_min_size         = 3
  arcs_factors             = {'length_weight': 0.0, 'numeric_factor': 1.0, 'word_factor': 1.0, 'density_weight': 0.0, 'density_sample_cap': 200, 'pair_sim_weight': 0.5}

[Records]
  total                    = 5000
  unique                   = 5000

[Predicted Clusters]
  total                    = 3509
  multi-record             = 910
  singletons               = 2599
  size  min / max          = 1 / 6
  size  mean / median      = 1.425 / 1
  size distribution (size: count):
    size   1 : 2599
    size   2 : 476
    size   3 : 307
    size   4 : 111
    size   5 : 12
    size   6 : 4

[Truth Clusters]  (../truthABCgoodDQ.txt)
  total                    = 2183
  size  min / max          = 1 / 6
  size  mean / median      = 2.29 / 2
  size distribution (size: count):
    size   1 : 741
    size   2 : 597
    size   3 : 440
    size   4 : 298
    size   5 : 89
    size   6 : 18

[Distribution Match]
  cluster count diff       = 1326  (predicted - truth)
  size-distribution L1     = 2390

[Pair-based Metrics]
  TP                       = 1983
  FP                       = 260
  FN                       = 2882
  Linked Pairs (L)         = 2243
  Expected Pairs (E)       = 4865
  Precision                = 0.8841
  Recall                   = 0.4076
  F1                       = 0.558

[Timings (seconds)]
  recursive                = 0.902
  filter                   = 0.081
  cluster                  = 0.323

========================================================================
