# group=J_pair_sim_w config_id=psw=0.5
# label=pair_sim_weight=0.5
# cmd=/usr/local/bin/python recursive_algo1_2_v2.py --input ../S12PX.txt --truth-dir .. --clusters-json /home/user/blockingandEmbeddinginER/RESULTS/runs/J_pair_sim_w/psw=0.5/clusters.json --arcs-pair-sim-weight 0.5

Starting...
Loaded 6000 records
Replaced non-word characters with spaces in extracted tokens
Built token frequency dict with 14578 unique tokens
Stop-word removal: dropped 90 tokens with freq > 60
  Examples: ['CA', 'FL', 'TX', 'ST', 'DR', 'M', 'BOX', 'A', 'AVE', 'S', 'APT', 'E', 'D', 'PO', 'L']
Rebuilt token frequency dict: 14488 unique tokens remain

DF distribution percentiles (post-cleanup):
  p50=1, p90=7, p95=11, p99=24
Record-length percentiles (distinct tokens, post-cleanup):
  p50=7, p90=10, p95=10, p99=12
init_df_max derived from percentile 0.95: 11
[legacy] Mode token length: 7
[legacy] stop_k = floor(0.6 * 7) = 4
[diagnostic] Legacy heuristic stop_k(factor=0.6) = 4 (not used unless --stop-k* given)

Resolved parameters:
  init_df_max         = 11
  max_recursion_depth = 5
  min_intra_freq      = 2
  min_blk_token_len   = 4
  exclude_numeric     = True
  min_block_size      = 2
  top_k               = 3
  filter_mode         = size
  tau                 = 0.2
  arcs_weighting      = uniform
  density_floor       = 0.0 (min_size=3)
  cluster_on          = final

Creating initial blocks...
Blocking filters: min_blk_token_len=4, exclude_numeric_blocks=True, freq window=[2, 11]
Blocking gate counters (per-record token instances):
  too_short (< 4): 4375
  numeric (excluded):                17556
  freq < 2:                          3611
  freq > 11:                       9732
  kept (became block memberships):   10737
  unique blocking keys produced:     2481
Initial blocks created: 2481
[metrics] Auto-detected truth file: ../truthABCpoorDQ.txt

######################################################################
# RUN: merge=True, purge=True
######################################################################

--- depth=1, effective min_intra_freq=2, max_depth=5 (do_merge=True, do_purge=True) ---
Current number of blocks: 2481
Calling refine_blocks with min_intra_freq=2...
refine_blocks took 0.39 seconds, produced 13606 blocks
Merging blocks...
merge_blocks took 0.11 seconds, result: 6411 blocks
Purging subset blocks...
purge_subset_blocks took 0.08 seconds, dropped 4709, result: 1702 blocks

--- depth=2, effective min_intra_freq=2, max_depth=5 (do_merge=True, do_purge=True) ---
Current number of blocks: 1702
Calling refine_blocks with min_intra_freq=2...
refine_blocks took 0.25 seconds, produced 9353 blocks
Merging blocks...
merge_blocks took 0.09 seconds, result: 6249 blocks
Purging subset blocks...
purge_subset_blocks took 0.09 seconds, dropped 4547, result: 1702 blocks

--- depth=3, effective min_intra_freq=3, max_depth=5 (do_merge=True, do_purge=True) ---
Current number of blocks: 1702
Calling refine_blocks with min_intra_freq=3...
refine_blocks took 0.18 seconds, produced 3625 blocks
Merging blocks...
merge_blocks took 0.07 seconds, result: 3911 blocks
Purging subset blocks...
purge_subset_blocks took 0.05 seconds, dropped 2209, result: 1702 blocks

--- depth=4, effective min_intra_freq=4, max_depth=5 (do_merge=True, do_purge=True) ---
Current number of blocks: 1702
Calling refine_blocks with min_intra_freq=4...
refine_blocks took 0.13 seconds, produced 2218 blocks
Merging blocks...
merge_blocks took 0.04 seconds, result: 2995 blocks
Purging subset blocks...
purge_subset_blocks took 0.04 seconds, dropped 1293, result: 1702 blocks

--- depth=5, effective min_intra_freq=5, max_depth=5 (do_merge=True, do_purge=True) ---
Current number of blocks: 1702
Calling refine_blocks with min_intra_freq=5...
refine_blocks took 0.10 seconds, produced 937 blocks
Merging blocks...
merge_blocks took 0.03 seconds, result: 2362 blocks
Purging subset blocks...
purge_subset_blocks took 0.03 seconds, dropped 660, result: 1702 blocks

--- depth=6, effective min_intra_freq=6, max_depth=5 (do_merge=True, do_purge=True) ---
Current number of blocks: 1702
Stopping: depth > max_recursion_depth

Peak block count during recursion: 2481 (at depth=0)
Clustering on FINAL snapshot (1702 blocks)

Building ARCS weighted graph (weighting=uniform)...
  [pair similarity] pair_sim_weight=0.5: each pair's ARCS contribution scaled by shared_tokens / (|A| + |B| - shared_tokens)
  Graph built in 0.51s — 20535 edges
  ARCS edge-weight histogram (20535 edges, range [0.0473, 0.6762]):
    [0.0473, 0.1102): 14438
    [0.1102, 0.1731): 3177
    [0.1731, 0.2360): 1614
    [0.2360, 0.2989): 732
    [0.2989, 0.3618): 312
    [0.3618, 0.4247): 201
    [0.4247, 0.4875): 41
    [0.4875, 0.5504): 10
    [0.5504, 0.6133): 5
    [0.6133, 0.6762): 5
  Edges kept (weight >= 0.2): 1974 / 20535
  Clusters (pre-density): 905 multi-record, 3580 singletons
  Wrote 4485 clusters to /home/user/blockingandEmbeddinginER/RESULTS/runs/J_pair_sim_w/psw=0.5/clusters_m1_p1.json
  Wrote metrics JSON to /home/user/blockingandEmbeddinginER/RESULTS/runs/J_pair_sim_w/psw=0.5/clusters_m1_p1.metrics.json
  Wrote metrics log  to /home/user/blockingandEmbeddinginER/RESULTS/runs/J_pair_sim_w/psw=0.5/clusters_m1_p1.metrics.log

######################################################################
# RUN: merge=True, purge=False
######################################################################

--- depth=1, effective min_intra_freq=2, max_depth=5 (do_merge=True, do_purge=False) ---
Current number of blocks: 2481
Calling refine_blocks with min_intra_freq=2...
refine_blocks took 0.34 seconds, produced 13606 blocks
Merging blocks...
merge_blocks took 0.11 seconds, result: 6411 blocks
Skipping purge_subset_blocks (do_purge=False)

--- depth=2, effective min_intra_freq=2, max_depth=5 (do_merge=True, do_purge=False) ---
Current number of blocks: 6411
Calling refine_blocks with min_intra_freq=2...
refine_blocks took 0.59 seconds, produced 21059 blocks
Merging blocks...
merge_blocks took 0.13 seconds, result: 7132 blocks
Skipping purge_subset_blocks (do_purge=False)

--- depth=3, effective min_intra_freq=3, max_depth=5 (do_merge=True, do_purge=False) ---
Current number of blocks: 7132
Calling refine_blocks with min_intra_freq=3...
refine_blocks took 0.36 seconds, produced 6400 blocks
Merging blocks...
merge_blocks took 0.09 seconds, result: 7171 blocks
Skipping purge_subset_blocks (do_purge=False)

--- depth=4, effective min_intra_freq=4, max_depth=5 (do_merge=True, do_purge=False) ---
Current number of blocks: 7171
Calling refine_blocks with min_intra_freq=4...
refine_blocks took 0.27 seconds, produced 3324 blocks
Merging blocks...
merge_blocks took 0.09 seconds, result: 7177 blocks
Skipping purge_subset_blocks (do_purge=False)

--- depth=5, effective min_intra_freq=5, max_depth=5 (do_merge=True, do_purge=False) ---
Current number of blocks: 7177
Calling refine_blocks with min_intra_freq=5...
refine_blocks took 0.22 seconds, produced 1305 blocks
Merging blocks...
merge_blocks took 0.12 seconds, result: 7177 blocks
Skipping purge_subset_blocks (do_purge=False)

--- depth=6, effective min_intra_freq=6, max_depth=5 (do_merge=True, do_purge=False) ---
Current number of blocks: 7177
Stopping: depth > max_recursion_depth

Peak block count during recursion: 7177 (at depth=4)
Clustering on FINAL snapshot (7177 blocks)

Building ARCS weighted graph (weighting=uniform)...
  [pair similarity] pair_sim_weight=0.5: each pair's ARCS contribution scaled by shared_tokens / (|A| + |B| - shared_tokens)
  Graph built in 0.32s — 8389 edges
  ARCS edge-weight histogram (8389 edges, range [0.0593, 1.3929]):
    [0.0593, 0.1926): 2664
    [0.1926, 0.3260): 2201
    [0.3260, 0.4593): 1970
    [0.4593, 0.5927): 534
    [0.5927, 0.7261): 579
    [0.7261, 0.8594): 271
    [0.8594, 0.9928): 67
    [0.9928, 1.1261): 78
    [1.1261, 1.2595): 22
    [1.2595, 1.3929): 3
  Edges kept (weight >= 0.2): 5516 / 8389
  Clusters (pre-density): 1052 multi-record, 905 singletons
  Wrote 1957 clusters to /home/user/blockingandEmbeddinginER/RESULTS/runs/J_pair_sim_w/psw=0.5/clusters_m1_p0.json
  Wrote metrics JSON to /home/user/blockingandEmbeddinginER/RESULTS/runs/J_pair_sim_w/psw=0.5/clusters_m1_p0.metrics.json
  Wrote metrics log  to /home/user/blockingandEmbeddinginER/RESULTS/runs/J_pair_sim_w/psw=0.5/clusters_m1_p0.metrics.log

######################################################################
# RUN: merge=False, purge=True
######################################################################

--- depth=1, effective min_intra_freq=2, max_depth=5 (do_merge=False, do_purge=True) ---
Current number of blocks: 2481
Calling refine_blocks with min_intra_freq=2...
refine_blocks took 0.35 seconds, produced 13606 blocks
Skipping merge_blocks (do_merge=False); naive concat...
  result: 16087 blocks
Purging subset blocks...
purge_subset_blocks took 0.19 seconds, dropped 14385, result: 1702 blocks

--- depth=2, effective min_intra_freq=2, max_depth=5 (do_merge=False, do_purge=True) ---
Current number of blocks: 1702
Calling refine_blocks with min_intra_freq=2...
refine_blocks took 0.30 seconds, produced 10834 blocks
Skipping merge_blocks (do_merge=False); naive concat...
  result: 12536 blocks
Purging subset blocks...
purge_subset_blocks took 0.15 seconds, dropped 10834, result: 1702 blocks

--- depth=3, effective min_intra_freq=3, max_depth=5 (do_merge=False, do_purge=True) ---
Current number of blocks: 1702
Calling refine_blocks with min_intra_freq=3...
refine_blocks took 0.19 seconds, produced 4428 blocks
Skipping merge_blocks (do_merge=False); naive concat...
  result: 6130 blocks
Purging subset blocks...
purge_subset_blocks took 0.09 seconds, dropped 4428, result: 1702 blocks

--- depth=4, effective min_intra_freq=4, max_depth=5 (do_merge=False, do_purge=True) ---
Current number of blocks: 1702
Calling refine_blocks with min_intra_freq=4...
refine_blocks took 0.16 seconds, produced 2815 blocks
Skipping merge_blocks (do_merge=False); naive concat...
  result: 4517 blocks
Purging subset blocks...
purge_subset_blocks took 0.08 seconds, dropped 2815, result: 1702 blocks

--- depth=5, effective min_intra_freq=5, max_depth=5 (do_merge=False, do_purge=True) ---
Current number of blocks: 1702
Calling refine_blocks with min_intra_freq=5...
refine_blocks took 0.12 seconds, produced 1363 blocks
Skipping merge_blocks (do_merge=False); naive concat...
  result: 3065 blocks
Purging subset blocks...
purge_subset_blocks took 0.06 seconds, dropped 1363, result: 1702 blocks

--- depth=6, effective min_intra_freq=6, max_depth=5 (do_merge=False, do_purge=True) ---
Current number of blocks: 1702
Stopping: depth > max_recursion_depth

Peak block count during recursion: 2481 (at depth=0)
Clustering on FINAL snapshot (1702 blocks)

Building ARCS weighted graph (weighting=uniform)...
  [pair similarity] pair_sim_weight=0.5: each pair's ARCS contribution scaled by shared_tokens / (|A| + |B| - shared_tokens)
  Graph built in 0.47s — 20535 edges
  ARCS edge-weight histogram (20535 edges, range [0.0473, 0.6762]):
    [0.0473, 0.1102): 14438
    [0.1102, 0.1731): 3177
    [0.1731, 0.2360): 1614
    [0.2360, 0.2989): 732
    [0.2989, 0.3618): 312
    [0.3618, 0.4247): 201
    [0.4247, 0.4875): 41
    [0.4875, 0.5504): 10
    [0.5504, 0.6133): 5
    [0.6133, 0.6762): 5
  Edges kept (weight >= 0.2): 1974 / 20535
  Clusters (pre-density): 905 multi-record, 3580 singletons
  Wrote 4485 clusters to /home/user/blockingandEmbeddinginER/RESULTS/runs/J_pair_sim_w/psw=0.5/clusters_m0_p1.json
  Wrote metrics JSON to /home/user/blockingandEmbeddinginER/RESULTS/runs/J_pair_sim_w/psw=0.5/clusters_m0_p1.metrics.json
  Wrote metrics log  to /home/user/blockingandEmbeddinginER/RESULTS/runs/J_pair_sim_w/psw=0.5/clusters_m0_p1.metrics.log

######################################################################
# RUN: merge=False, purge=False
######################################################################

--- depth=1, effective min_intra_freq=2, max_depth=5 (do_merge=False, do_purge=False) ---
Current number of blocks: 2481
Calling refine_blocks with min_intra_freq=2...
refine_blocks took 0.35 seconds, produced 13606 blocks
Skipping merge_blocks (do_merge=False); naive concat...
  result: 16087 blocks
Skipping purge_subset_blocks (do_purge=False)

--- depth=2, effective min_intra_freq=2, max_depth=5 (do_merge=False, do_purge=False) ---
Current number of blocks: 16087
Calling refine_blocks with min_intra_freq=2...
refine_blocks took 1.55 seconds, produced 39432 blocks
Skipping merge_blocks (do_merge=False); naive concat...
  result: 41913 blocks
Skipping purge_subset_blocks (do_purge=False)

--- depth=3, effective min_intra_freq=3, max_depth=5 (do_merge=False, do_purge=False) ---
Current number of blocks: 41913
Calling refine_blocks with min_intra_freq=3...
refine_blocks took 1.88 seconds, produced 20244 blocks
Skipping merge_blocks (do_merge=False); naive concat...
  result: 49029 blocks
Skipping purge_subset_blocks (do_purge=False)

--- depth=4, effective min_intra_freq=4, max_depth=5 (do_merge=False, do_purge=False) ---
Current number of blocks: 49029
Calling refine_blocks with min_intra_freq=4...
refine_blocks took 1.74 seconds, produced 11983 blocks
Skipping merge_blocks (do_merge=False); naive concat...
  result: 50433 blocks
Skipping purge_subset_blocks (do_purge=False)

--- depth=5, effective min_intra_freq=5, max_depth=5 (do_merge=False, do_purge=False) ---
Current number of blocks: 50433
Calling refine_blocks with min_intra_freq=5...
refine_blocks took 1.36 seconds, produced 4509 blocks
Skipping merge_blocks (do_merge=False); naive concat...
  result: 50516 blocks
Skipping purge_subset_blocks (do_purge=False)

--- depth=6, effective min_intra_freq=6, max_depth=5 (do_merge=False, do_purge=False) ---
Current number of blocks: 50516
Stopping: depth > max_recursion_depth

Peak block count during recursion: 50516 (at depth=5)
Clustering on FINAL snapshot (50516 blocks)

Building ARCS weighted graph (weighting=uniform)...
  [pair similarity] pair_sim_weight=0.5: each pair's ARCS contribution scaled by shared_tokens / (|A| + |B| - shared_tokens)
  Graph built in 0.23s — 3191 edges
  ARCS edge-weight histogram (3191 edges, range [0.1059, 1.5000]):
    [0.1059, 0.2453): 168
    [0.2453, 0.3847): 804
    [0.3847, 0.5241): 380
    [0.5241, 0.6635): 164
    [0.6635, 0.8029): 408
    [0.8029, 0.9424): 283
    [0.9424, 1.0818): 218
    [1.0818, 1.2212): 402
    [1.2212, 1.3606): 252
    [1.3606, 1.5000): 112
  Edges kept (weight >= 0.2): 3026 / 3191
  Clusters (pre-density): 1789 multi-record, 1306 singletons
  Wrote 3095 clusters to /home/user/blockingandEmbeddinginER/RESULTS/runs/J_pair_sim_w/psw=0.5/clusters_m0_p0.json
  Wrote metrics JSON to /home/user/blockingandEmbeddinginER/RESULTS/runs/J_pair_sim_w/psw=0.5/clusters_m0_p0.metrics.json
  Wrote metrics log  to /home/user/blockingandEmbeddinginER/RESULTS/runs/J_pair_sim_w/psw=0.5/clusters_m0_p0.metrics.log


==============================================================================================================
ABLATION SUMMARY
mode=default, init_df_max=11, max_recursion_depth=5, min_intra_freq=2, tau=0.2, top_k=3, filter_mode=size, min_block_size=2, arcs_weighting=uniform, density_floor=0.0, cluster_on=final
==============================================================================================================
merge purge  blks(rec)   pairs(rec)  blks(flt)   pairs(flt)  clusters  multi  single  t_rec(s)  t_flt(s)  t_clu(s)  peak(MB)
--------------------------------------------------------------------------------------------------------------
    T     T       1702        23309       1699        22827      4485    905    3580      1.71      0.11      0.60      74.0
    T     F       7177        45531       5546        10713      1957   1052     905      2.35      0.27      0.37      77.6
    F     T       1702        23309       1699        22827      4485    905    3580      1.72      0.12      0.56      73.8
    F     F      50516       187889       5753         6178      3095   1789    1306      6.92      0.94      0.26      89.1
==============================================================================================================
