# group=H_recursion_depth config_id=d=5
# label=max_depth=5
# cmd=/usr/local/bin/python recursive_algo1_2_v2.py --input ../S8P.txt --truth-dir .. --clusters-json /home/user/blockingandEmbeddinginER/RESULTS/runs/H_recursion_depth/d=5/clusters.json --max-recursion-depth 5

Starting...
Loaded 1000 records
Replaced non-word characters with spaces in extracted tokens
Built token frequency dict with 3942 unique tokens
Stop-word removal: dropped 20 tokens with freq > 60
  Examples: ['CA', 'FL', 'BOX', 'APT', 'TX', 'PO', 'L', 'DR', 'ST', 'A', 'E', 'AVE', 'C', 'M', 'W']
Rebuilt token frequency dict: 3922 unique tokens remain

DF distribution percentiles (post-cleanup):
  p50=1, p90=5, p95=7, p99=17
Record-length percentiles (distinct tokens, post-cleanup):
  p50=9, p90=12, p95=13, p99=15
init_df_max derived from percentile 0.95: 7
[legacy] Mode token length: 8
[legacy] stop_k = floor(0.6 * 8) = 4
[diagnostic] Legacy heuristic stop_k(factor=0.6) = 4 (not used unless --stop-k* given)

Resolved parameters:
  init_df_max         = 7
  max_recursion_depth = 5
  min_intra_freq      = 2
  min_blk_token_len   = 4
  exclude_numeric     = True
  min_block_size      = 2
  top_k               = 3
  filter_mode         = size
  tau                 = 0.2
  arcs_weighting      = uniform
  density_floor       = 0.0 (min_size=3)
  cluster_on          = final

Creating initial blocks...
Blocking filters: min_blk_token_len=4, exclude_numeric_blocks=True, freq window=[2, 7]
Blocking gate counters (per-record token instances):
  too_short (< 4): 1367
  numeric (excluded):                3137
  freq < 2:                          994
  freq > 7:                       1592
  kept (became block memberships):   2400
  unique blocking keys produced:     728
Initial blocks created: 728
[metrics] Auto-detected truth file: ../truthABCpoorDQ.txt

######################################################################
# RUN: merge=True, purge=True
######################################################################

--- depth=1, effective min_intra_freq=2, max_depth=5 (do_merge=True, do_purge=True) ---
Current number of blocks: 728
Calling refine_blocks with min_intra_freq=2...
refine_blocks took 0.08 seconds, produced 3477 blocks
Merging blocks...
merge_blocks took 0.02 seconds, result: 1333 blocks
Purging subset blocks...
purge_subset_blocks took 0.01 seconds, dropped 888, result: 445 blocks

--- depth=2, effective min_intra_freq=2, max_depth=5 (do_merge=True, do_purge=True) ---
Current number of blocks: 445
Calling refine_blocks with min_intra_freq=2...
refine_blocks took 0.05 seconds, produced 2085 blocks
Merging blocks...
merge_blocks took 0.01 seconds, result: 1271 blocks
Purging subset blocks...
purge_subset_blocks took 0.01 seconds, dropped 826, result: 445 blocks

--- depth=3, effective min_intra_freq=3, max_depth=5 (do_merge=True, do_purge=True) ---
Current number of blocks: 445
Calling refine_blocks with min_intra_freq=3...
refine_blocks took 0.03 seconds, produced 619 blocks
Merging blocks...
merge_blocks took 0.01 seconds, result: 752 blocks
Purging subset blocks...
purge_subset_blocks took 0.01 seconds, dropped 307, result: 445 blocks

--- depth=4, effective min_intra_freq=4, max_depth=5 (do_merge=True, do_purge=True) ---
Current number of blocks: 445
Calling refine_blocks with min_intra_freq=4...
refine_blocks took 0.02 seconds, produced 137 blocks
Merging blocks...
merge_blocks took 0.00 seconds, result: 542 blocks
Purging subset blocks...
purge_subset_blocks took 0.01 seconds, dropped 97, result: 445 blocks

--- depth=5, effective min_intra_freq=5, max_depth=5 (do_merge=True, do_purge=True) ---
Current number of blocks: 445
Calling refine_blocks with min_intra_freq=5...
refine_blocks took 0.02 seconds, produced 31 blocks
Merging blocks...
merge_blocks took 0.00 seconds, result: 475 blocks
Purging subset blocks...
purge_subset_blocks took 0.00 seconds, dropped 30, result: 445 blocks

--- depth=6, effective min_intra_freq=6, max_depth=5 (do_merge=True, do_purge=True) ---
Current number of blocks: 445
Stopping: depth > max_recursion_depth

Peak block count during recursion: 728 (at depth=0)
Clustering on FINAL snapshot (445 blocks)

Building ARCS weighted graph (weighting=uniform)...
  [pair similarity] pair_sim_weight=1.0: each pair's ARCS contribution scaled by shared_tokens / (|A| + |B| - shared_tokens)
  Graph built in 0.06s — 2598 edges
  ARCS edge-weight histogram (2598 edges, range [0.0053, 0.5396]):
    [0.0053, 0.0587): 1866
    [0.0587, 0.1121): 330
    [0.1121, 0.1656): 160
    [0.1656, 0.2190): 123
    [0.2190, 0.2724): 60
    [0.2724, 0.3259): 23
    [0.3259, 0.3793): 23
    [0.3793, 0.4327): 3
    [0.4327, 0.4862): 9
    [0.4862, 0.5396): 1
  Edges kept (weight >= 0.2): 151 / 2598
  Clusters (pre-density): 116 multi-record, 740 singletons
  Wrote 856 clusters to /home/user/blockingandEmbeddinginER/RESULTS/runs/H_recursion_depth/d=5/clusters_m1_p1.json
  Wrote metrics JSON to /home/user/blockingandEmbeddinginER/RESULTS/runs/H_recursion_depth/d=5/clusters_m1_p1.metrics.json
  Wrote metrics log  to /home/user/blockingandEmbeddinginER/RESULTS/runs/H_recursion_depth/d=5/clusters_m1_p1.metrics.log

######################################################################
# RUN: merge=True, purge=False
######################################################################

--- depth=1, effective min_intra_freq=2, max_depth=5 (do_merge=True, do_purge=False) ---
Current number of blocks: 728
Calling refine_blocks with min_intra_freq=2...
refine_blocks took 0.08 seconds, produced 3477 blocks
Merging blocks...
merge_blocks took 0.02 seconds, result: 1333 blocks
Skipping purge_subset_blocks (do_purge=False)

--- depth=2, effective min_intra_freq=2, max_depth=5 (do_merge=True, do_purge=False) ---
Current number of blocks: 1333
Calling refine_blocks with min_intra_freq=2...
refine_blocks took 0.09 seconds, produced 3633 blocks
Merging blocks...
merge_blocks took 0.02 seconds, result: 1367 blocks
Skipping purge_subset_blocks (do_purge=False)

--- depth=3, effective min_intra_freq=3, max_depth=5 (do_merge=True, do_purge=False) ---
Current number of blocks: 1367
Calling refine_blocks with min_intra_freq=3...
refine_blocks took 0.05 seconds, produced 743 blocks
Merging blocks...
merge_blocks took 0.01 seconds, result: 1367 blocks
Skipping purge_subset_blocks (do_purge=False)

--- depth=4, effective min_intra_freq=4, max_depth=5 (do_merge=True, do_purge=False) ---
Current number of blocks: 1367
Calling refine_blocks with min_intra_freq=4...
refine_blocks took 0.04 seconds, produced 150 blocks
Merging blocks...
merge_blocks took 0.01 seconds, result: 1367 blocks
Skipping purge_subset_blocks (do_purge=False)

--- depth=5, effective min_intra_freq=5, max_depth=5 (do_merge=True, do_purge=False) ---
Current number of blocks: 1367
Calling refine_blocks with min_intra_freq=5...
refine_blocks took 0.04 seconds, produced 31 blocks
Merging blocks...
merge_blocks took 0.02 seconds, result: 1367 blocks
Skipping purge_subset_blocks (do_purge=False)

--- depth=6, effective min_intra_freq=6, max_depth=5 (do_merge=True, do_purge=False) ---
Current number of blocks: 1367
Stopping: depth > max_recursion_depth

Peak block count during recursion: 1367 (at depth=2)
Clustering on FINAL snapshot (1367 blocks)

Building ARCS weighted graph (weighting=uniform)...
  [pair similarity] pair_sim_weight=1.0: each pair's ARCS contribution scaled by shared_tokens / (|A| + |B| - shared_tokens)
  Graph built in 0.05s — 1282 edges
  ARCS edge-weight histogram (1282 edges, range [0.0083, 1.1667]):
    [0.0083, 0.1242): 694
    [0.1242, 0.2400): 260
    [0.2400, 0.3558): 153
    [0.3558, 0.4717): 85
    [0.4717, 0.5875): 57
    [0.5875, 0.7033): 19
    [0.7033, 0.8192): 6
    [0.8192, 0.9350): 3
    [0.9350, 1.0508): 2
    [1.0508, 1.1667): 3
  Edges kept (weight >= 0.2): 410 / 1282
  Clusters (pre-density): 241 multi-record, 393 singletons
  Wrote 634 clusters to /home/user/blockingandEmbeddinginER/RESULTS/runs/H_recursion_depth/d=5/clusters_m1_p0.json
  Wrote metrics JSON to /home/user/blockingandEmbeddinginER/RESULTS/runs/H_recursion_depth/d=5/clusters_m1_p0.metrics.json
  Wrote metrics log  to /home/user/blockingandEmbeddinginER/RESULTS/runs/H_recursion_depth/d=5/clusters_m1_p0.metrics.log

######################################################################
# RUN: merge=False, purge=True
######################################################################

--- depth=1, effective min_intra_freq=2, max_depth=5 (do_merge=False, do_purge=True) ---
Current number of blocks: 728
Calling refine_blocks with min_intra_freq=2...
refine_blocks took 0.08 seconds, produced 3477 blocks
Skipping merge_blocks (do_merge=False); naive concat...
  result: 4205 blocks
Purging subset blocks...
purge_subset_blocks took 0.04 seconds, dropped 3760, result: 445 blocks

--- depth=2, effective min_intra_freq=2, max_depth=5 (do_merge=False, do_purge=True) ---
Current number of blocks: 445
Calling refine_blocks with min_intra_freq=2...
refine_blocks took 0.06 seconds, produced 2542 blocks
Skipping merge_blocks (do_merge=False); naive concat...
  result: 2987 blocks
Purging subset blocks...
purge_subset_blocks took 0.03 seconds, dropped 2542, result: 445 blocks

--- depth=3, effective min_intra_freq=3, max_depth=5 (do_merge=False, do_purge=True) ---
Current number of blocks: 445
Calling refine_blocks with min_intra_freq=3...
refine_blocks took 0.03 seconds, produced 870 blocks
Skipping merge_blocks (do_merge=False); naive concat...
  result: 1315 blocks
Purging subset blocks...
purge_subset_blocks took 0.01 seconds, dropped 870, result: 445 blocks

--- depth=4, effective min_intra_freq=4, max_depth=5 (do_merge=False, do_purge=True) ---
Current number of blocks: 445
Calling refine_blocks with min_intra_freq=4...
refine_blocks took 0.02 seconds, produced 230 blocks
Skipping merge_blocks (do_merge=False); naive concat...
  result: 675 blocks
Purging subset blocks...
purge_subset_blocks took 0.01 seconds, dropped 230, result: 445 blocks

--- depth=5, effective min_intra_freq=5, max_depth=5 (do_merge=False, do_purge=True) ---
Current number of blocks: 445
Calling refine_blocks with min_intra_freq=5...
refine_blocks took 0.02 seconds, produced 88 blocks
Skipping merge_blocks (do_merge=False); naive concat...
  result: 533 blocks
Purging subset blocks...
purge_subset_blocks took 0.01 seconds, dropped 88, result: 445 blocks

--- depth=6, effective min_intra_freq=6, max_depth=5 (do_merge=False, do_purge=True) ---
Current number of blocks: 445
Stopping: depth > max_recursion_depth

Peak block count during recursion: 728 (at depth=0)
Clustering on FINAL snapshot (445 blocks)

Building ARCS weighted graph (weighting=uniform)...
  [pair similarity] pair_sim_weight=1.0: each pair's ARCS contribution scaled by shared_tokens / (|A| + |B| - shared_tokens)
  Graph built in 0.06s — 2598 edges
  ARCS edge-weight histogram (2598 edges, range [0.0053, 0.5396]):
    [0.0053, 0.0587): 1866
    [0.0587, 0.1121): 330
    [0.1121, 0.1656): 160
    [0.1656, 0.2190): 123
    [0.2190, 0.2724): 60
    [0.2724, 0.3259): 23
    [0.3259, 0.3793): 23
    [0.3793, 0.4327): 3
    [0.4327, 0.4862): 9
    [0.4862, 0.5396): 1
  Edges kept (weight >= 0.2): 151 / 2598
  Clusters (pre-density): 116 multi-record, 740 singletons
  Wrote 856 clusters to /home/user/blockingandEmbeddinginER/RESULTS/runs/H_recursion_depth/d=5/clusters_m0_p1.json
  Wrote metrics JSON to /home/user/blockingandEmbeddinginER/RESULTS/runs/H_recursion_depth/d=5/clusters_m0_p1.metrics.json
  Wrote metrics log  to /home/user/blockingandEmbeddinginER/RESULTS/runs/H_recursion_depth/d=5/clusters_m0_p1.metrics.log

######################################################################
# RUN: merge=False, purge=False
######################################################################

--- depth=1, effective min_intra_freq=2, max_depth=5 (do_merge=False, do_purge=False) ---
Current number of blocks: 728
Calling refine_blocks with min_intra_freq=2...
refine_blocks took 0.08 seconds, produced 3477 blocks
Skipping merge_blocks (do_merge=False); naive concat...
  result: 4205 blocks
Skipping purge_subset_blocks (do_purge=False)

--- depth=2, effective min_intra_freq=2, max_depth=5 (do_merge=False, do_purge=False) ---
Current number of blocks: 4205
Calling refine_blocks with min_intra_freq=2...
refine_blocks took 0.35 seconds, produced 10203 blocks
Skipping merge_blocks (do_merge=False); naive concat...
  result: 10931 blocks
Skipping purge_subset_blocks (do_purge=False)

--- depth=3, effective min_intra_freq=3, max_depth=5 (do_merge=False, do_purge=False) ---
Current number of blocks: 10931
Calling refine_blocks with min_intra_freq=3...
refine_blocks took 0.38 seconds, produced 4059 blocks
Skipping merge_blocks (do_merge=False); naive concat...
  result: 12277 blocks
Skipping purge_subset_blocks (do_purge=False)

--- depth=4, effective min_intra_freq=4, max_depth=5 (do_merge=False, do_purge=False) ---
Current number of blocks: 12277
Calling refine_blocks with min_intra_freq=4...
refine_blocks took 0.30 seconds, produced 803 blocks
Skipping merge_blocks (do_merge=False); naive concat...
  result: 12363 blocks
Skipping purge_subset_blocks (do_purge=False)

--- depth=5, effective min_intra_freq=5, max_depth=5 (do_merge=False, do_purge=False) ---
Current number of blocks: 12363
Calling refine_blocks with min_intra_freq=5...
refine_blocks took 0.26 seconds, produced 201 blocks
Skipping merge_blocks (do_merge=False); naive concat...
  result: 12364 blocks
Skipping purge_subset_blocks (do_purge=False)

--- depth=6, effective min_intra_freq=6, max_depth=5 (do_merge=False, do_purge=False) ---
Current number of blocks: 12364
Stopping: depth > max_recursion_depth

Peak block count during recursion: 12364 (at depth=5)
Clustering on FINAL snapshot (12364 blocks)

Building ARCS weighted graph (weighting=uniform)...
  [pair similarity] pair_sim_weight=1.0: each pair's ARCS contribution scaled by shared_tokens / (|A| + |B| - shared_tokens)
  Graph built in 0.04s — 562 edges
  ARCS edge-weight histogram (562 edges, range [0.0179, 1.5000]):
    [0.0179, 0.1661): 192
    [0.1661, 0.3143): 108
    [0.3143, 0.4625): 64
    [0.4625, 0.6107): 61
    [0.6107, 0.7589): 55
    [0.7589, 0.9071): 44
    [0.9071, 1.0554): 18
    [1.0554, 1.2036): 10
    [1.2036, 1.3518): 8
    [1.3518, 1.5000): 2
  Edges kept (weight >= 0.2): 351 / 562
  Clusters (pre-density): 292 multi-record, 366 singletons
  Wrote 658 clusters to /home/user/blockingandEmbeddinginER/RESULTS/runs/H_recursion_depth/d=5/clusters_m0_p0.json
  Wrote metrics JSON to /home/user/blockingandEmbeddinginER/RESULTS/runs/H_recursion_depth/d=5/clusters_m0_p0.metrics.json
  Wrote metrics log  to /home/user/blockingandEmbeddinginER/RESULTS/runs/H_recursion_depth/d=5/clusters_m0_p0.metrics.log


==============================================================================================================
ABLATION SUMMARY
mode=default, init_df_max=7, max_recursion_depth=5, min_intra_freq=2, tau=0.2, top_k=3, filter_mode=size, min_block_size=2, arcs_weighting=uniform, density_floor=0.0, cluster_on=final
==============================================================================================================
merge purge  blks(rec)   pairs(rec)  blks(flt)   pairs(flt)  clusters  multi  single  t_rec(s)  t_flt(s)  t_clu(s)  peak(MB)
--------------------------------------------------------------------------------------------------------------
    T     T        445         2996        436         2891       856    116     740      0.29      0.02      0.07      72.0
    T     F       1367         4980       1040         1611       634    241     393      0.39      0.04      0.06      72.5
    F     T        445         2996        436         2891       856    116     740      0.31      0.02      0.07      71.8
    F     F      12364        26984        980         1024       658    292     366      1.38      0.18      0.04      74.9
==============================================================================================================
