========================================================================
  RUN METRICS
========================================================================

[Configuration]
  blocking_mode            = default
  do_merge                 = False
  do_purge                 = True
  max_recursion_depth      = 5
  min_intra_freq           = 2
  top_k                    = 3
  tau                      = 0.2
  min_block_size           = 2
  filter_mode              = composite
  weight_size              = 1.0
  weight_shared            = 1.0
  weight_tokenlen          = 0.0
  cluster_on               = final
  arcs_weighting           = uniform
  density_floor            = 0.0
  density_min_size         = 3
  arcs_factors             = {'length_weight': 0.0, 'numeric_factor': 1.0, 'word_factor': 1.0, 'density_weight': 0.0, 'density_sample_cap': 200, 'pair_sim_weight': 1.0}

[Records]
  total                    = 3004
  unique                   = 3004

[Predicted Clusters]
  total                    = 2320
  multi-record             = 531
  singletons               = 1789
  size  min / max          = 1 / 5
  size  mean / median      = 1.295 / 1.0
  size distribution (size: count):
    size   1 : 1789
    size   2 : 394
    size   3 : 122
    size   4 : 14
    size   5 : 1

[Truth Clusters]  (../truthABCgoodDQ.txt)
  total                    = 1877
  size  min / max          = 1 / 6
  size  mean / median      = 1.6 / 1
  size distribution (size: count):
    size   1 : 1076
    size   2 : 538
    size   3 : 209
    size   4 : 46
    size   5 : 7
    size   6 : 1

[Distribution Match]
  cluster count diff       = 443  (predicted - truth)
  size-distribution L1     = 983

[Pair-based Metrics]
  TP                       = 838
  FP                       = 16
  FN                       = 688
  Linked Pairs (L)         = 854
  Expected Pairs (E)       = 1526
  Precision                = 0.9813
  Recall                   = 0.5491
  F1                       = 0.7042

[Timings (seconds)]
  recursive                = 0.735
  filter                   = 0.075
  cluster                  = 0.205

========================================================================
