# group=C_composite config_id=w=size_shared
# label=composite/size_shared
# cmd=/usr/local/bin/python recursive_algo1_2_v2.py --input ../S12PX.txt --truth-dir .. --clusters-json /home/user/blockingandEmbeddinginER/RESULTS/runs/C_composite/w=size_shared/clusters.json --filter-mode composite --filter-weight-size 1.0 --filter-weight-shared 1.0 --filter-weight-tokenlen 0.0

Starting...
Loaded 6000 records
Replaced non-word characters with spaces in extracted tokens
Built token frequency dict with 14578 unique tokens
Stop-word removal: dropped 90 tokens with freq > 60
  Examples: ['CA', 'FL', 'TX', 'ST', 'DR', 'M', 'BOX', 'A', 'AVE', 'S', 'APT', 'E', 'D', 'PO', 'L']
Rebuilt token frequency dict: 14488 unique tokens remain

DF distribution percentiles (post-cleanup):
  p50=1, p90=7, p95=11, p99=24
Record-length percentiles (distinct tokens, post-cleanup):
  p50=7, p90=10, p95=10, p99=12
init_df_max derived from percentile 0.95: 11
[legacy] Mode token length: 7
[legacy] stop_k = floor(0.6 * 7) = 4
[diagnostic] Legacy heuristic stop_k(factor=0.6) = 4 (not used unless --stop-k* given)

Resolved parameters:
  init_df_max         = 11
  max_recursion_depth = 5
  min_intra_freq      = 2
  min_blk_token_len   = 4
  exclude_numeric     = True
  min_block_size      = 2
  top_k               = 3
  filter_mode         = composite
  tau                 = 0.2
  arcs_weighting      = uniform
  density_floor       = 0.0 (min_size=3)
  cluster_on          = final

Creating initial blocks...
Blocking filters: min_blk_token_len=4, exclude_numeric_blocks=True, freq window=[2, 11]
Blocking gate counters (per-record token instances):
  too_short (< 4): 4375
  numeric (excluded):                17556
  freq < 2:                          3611
  freq > 11:                       9732
  kept (became block memberships):   10737
  unique blocking keys produced:     2481
Initial blocks created: 2481
[metrics] Auto-detected truth file: ../truthABCpoorDQ.txt

######################################################################
# RUN: merge=True, purge=True
######################################################################

--- depth=1, effective min_intra_freq=2, max_depth=5 (do_merge=True, do_purge=True) ---
Current number of blocks: 2481
Calling refine_blocks with min_intra_freq=2...
refine_blocks took 0.36 seconds, produced 13606 blocks
Merging blocks...
merge_blocks took 0.10 seconds, result: 6411 blocks
Purging subset blocks...
purge_subset_blocks took 0.08 seconds, dropped 4709, result: 1702 blocks

--- depth=2, effective min_intra_freq=2, max_depth=5 (do_merge=True, do_purge=True) ---
Current number of blocks: 1702
Calling refine_blocks with min_intra_freq=2...
refine_blocks took 0.27 seconds, produced 9353 blocks
Merging blocks...
merge_blocks took 0.08 seconds, result: 6249 blocks
Purging subset blocks...
purge_subset_blocks took 0.07 seconds, dropped 4547, result: 1702 blocks

--- depth=3, effective min_intra_freq=3, max_depth=5 (do_merge=True, do_purge=True) ---
Current number of blocks: 1702
Calling refine_blocks with min_intra_freq=3...
refine_blocks took 0.15 seconds, produced 3625 blocks
Merging blocks...
merge_blocks took 0.06 seconds, result: 3911 blocks
Purging subset blocks...
purge_subset_blocks took 0.05 seconds, dropped 2209, result: 1702 blocks

--- depth=4, effective min_intra_freq=4, max_depth=5 (do_merge=True, do_purge=True) ---
Current number of blocks: 1702
Calling refine_blocks with min_intra_freq=4...
refine_blocks took 0.13 seconds, produced 2218 blocks
Merging blocks...
merge_blocks took 0.04 seconds, result: 2995 blocks
Purging subset blocks...
purge_subset_blocks took 0.04 seconds, dropped 1293, result: 1702 blocks

--- depth=5, effective min_intra_freq=5, max_depth=5 (do_merge=True, do_purge=True) ---
Current number of blocks: 1702
Calling refine_blocks with min_intra_freq=5...
refine_blocks took 0.09 seconds, produced 937 blocks
Merging blocks...
merge_blocks took 0.03 seconds, result: 2362 blocks
Purging subset blocks...
purge_subset_blocks took 0.03 seconds, dropped 660, result: 1702 blocks

--- depth=6, effective min_intra_freq=6, max_depth=5 (do_merge=True, do_purge=True) ---
Current number of blocks: 1702
Stopping: depth > max_recursion_depth

Peak block count during recursion: 2481 (at depth=0)
Clustering on FINAL snapshot (1702 blocks)

Building ARCS weighted graph (weighting=uniform)...
  [pair similarity] pair_sim_weight=1.0: each pair's ARCS contribution scaled by shared_tokens / (|A| + |B| - shared_tokens)
  Graph built in 0.45s — 20538 edges
  ARCS edge-weight histogram (20538 edges, range [0.0038, 0.6762]):
    [0.0038, 0.0710): 16172
    [0.0710, 0.1383): 2598
    [0.1383, 0.2055): 1132
    [0.2055, 0.2727): 404
    [0.2727, 0.3400): 166
    [0.3400, 0.4072): 47
    [0.4072, 0.4745): 11
    [0.4745, 0.5417): 3
    [0.5417, 0.6090): 2
    [0.6090, 0.6762): 3
  Edges kept (weight >= 0.2): 693 / 20538
  Clusters (pre-density): 501 multi-record, 4872 singletons
  Wrote 5373 clusters to /home/user/blockingandEmbeddinginER/RESULTS/runs/C_composite/w=size_shared/clusters_m1_p1.json
  Wrote metrics JSON to /home/user/blockingandEmbeddinginER/RESULTS/runs/C_composite/w=size_shared/clusters_m1_p1.metrics.json
  Wrote metrics log  to /home/user/blockingandEmbeddinginER/RESULTS/runs/C_composite/w=size_shared/clusters_m1_p1.metrics.log

######################################################################
# RUN: merge=True, purge=False
######################################################################

--- depth=1, effective min_intra_freq=2, max_depth=5 (do_merge=True, do_purge=False) ---
Current number of blocks: 2481
Calling refine_blocks with min_intra_freq=2...
refine_blocks took 0.34 seconds, produced 13606 blocks
Merging blocks...
merge_blocks took 0.11 seconds, result: 6411 blocks
Skipping purge_subset_blocks (do_purge=False)

--- depth=2, effective min_intra_freq=2, max_depth=5 (do_merge=True, do_purge=False) ---
Current number of blocks: 6411
Calling refine_blocks with min_intra_freq=2...
refine_blocks took 0.59 seconds, produced 21059 blocks
Merging blocks...
merge_blocks took 0.13 seconds, result: 7132 blocks
Skipping purge_subset_blocks (do_purge=False)

--- depth=3, effective min_intra_freq=3, max_depth=5 (do_merge=True, do_purge=False) ---
Current number of blocks: 7132
Calling refine_blocks with min_intra_freq=3...
refine_blocks took 0.36 seconds, produced 6400 blocks
Merging blocks...
merge_blocks took 0.10 seconds, result: 7171 blocks
Skipping purge_subset_blocks (do_purge=False)

--- depth=4, effective min_intra_freq=4, max_depth=5 (do_merge=True, do_purge=False) ---
Current number of blocks: 7171
Calling refine_blocks with min_intra_freq=4...
refine_blocks took 0.28 seconds, produced 3324 blocks
Merging blocks...
merge_blocks took 0.09 seconds, result: 7177 blocks
Skipping purge_subset_blocks (do_purge=False)

--- depth=5, effective min_intra_freq=5, max_depth=5 (do_merge=True, do_purge=False) ---
Current number of blocks: 7177
Calling refine_blocks with min_intra_freq=5...
refine_blocks took 0.23 seconds, produced 1305 blocks
Merging blocks...
merge_blocks took 0.09 seconds, result: 7177 blocks
Skipping purge_subset_blocks (do_purge=False)

--- depth=6, effective min_intra_freq=6, max_depth=5 (do_merge=True, do_purge=False) ---
Current number of blocks: 7177
Stopping: depth > max_recursion_depth

Peak block count during recursion: 7177 (at depth=4)
Clustering on FINAL snapshot (7177 blocks)

Building ARCS weighted graph (weighting=uniform)...
  [pair similarity] pair_sim_weight=1.0: each pair's ARCS contribution scaled by shared_tokens / (|A| + |B| - shared_tokens)
  Graph built in 0.33s — 8456 edges
  ARCS edge-weight histogram (8456 edges, range [0.0065, 1.1667]):
    [0.0065, 0.1225): 3544
    [0.1225, 0.2385): 2279
    [0.2385, 0.3545): 1063
    [0.3545, 0.4706): 684
    [0.4706, 0.5866): 473
    [0.5866, 0.7026): 226
    [0.7026, 0.8186): 75
    [0.8186, 0.9346): 45
    [0.9346, 1.0506): 38
    [1.0506, 1.1667): 29
  Edges kept (weight >= 0.2): 3329 / 8456
  Clusters (pre-density): 1294 multi-record, 1942 singletons
  Wrote 3236 clusters to /home/user/blockingandEmbeddinginER/RESULTS/runs/C_composite/w=size_shared/clusters_m1_p0.json
  Wrote metrics JSON to /home/user/blockingandEmbeddinginER/RESULTS/runs/C_composite/w=size_shared/clusters_m1_p0.metrics.json
  Wrote metrics log  to /home/user/blockingandEmbeddinginER/RESULTS/runs/C_composite/w=size_shared/clusters_m1_p0.metrics.log

######################################################################
# RUN: merge=False, purge=True
######################################################################

--- depth=1, effective min_intra_freq=2, max_depth=5 (do_merge=False, do_purge=True) ---
Current number of blocks: 2481
Calling refine_blocks with min_intra_freq=2...
refine_blocks took 0.34 seconds, produced 13606 blocks
Skipping merge_blocks (do_merge=False); naive concat...
  result: 16087 blocks
Purging subset blocks...
purge_subset_blocks took 0.18 seconds, dropped 14385, result: 1702 blocks

--- depth=2, effective min_intra_freq=2, max_depth=5 (do_merge=False, do_purge=True) ---
Current number of blocks: 1702
Calling refine_blocks with min_intra_freq=2...
refine_blocks took 0.27 seconds, produced 10834 blocks
Skipping merge_blocks (do_merge=False); naive concat...
  result: 12536 blocks
Purging subset blocks...
purge_subset_blocks took 0.14 seconds, dropped 10834, result: 1702 blocks

--- depth=3, effective min_intra_freq=3, max_depth=5 (do_merge=False, do_purge=True) ---
Current number of blocks: 1702
Calling refine_blocks with min_intra_freq=3...
refine_blocks took 0.20 seconds, produced 4428 blocks
Skipping merge_blocks (do_merge=False); naive concat...
  result: 6130 blocks
Purging subset blocks...
purge_subset_blocks took 0.08 seconds, dropped 4428, result: 1702 blocks

--- depth=4, effective min_intra_freq=4, max_depth=5 (do_merge=False, do_purge=True) ---
Current number of blocks: 1702
Calling refine_blocks with min_intra_freq=4...
refine_blocks took 0.15 seconds, produced 2815 blocks
Skipping merge_blocks (do_merge=False); naive concat...
  result: 4517 blocks
Purging subset blocks...
purge_subset_blocks took 0.07 seconds, dropped 2815, result: 1702 blocks

--- depth=5, effective min_intra_freq=5, max_depth=5 (do_merge=False, do_purge=True) ---
Current number of blocks: 1702
Calling refine_blocks with min_intra_freq=5...
refine_blocks took 0.12 seconds, produced 1363 blocks
Skipping merge_blocks (do_merge=False); naive concat...
  result: 3065 blocks
Purging subset blocks...
purge_subset_blocks took 0.05 seconds, dropped 1363, result: 1702 blocks

--- depth=6, effective min_intra_freq=6, max_depth=5 (do_merge=False, do_purge=True) ---
Current number of blocks: 1702
Stopping: depth > max_recursion_depth

Peak block count during recursion: 2481 (at depth=0)
Clustering on FINAL snapshot (1702 blocks)

Building ARCS weighted graph (weighting=uniform)...
  [pair similarity] pair_sim_weight=1.0: each pair's ARCS contribution scaled by shared_tokens / (|A| + |B| - shared_tokens)
  Graph built in 0.46s — 20535 edges
  ARCS edge-weight histogram (20535 edges, range [0.0038, 0.6762]):
    [0.0038, 0.0710): 16168
    [0.0710, 0.1383): 2599
    [0.1383, 0.2055): 1132
    [0.2055, 0.2727): 404
    [0.2727, 0.3400): 166
    [0.3400, 0.4072): 47
    [0.4072, 0.4745): 11
    [0.4745, 0.5417): 3
    [0.5417, 0.6090): 2
    [0.6090, 0.6762): 3
  Edges kept (weight >= 0.2): 694 / 20535
  Clusters (pre-density): 501 multi-record, 4871 singletons
  Wrote 5372 clusters to /home/user/blockingandEmbeddinginER/RESULTS/runs/C_composite/w=size_shared/clusters_m0_p1.json
  Wrote metrics JSON to /home/user/blockingandEmbeddinginER/RESULTS/runs/C_composite/w=size_shared/clusters_m0_p1.metrics.json
  Wrote metrics log  to /home/user/blockingandEmbeddinginER/RESULTS/runs/C_composite/w=size_shared/clusters_m0_p1.metrics.log

######################################################################
# RUN: merge=False, purge=False
######################################################################

--- depth=1, effective min_intra_freq=2, max_depth=5 (do_merge=False, do_purge=False) ---
Current number of blocks: 2481
Calling refine_blocks with min_intra_freq=2...
refine_blocks took 0.34 seconds, produced 13606 blocks
Skipping merge_blocks (do_merge=False); naive concat...
  result: 16087 blocks
Skipping purge_subset_blocks (do_purge=False)

--- depth=2, effective min_intra_freq=2, max_depth=5 (do_merge=False, do_purge=False) ---
Current number of blocks: 16087
Calling refine_blocks with min_intra_freq=2...
refine_blocks took 1.56 seconds, produced 39432 blocks
Skipping merge_blocks (do_merge=False); naive concat...
  result: 41913 blocks
Skipping purge_subset_blocks (do_purge=False)

--- depth=3, effective min_intra_freq=3, max_depth=5 (do_merge=False, do_purge=False) ---
Current number of blocks: 41913
Calling refine_blocks with min_intra_freq=3...
refine_blocks took 1.84 seconds, produced 20244 blocks
Skipping merge_blocks (do_merge=False); naive concat...
  result: 49029 blocks
Skipping purge_subset_blocks (do_purge=False)

--- depth=4, effective min_intra_freq=4, max_depth=5 (do_merge=False, do_purge=False) ---
Current number of blocks: 49029
Calling refine_blocks with min_intra_freq=4...
refine_blocks took 1.75 seconds, produced 11983 blocks
Skipping merge_blocks (do_merge=False); naive concat...
  result: 50433 blocks
Skipping purge_subset_blocks (do_purge=False)

--- depth=5, effective min_intra_freq=5, max_depth=5 (do_merge=False, do_purge=False) ---
Current number of blocks: 50433
Calling refine_blocks with min_intra_freq=5...
refine_blocks took 1.35 seconds, produced 4509 blocks
Skipping merge_blocks (do_merge=False); naive concat...
  result: 50516 blocks
Skipping purge_subset_blocks (do_purge=False)

--- depth=6, effective min_intra_freq=6, max_depth=5 (do_merge=False, do_purge=False) ---
Current number of blocks: 50516
Stopping: depth > max_recursion_depth

Peak block count during recursion: 50516 (at depth=5)
Clustering on FINAL snapshot (50516 blocks)

Building ARCS weighted graph (weighting=uniform)...
  [pair similarity] pair_sim_weight=1.0: each pair's ARCS contribution scaled by shared_tokens / (|A| + |B| - shared_tokens)
  Graph built in 0.28s — 4905 edges
  ARCS edge-weight histogram (4905 edges, range [0.0118, 1.5000]):
    [0.0118, 0.1606): 1593
    [0.1606, 0.3094): 700
    [0.3094, 0.4582): 699
    [0.4582, 0.6071): 880
    [0.6071, 0.7559): 616
    [0.7559, 0.9047): 228
    [0.9047, 1.0535): 115
    [1.0535, 1.2024): 49
    [1.2024, 1.3512): 19
    [1.3512, 1.5000): 6
  Edges kept (weight >= 0.2): 2979 / 4905
  Clusters (pre-density): 1502 multi-record, 2185 singletons
  Wrote 3687 clusters to /home/user/blockingandEmbeddinginER/RESULTS/runs/C_composite/w=size_shared/clusters_m0_p0.json
  Wrote metrics JSON to /home/user/blockingandEmbeddinginER/RESULTS/runs/C_composite/w=size_shared/clusters_m0_p0.metrics.json
  Wrote metrics log  to /home/user/blockingandEmbeddinginER/RESULTS/runs/C_composite/w=size_shared/clusters_m0_p0.metrics.log


==============================================================================================================
ABLATION SUMMARY
mode=default, init_df_max=11, max_recursion_depth=5, min_intra_freq=2, tau=0.2, top_k=3, filter_mode=composite, min_block_size=2, arcs_weighting=uniform, density_floor=0.0, cluster_on=final
==============================================================================================================
merge purge  blks(rec)   pairs(rec)  blks(flt)   pairs(flt)  clusters  multi  single  t_rec(s)  t_flt(s)  t_clu(s)  peak(MB)
--------------------------------------------------------------------------------------------------------------
    T     T       1702        23309       1699        22830      5373    501    4872      1.60      0.12      0.53      73.9
    T     F       7177        45531       5315        11119      3236   1294    1942      2.35      0.31      0.37      77.0
    F     T       1702        23309       1699        22827      5372    501    4871      1.63      0.12      0.54      73.8
    F     F      50516       187889       4860         9810      3687   1502    2185      6.89      1.16      0.31      88.3
==============================================================================================================
