========================================================================
  RUN METRICS
========================================================================

[Configuration]
  blocking_mode            = default
  do_merge                 = False
  do_purge                 = False
  max_recursion_depth      = 5
  min_intra_freq           = 2
  top_k                    = 3
  tau                      = 0.2
  min_block_size           = 2
  cluster_on               = final
  arcs_weighting           = uniform
  density_floor            = 0.0
  density_min_size         = 3
  arcs_factors             = {'length_weight': 0.0, 'numeric_factor': 1.0, 'word_factor': 1.0, 'density_weight': 0.0, 'density_sample_cap': 200}

[Records]
  total                    = 100
  unique                   = 100

[Predicted Clusters]
  total                    = 54
  multi-record             = 34
  singletons               = 20
  size  min / max          = 1 / 4
  size  mean / median      = 1.852 / 2.0
  size distribution (size: count):
    size   1 : 20
    size   2 : 24
    size   3 : 8
    size   4 : 2

[Truth Clusters]  (../truthABCgoodDQ.txt)
  total                    = 62
  size  min / max          = 1 / 4
  size  mean / median      = 1.613 / 1.0
  size distribution (size: count):
    size   1 : 33
    size   2 : 21
    size   3 : 7
    size   4 : 1

[Distribution Match]
  cluster count diff       = -8  (predicted - truth)
  size-distribution L1     = 18

[Pair-based Metrics]
  TP                       = 46
  FP                       = 14
  FN                       = 2
  Linked Pairs (L)         = 60
  Expected Pairs (E)       = 48
  Precision                = 0.7667
  Recall                   = 0.9583
  F1                       = 0.8519

[Timings (seconds)]
  recursive                = 0.421
  filter                   = 0.012
  cluster                  = 0.003

========================================================================
