========================================================================
  RUN METRICS
========================================================================

[Configuration]
  blocking_mode            = default
  do_merge                 = True
  do_purge                 = True
  max_recursion_depth      = 5
  min_intra_freq           = 2
  top_k                    = 3
  tau                      = 0.2
  min_block_size           = 2
  cluster_on               = final
  arcs_weighting           = uniform
  density_floor            = 0.0
  density_min_size         = 3
  arcs_factors             = {'length_weight': 0.0, 'numeric_factor': 1.0, 'word_factor': 1.0, 'density_weight': 0.0, 'density_sample_cap': 200}

[Records]
  total                    = 100
  unique                   = 100

[Predicted Clusters]
  total                    = 41
  multi-record             = 22
  singletons               = 19
  size  min / max          = 1 / 13
  size  mean / median      = 2.439 / 2
  size distribution (size: count):
    size   1 : 19
    size   2 : 7
    size   3 : 6
    size   4 : 4
    size   5 : 4
    size  13 : 1

[Truth Clusters]  (../truthABCgoodDQ.txt)
  total                    = 62
  size  min / max          = 1 / 4
  size  mean / median      = 1.613 / 1.0
  size distribution (size: count):
    size   1 : 33
    size   2 : 21
    size   3 : 7
    size   4 : 1

[Distribution Match]
  cluster count diff       = -21  (predicted - truth)
  size-distribution L1     = 37

[Pair-based Metrics]
  TP                       = 40
  FP                       = 127
  FN                       = 8
  Linked Pairs (L)         = 167
  Expected Pairs (E)       = 48
  Precision                = 0.2395
  Recall                   = 0.8333
  F1                       = 0.3721

[Timings (seconds)]
  recursive                = 0.04
  filter                   = 0.001
  cluster                  = 0.004

========================================================================
