========================================================================
  RUN METRICS
========================================================================

[Configuration]
  do_merge                 = False
  do_purge                 = False
  max_recursion_depth      = 5
  min_intra_freq           = 2
  top_k                    = 3
  tau                      = 0.02
  min_block_size           = 2
  cluster_on               = final
  arcs_weighting           = uniform
  density_floor            = 0.0
  density_min_size         = 3

[Records]
  total                    = 6000
  unique                   = 6000

[Predicted Clusters]
  total                    = 2386
  multi-record             = 1622
  singletons               = 764
  size  min / max          = 1 / 21
  size  mean / median      = 2.515 / 2.0
  size distribution (size: count):
    size   1 : 764
    size   2 : 856
    size   3 : 314
    size   4 : 204
    size   5 : 87
    size   6 : 55
    size   7 : 28
    size   8 : 22
    size   9 : 18
    size  10 : 10
    size  11 : 7
    size  12 : 6
    size  13 : 4
    size  14 : 5
    size  15 : 5
    size  21 : 1

[Truth Clusters]  (../truthABCpoorDQ.txt)
  total                    = 693
  size  min / max          = 1 / 35
  size  mean / median      = 8.658 / 8
  size distribution (size: count):
    size   1 : 17
    size   2 : 40
    size   3 : 39
    size   4 : 65
    size   5 : 52
    size   6 : 51
    size   7 : 58
    size   8 : 55
    size   9 : 51
    size  10 : 60
    size  11 : 33
    size  12 : 32
    size  13 : 26
    size  14 : 21
    size  15 : 19
    size  16 : 13
    size  17 : 18
    size  18 : 14
    size  19 : 11
    size  20 : 3
    size  21 : 5
    size  22 : 3
    size  23 : 2
    size  25 : 2
    size  26 : 1
    size  28 : 1
    size  35 : 1

[Distribution Match]
  cluster count diff       = 1693  (predicted - truth)
  size-distribution L1     = 2339

[Pair-based Metrics]
  TP                       = 5181
  FP                       = 4121
  FN                       = 2245812
  Linked Pairs (L)         = 9302
  Expected Pairs (E)       = 2250993
  Precision                = 0.557
  Recall                   = 0.0023
  F1                       = 0.0046

[Timings (seconds)]
  recursive                = 56.335
  filter                   = 1.903
  cluster                  = 0.175

========================================================================
