========================================================================
  RUN METRICS
========================================================================

[Configuration]
  blocking_mode            = default
  do_merge                 = False
  do_purge                 = False
  max_recursion_depth      = 5
  min_intra_freq           = 2
  top_k                    = 3
  tau                      = 0.4
  min_block_size           = 2
  cluster_on               = final
  arcs_weighting           = uniform
  density_floor            = 0.0
  density_min_size         = 3
  arcs_factors             = {'length_weight': 0.0, 'numeric_factor': 1.0, 'word_factor': 1.0, 'density_weight': 0.0, 'density_sample_cap': 200}

[Records]
  total                    = 2912
  unique                   = 2912

[Predicted Clusters]
  total                    = 1658
  multi-record             = 935
  singletons               = 723
  size  min / max          = 1 / 9
  size  mean / median      = 1.756 / 2.0
  size distribution (size: count):
    size   1 : 723
    size   2 : 719
    size   3 : 156
    size   4 : 38
    size   5 : 11
    size   6 : 5
    size   7 : 4
    size   9 : 2

[Truth Clusters]  (../truthABCgoodDQ.txt)
  total                    = 1827
  size  min / max          = 1 / 6
  size  mean / median      = 1.594 / 1
  size distribution (size: count):
    size   1 : 1056
    size   2 : 516
    size   3 : 205
    size   4 : 42
    size   5 : 7
    size   6 : 1

[Distribution Match]
  cluster count diff       = -169  (predicted - truth)
  size-distribution L1     = 603

[Pair-based Metrics]
  TP                       = 1028
  FP                       = 728
  FN                       = 440
  Linked Pairs (L)         = 1756
  Expected Pairs (E)       = 1468
  Precision                = 0.5854
  Recall                   = 0.7003
  F1                       = 0.6377

[Timings (seconds)]
  recursive                = 2.63
  filter                   = 0.146
  cluster                  = 0.074

========================================================================
