========================================================================
  RUN METRICS
========================================================================

[Configuration]
  blocking_mode            = default
  do_merge                 = False
  do_purge                 = False
  max_recursion_depth      = 1
  min_intra_freq           = 2
  top_k                    = 3
  tau                      = 0.2
  min_block_size           = 2
  cluster_on               = final
  arcs_weighting           = uniform
  density_floor            = 0.0
  density_min_size         = 3
  arcs_factors             = {'length_weight': 0.0, 'numeric_factor': 1.0, 'word_factor': 1.0, 'density_weight': 0.0, 'density_sample_cap': 200}

[Records]
  total                    = 2912
  unique                   = 2912

[Predicted Clusters]
  total                    = 1574
  multi-record             = 927
  singletons               = 647
  size  min / max          = 1 / 10
  size  mean / median      = 1.85 / 2.0
  size distribution (size: count):
    size   1 : 647
    size   2 : 668
    size   3 : 174
    size   4 : 54
    size   5 : 14
    size   6 : 10
    size   7 : 1
    size   8 : 3
    size  10 : 3

[Truth Clusters]  (../truthABCgoodDQ.txt)
  total                    = 1827
  size  min / max          = 1 / 6
  size  mean / median      = 1.594 / 1
  size distribution (size: count):
    size   1 : 1056
    size   2 : 516
    size   3 : 205
    size   4 : 42
    size   5 : 7
    size   6 : 1

[Distribution Match]
  cluster count diff       = -253  (predicted - truth)
  size-distribution L1     = 627

[Pair-based Metrics]
  TP                       = 1114
  FP                       = 930
  FN                       = 354
  Linked Pairs (L)         = 2044
  Expected Pairs (E)       = 1468
  Precision                = 0.545
  Recall                   = 0.7589
  F1                       = 0.6344

[Timings (seconds)]
  recursive                = 0.352
  filter                   = 0.125
  cluster                  = 0.075

========================================================================
