========================================================================
  RUN METRICS
========================================================================

[Configuration]
  do_merge                 = True
  do_purge                 = False
  max_recursion_depth      = 5
  min_intra_freq           = 2
  top_k                    = 3
  tau                      = 0.02
  min_block_size           = 2
  cluster_on               = final
  arcs_weighting           = uniform
  density_floor            = 0.0
  density_min_size         = 3

[Records]
  total                    = 6000
  unique                   = 6000

[Predicted Clusters]
  total                    = 508
  multi-record             = 337
  singletons               = 171
  size  min / max          = 1 / 3564
  size  mean / median      = 11.811 / 3.0
  size distribution (size: count):
    size   1 : 171
    size   2 : 76
    size   3 : 36
    size   4 : 55
    size   5 : 27
    size   6 : 40
    size   7 : 9
    size   8 : 16
    size   9 : 12
    size  10 : 12
    size  11 : 6
    size  12 : 10
    size  13 : 5
    size  14 : 3
    size  15 : 5
    size  16 : 3
    size  17 : 3
    size  18 : 1
    size  19 : 2
    size  20 : 2
    size  21 : 3
    size  23 : 1
    size  24 : 1
    size  25 : 1
    size  26 : 1
    size  27 : 1
    size  29 : 1
    size  40 : 1
    size  44 : 1
    size  46 : 1
    size  81 : 1
    size 3564 : 1

[Truth Clusters]  (../truthABCpoorDQ.txt)
  total                    = 693
  size  min / max          = 1 / 35
  size  mean / median      = 8.658 / 8
  size distribution (size: count):
    size   1 : 17
    size   2 : 40
    size   3 : 39
    size   4 : 65
    size   5 : 52
    size   6 : 51
    size   7 : 58
    size   8 : 55
    size   9 : 51
    size  10 : 60
    size  11 : 33
    size  12 : 32
    size  13 : 26
    size  14 : 21
    size  15 : 19
    size  16 : 13
    size  17 : 18
    size  18 : 14
    size  19 : 11
    size  20 : 3
    size  21 : 5
    size  22 : 3
    size  23 : 2
    size  25 : 2
    size  26 : 1
    size  28 : 1
    size  35 : 1

[Distribution Match]
  cluster count diff       = -185  (predicted - truth)
  size-distribution L1     = 581

[Pair-based Metrics]
  TP                       = 20757
  FP                       = 6343865
  FN                       = 2230236
  Linked Pairs (L)         = 6364622
  Expected Pairs (E)       = 2250993
  Precision                = 0.0033
  Recall                   = 0.0092
  F1                       = 0.0048

[Timings (seconds)]
  recursive                = 10.697
  filter                   = 0.286
  cluster                  = 0.136

========================================================================
