========================================================================
  RUN METRICS
========================================================================

[Configuration]
  blocking_mode            = default
  do_merge                 = False
  do_purge                 = False
  max_recursion_depth      = 5
  min_intra_freq           = 2
  top_k                    = 3
  tau                      = 0.2
  min_block_size           = 2
  cluster_on               = final
  arcs_weighting           = uniform
  density_floor            = 0.0
  density_min_size         = 3
  arcs_factors             = {'length_weight': 0.0, 'numeric_factor': 1.0, 'word_factor': 1.0, 'density_weight': 0.0, 'density_sample_cap': 200}

[Records]
  total                    = 3004
  unique                   = 3004

[Predicted Clusters]
  total                    = 1642
  multi-record             = 913
  singletons               = 729
  size  min / max          = 1 / 43
  size  mean / median      = 1.829 / 2.0
  size distribution (size: count):
    size   1 : 729
    size   2 : 684
    size   3 : 159
    size   4 : 33
    size   5 : 15
    size   6 : 9
    size   7 : 3
    size   9 : 4
    size  11 : 1
    size  12 : 3
    size  22 : 1
    size  43 : 1

[Truth Clusters]  (../truthABCgoodDQ.txt)
  total                    = 1877
  size  min / max          = 1 / 6
  size  mean / median      = 1.6 / 1
  size distribution (size: count):
    size   1 : 1076
    size   2 : 538
    size   3 : 209
    size   4 : 46
    size   5 : 7
    size   6 : 1

[Distribution Match]
  cluster count diff       = -235  (predicted - truth)
  size-distribution L1     = 585

[Pair-based Metrics]
  TP                       = 1037
  FP                       = 2201
  FN                       = 489
  Linked Pairs (L)         = 3238
  Expected Pairs (E)       = 1526
  Precision                = 0.3203
  Recall                   = 0.6796
  F1                       = 0.4353

[Timings (seconds)]
  recursive                = 2.499
  filter                   = 0.129
  cluster                  = 0.101

========================================================================
