========================================================================
  RUN METRICS
========================================================================

[Configuration]
  blocking_mode            = default
  do_merge                 = True
  do_purge                 = False
  max_recursion_depth      = 10
  min_intra_freq           = 2
  top_k                    = 3
  tau                      = 5.0
  min_block_size           = 2
  cluster_on               = final
  arcs_weighting           = idf
  density_floor            = 0.0
  density_min_size         = 3
  arcs_factors             = {'length_weight': 0.0, 'numeric_factor': 1.0, 'word_factor': 1.0, 'density_weight': 1.0, 'density_sample_cap': 200}

[Records]
  total                    = 1912
  unique                   = 1912

[Predicted Clusters]
  total                    = 1172
  multi-record             = 553
  singletons               = 619
  size  min / max          = 1 / 6
  size  mean / median      = 1.631 / 1.0
  size distribution (size: count):
    size   1 : 619
    size   2 : 399
    size   3 : 127
    size   4 : 22
    size   5 : 4
    size   6 : 1

[Timings (seconds)]
  recursive                = 4.349
  filter                   = 0.055
  cluster                  = 0.184

========================================================================
