========================================================================
  RUN METRICS
========================================================================

[Configuration]
  blocking_mode            = default
  do_merge                 = False
  do_purge                 = False
  max_recursion_depth      = 5
  min_intra_freq           = 2
  top_k                    = 3
  tau                      = 0.2
  min_block_size           = 2
  cluster_on               = final
  arcs_weighting           = uniform
  density_floor            = 0.0
  density_min_size         = 3
  arcs_factors             = {'length_weight': 0.0, 'numeric_factor': 1.0, 'word_factor': 1.0, 'density_weight': 0.0, 'density_sample_cap': 200}

[Records]
  total                    = 6000
  unique                   = 6000

[Predicted Clusters]
  total                    = 3014
  multi-record             = 1768
  singletons               = 1246
  size  min / max          = 1 / 21
  size  mean / median      = 1.991 / 2.0
  size distribution (size: count):
    size   1 : 1246
    size   2 : 1189
    size   3 : 276
    size   4 : 166
    size   5 : 55
    size   6 : 43
    size   7 : 13
    size   8 : 14
    size   9 : 3
    size  10 : 1
    size  11 : 3
    size  12 : 1
    size  13 : 1
    size  16 : 2
    size  21 : 1

[Truth Clusters]  (../truthABCpoorDQ.txt)
  total                    = 693
  size  min / max          = 1 / 35
  size  mean / median      = 8.658 / 8
  size distribution (size: count):
    size   1 : 17
    size   2 : 40
    size   3 : 39
    size   4 : 65
    size   5 : 52
    size   6 : 51
    size   7 : 58
    size   8 : 55
    size   9 : 51
    size  10 : 60
    size  11 : 33
    size  12 : 32
    size  13 : 26
    size  14 : 21
    size  15 : 19
    size  16 : 13
    size  17 : 18
    size  18 : 14
    size  19 : 11
    size  20 : 3
    size  21 : 5
    size  22 : 3
    size  23 : 2
    size  25 : 2
    size  26 : 1
    size  28 : 1
    size  35 : 1

[Distribution Match]
  cluster count diff       = 2321  (predicted - truth)
  size-distribution L1     = 3117

[Pair-based Metrics]
  TP                       = 3785
  FP                       = 2000
  FN                       = 27950
  Linked Pairs (L)         = 5785
  Expected Pairs (E)       = 31735
  Precision                = 0.6543
    Recall                   = 0.1193
      F1                       = 0.2018

[Timings (seconds)]
  recursive                = 8.168
  filter                   = 0.499
  cluster                  = 0.167

========================================================================
