========================================================================
  RUN METRICS
========================================================================

[Configuration]
  blocking_mode            = default
  do_merge                 = True
  do_purge                 = False
  max_recursion_depth      = 10
  min_intra_freq           = 2
  top_k                    = 3
  tau                      = 5.0
  min_block_size           = 2
  cluster_on               = final
  arcs_weighting           = idf
  density_floor            = 0.0
  density_min_size         = 3
  arcs_factors             = {'length_weight': 0.0, 'numeric_factor': 1.0, 'word_factor': 1.0, 'density_weight': 1.0, 'density_sample_cap': 200}

[Records]
  total                    = 6000
  unique                   = 6000

[Predicted Clusters]
  total                    = 2458
  multi-record             = 1417
  singletons               = 1041
  size  min / max          = 1 / 15
  size  mean / median      = 2.441 / 2.0
  size distribution (size: count):
    size   1 : 1041
    size   2 : 620
    size   3 : 236
    size   4 : 237
    size   5 : 84
    size   6 : 161
    size   7 : 34
    size   8 : 16
    size   9 : 5
    size  10 : 13
    size  11 : 4
    size  12 : 2
    size  13 : 3
    size  14 : 1
    size  15 : 1

[Truth Clusters]  (../truthABCpoorDQ.txt)
  total                    = 693
  size  min / max          = 1 / 35
  size  mean / median      = 8.658 / 8
  size distribution (size: count):
    size   1 : 17
    size   2 : 40
    size   3 : 39
    size   4 : 65
    size   5 : 52
    size   6 : 51
    size   7 : 58
    size   8 : 55
    size   9 : 51
    size  10 : 60
    size  11 : 33
    size  12 : 32
    size  13 : 26
    size  14 : 21
    size  15 : 19
    size  16 : 13
    size  17 : 18
    size  18 : 14
    size  19 : 11
    size  20 : 3
    size  21 : 5
    size  22 : 3
    size  23 : 2
    size  25 : 2
    size  26 : 1
    size  28 : 1
    size  35 : 1

[Distribution Match]
  cluster count diff       = 1765  (predicted - truth)
  size-distribution L1     = 2465

[Pair-based Metrics]
  TP                       = 6878
  FP                       = 1836
  FN                       = 24857
  Linked Pairs (L)         = 8714
  Expected Pairs (E)       = 31735
  Precision                = 0.7893
  Recall                   = 0.2167
  F1                       = 0.3401

[Timings (seconds)]
  recursive                = 27.003
  filter                   = 0.338
  cluster                  = 0.575

========================================================================
