========================================================================
  RUN METRICS
========================================================================

[Configuration]
  blocking_mode            = default
  do_merge                 = True
  do_purge                 = False
  max_recursion_depth      = 10
  min_intra_freq           = 2
  top_k                    = 3
  tau                      = 5.0
  min_block_size           = 2
  cluster_on               = final
  arcs_weighting           = idf
  density_floor            = 0.0
  density_min_size         = 3
  arcs_factors             = {'length_weight': 0.0, 'numeric_factor': 1.0, 'word_factor': 1.0, 'density_weight': 1.0, 'density_sample_cap': 200}

[Records]
  total                    = 1912
  unique                   = 1912

[Predicted Clusters]
  total                    = 1173
  multi-record             = 554
  singletons               = 619
  size  min / max          = 1 / 6
  size  mean / median      = 1.63 / 1
  size distribution (size: count):
    size   1 : 619
    size   2 : 401
    size   3 : 127
    size   4 : 21
    size   5 : 4
    size   6 : 1

[Truth Clusters]  (../truthABCgoodDQ.txt)
  total                    = 1188
  size  min / max          = 1 / 6
  size  mean / median      = 1.609 / 1.0
  size distribution (size: count):
    size   1 : 678
    size   2 : 339
    size   3 : 136
    size   4 : 28
    size   5 : 6
    size   6 : 1

[Distribution Match]
  cluster count diff       = -15  (predicted - truth)
  size-distribution L1     = 139

[Pair-based Metrics]
  TP                       = 792
  FP                       = 171
  FN                       = 198
  Linked Pairs (L)         = 963
  Expected Pairs (E)       = 990
  Precision                = 0.8224
  Recall                   = 0.8
  F1                       = 0.8111

[Timings (seconds)]
  recursive                = 4.366
  filter                   = 0.051
  cluster                  = 0.181

========================================================================
