========================================================================
  RUN METRICS
========================================================================

[Configuration]
  blocking_mode            = default
  do_merge                 = True
  do_purge                 = False
  max_recursion_depth      = 10
  min_intra_freq           = 2
  top_k                    = 3
  tau                      = 5.0
  min_block_size           = 2
  filter_mode              = specificity
  cluster_on               = final
  arcs_weighting           = idf
  density_floor            = 0.0
  density_min_size         = 3
  arcs_factors             = {'length_weight': 0.0, 'numeric_factor': 1.0, 'word_factor': 1.0, 'density_weight': 1.0, 'density_sample_cap': 200, 'pair_sim_weight': 1.0}

[Records]
  total                    = 1912
  unique                   = 1912

[Predicted Clusters]
  total                    = 1297
  multi-record             = 476
  singletons               = 821
  size  min / max          = 1 / 6
  size  mean / median      = 1.474 / 1
  size distribution (size: count):
    size   1 : 821
    size   2 : 351
    size   3 : 115
    size   4 : 7
    size   5 : 2
    size   6 : 1

[Truth Clusters]  (../truthABCgoodDQ.txt)
  total                    = 1188
  size  min / max          = 1 / 6
  size  mean / median      = 1.609 / 1.0
  size distribution (size: count):
    size   1 : 678
    size   2 : 339
    size   3 : 136
    size   4 : 28
    size   5 : 6
    size   6 : 1

[Distribution Match]
  cluster count diff       = 109  (predicted - truth)
  size-distribution L1     = 201

[Pair-based Metrics]
  TP                       = 753
  FP                       = 20
  FN                       = 237
  Linked Pairs (L)         = 773
  Expected Pairs (E)       = 990
  Precision                = 0.9741
  Recall                   = 0.7606
  F1                       = 0.8542

[Timings (seconds)]
  recursive                = 4.263
  filter                   = 0.068
  cluster                  = 0.263

========================================================================
