Starting...
Loaded 6000 records
Replaced non-word characters with spaces in extracted tokens
Built token frequency dict with 14578 unique tokens
Stop-word removal: dropped 90 tokens with freq > 60
  Examples: ['CA', 'FL', 'TX', 'ST', 'DR', 'M', 'BOX', 'A', 'AVE', 'S', 'APT', 'E', 'D', 'PO', 'L']
Rebuilt token frequency dict: 14488 unique tokens remain

DF distribution percentiles (post-cleanup):
  p50=1, p90=7, p95=11, p99=24
Record-length percentiles (distinct tokens, post-cleanup):
  p50=7, p90=10, p95=10, p99=12
init_df_max derived from percentile 0.95: 11
[legacy] Mode token length: 7
[legacy] stop_k = floor(0.6 * 7) = 4
[diagnostic] Legacy heuristic stop_k(factor=0.6) = 4 (not used unless --stop-k* given)

Resolved parameters:
  init_df_max         = 11
  max_recursion_depth = 5
  min_intra_freq      = 2
  min_blk_token_len   = 4
  exclude_numeric     = True
  min_block_size      = 2
  top_k               = 3
  filter_mode         = composite
  tau                 = 0.2
  arcs_weighting      = uniform
  density_floor       = 0.0 (min_size=3)
  cluster_on          = final

Creating initial blocks...
Blocking filters: min_blk_token_len=4, exclude_numeric_blocks=True, freq window=[2, 11]
Blocking gate counters (per-record token instances):
  too_short (< 4): 4375
  numeric (excluded):                17556
  freq < 2:                          3611
  freq > 11:                       9732
  kept (became block memberships):   10737
  unique blocking keys produced:     2481
Initial blocks created: 2481
[metrics] Auto-detected truth file: ../truthABCpoorDQ.txt

######################################################################
# RUN: merge=False, purge=False
######################################################################

--- depth=1, effective min_intra_freq=2, max_depth=5 (do_merge=False, do_purge=False) ---
Current number of blocks: 2481
Calling refine_blocks with min_intra_freq=2...
refine_blocks took 0.48 seconds, produced 13606 blocks
Skipping merge_blocks (do_merge=False); naive concat...
  result: 16087 blocks
Skipping purge_subset_blocks (do_purge=False)

--- depth=2, effective min_intra_freq=2, max_depth=5 (do_merge=False, do_purge=False) ---
Current number of blocks: 16087
Calling refine_blocks with min_intra_freq=2...
refine_blocks took 2.03 seconds, produced 39432 blocks
Skipping merge_blocks (do_merge=False); naive concat...
  result: 41913 blocks
Skipping purge_subset_blocks (do_purge=False)

--- depth=3, effective min_intra_freq=3, max_depth=5 (do_merge=False, do_purge=False) ---
Current number of blocks: 41913
Calling refine_blocks with min_intra_freq=3...
refine_blocks took 2.42 seconds, produced 20244 blocks
Skipping merge_blocks (do_merge=False); naive concat...
  result: 49029 blocks
Skipping purge_subset_blocks (do_purge=False)

--- depth=4, effective min_intra_freq=4, max_depth=5 (do_merge=False, do_purge=False) ---
Current number of blocks: 49029
Calling refine_blocks with min_intra_freq=4...
refine_blocks took 2.29 seconds, produced 11983 blocks
Skipping merge_blocks (do_merge=False); naive concat...
  result: 50433 blocks
Skipping purge_subset_blocks (do_purge=False)

--- depth=5, effective min_intra_freq=5, max_depth=5 (do_merge=False, do_purge=False) ---
Current number of blocks: 50433
Calling refine_blocks with min_intra_freq=5...
refine_blocks took 1.70 seconds, produced 4509 blocks
Skipping merge_blocks (do_merge=False); naive concat...
  result: 50516 blocks
Skipping purge_subset_blocks (do_purge=False)

--- depth=6, effective min_intra_freq=6, max_depth=5 (do_merge=False, do_purge=False) ---
Current number of blocks: 50516
Stopping: depth > max_recursion_depth

Peak block count during recursion: 50516 (at depth=5)
Clustering on FINAL snapshot (50516 blocks)

Building ARCS weighted graph (weighting=uniform)...
  [pair similarity] pair_sim_weight=1.0: each pair's ARCS contribution scaled by shared_tokens / (|A| + |B| - shared_tokens)
  Graph built in 0.39s — 5422 edges
  ARCS edge-weight histogram (5422 edges, range [0.0118, 1.5000]):
    [0.0118, 0.1606): 1835
    [0.1606, 0.3094): 900
    [0.3094, 0.4582): 879
    [0.4582, 0.6071): 871
    [0.6071, 0.7559): 564
    [0.7559, 0.9047): 225
    [0.9047, 1.0535): 93
    [1.0535, 1.2024): 35
    [1.2024, 1.3512): 14
    [1.3512, 1.5000): 6
  Edges kept (weight >= 0.2): 3285 / 5422
  Clusters (pre-density): 1468 multi-record, 2131 singletons
  Wrote 3599 clusters to ablation_composite/shared_tokenlen.json
  Wrote metrics JSON to ablation_composite/shared_tokenlen.metrics.json
  Wrote metrics log  to ablation_composite/shared_tokenlen.metrics.log


==============================================================================================================
RUN SUMMARY
mode=default, init_df_max=11, max_recursion_depth=5, min_intra_freq=2, tau=0.2, top_k=3, filter_mode=composite, min_block_size=2, arcs_weighting=uniform, density_floor=0.0, cluster_on=final
==============================================================================================================
merge purge  blks(rec)   pairs(rec)  blks(flt)   pairs(flt)  clusters  multi  single  t_rec(s)  t_flt(s)  t_clu(s)  peak(MB)
--------------------------------------------------------------------------------------------------------------
    F     F      50516       187889       4794        10703      3599   1468    2131      8.99      1.50      0.43      88.5
==============================================================================================================
