Starting...
Loaded 6000 records
Replaced non-word characters with spaces in extracted tokens
Built token frequency dict with 14578 unique tokens
Stop-word removal: dropped 90 tokens with freq > 60
  Examples: ['CA', 'FL', 'TX', 'ST', 'DR', 'M', 'BOX', 'A', 'AVE', 'S', 'APT', 'E', 'D', 'PO', 'L']
Rebuilt token frequency dict: 14488 unique tokens remain

DF distribution percentiles (post-cleanup):
  p50=1, p90=7, p95=11, p99=24
Record-length percentiles (distinct tokens, post-cleanup):
  p50=7, p90=10, p95=10, p99=12
init_df_max derived from percentile 0.95: 11
[legacy] Mode token length: 7
[legacy] stop_k = floor(0.6 * 7) = 4
[diagnostic] Legacy heuristic stop_k(factor=0.6) = 4 (not used unless --stop-k* given)

Resolved parameters:
  init_df_max         = 11
  max_recursion_depth = 5
  min_intra_freq      = 2
  min_blk_token_len   = 4
  exclude_numeric     = True
  min_block_size      = 2
  top_k               = 3
  filter_mode         = composite
  tau                 = 0.2
  arcs_weighting      = uniform
  density_floor       = 0.0 (min_size=3)
  cluster_on          = final

Creating initial blocks...
Blocking filters: min_blk_token_len=4, exclude_numeric_blocks=True, freq window=[2, 11]
Blocking gate counters (per-record token instances):
  too_short (< 4): 4375
  numeric (excluded):                17556
  freq < 2:                          3611
  freq > 11:                       9732
  kept (became block memberships):   10737
  unique blocking keys produced:     2481
Initial blocks created: 2481
[metrics] Auto-detected truth file: ../truthABCpoorDQ.txt

######################################################################
# RUN: merge=False, purge=False
######################################################################

--- depth=1, effective min_intra_freq=2, max_depth=5 (do_merge=False, do_purge=False) ---
Current number of blocks: 2481
Calling refine_blocks with min_intra_freq=2...
refine_blocks took 0.46 seconds, produced 13606 blocks
Skipping merge_blocks (do_merge=False); naive concat...
  result: 16087 blocks
Skipping purge_subset_blocks (do_purge=False)

--- depth=2, effective min_intra_freq=2, max_depth=5 (do_merge=False, do_purge=False) ---
Current number of blocks: 16087
Calling refine_blocks with min_intra_freq=2...
refine_blocks took 2.01 seconds, produced 39432 blocks
Skipping merge_blocks (do_merge=False); naive concat...
  result: 41913 blocks
Skipping purge_subset_blocks (do_purge=False)

--- depth=3, effective min_intra_freq=3, max_depth=5 (do_merge=False, do_purge=False) ---
Current number of blocks: 41913
Calling refine_blocks with min_intra_freq=3...
refine_blocks took 2.41 seconds, produced 20244 blocks
Skipping merge_blocks (do_merge=False); naive concat...
  result: 49029 blocks
Skipping purge_subset_blocks (do_purge=False)

--- depth=4, effective min_intra_freq=4, max_depth=5 (do_merge=False, do_purge=False) ---
Current number of blocks: 49029
Calling refine_blocks with min_intra_freq=4...
refine_blocks took 2.26 seconds, produced 11983 blocks
Skipping merge_blocks (do_merge=False); naive concat...
  result: 50433 blocks
Skipping purge_subset_blocks (do_purge=False)

--- depth=5, effective min_intra_freq=5, max_depth=5 (do_merge=False, do_purge=False) ---
Current number of blocks: 50433
Calling refine_blocks with min_intra_freq=5...
refine_blocks took 1.69 seconds, produced 4509 blocks
Skipping merge_blocks (do_merge=False); naive concat...
  result: 50516 blocks
Skipping purge_subset_blocks (do_purge=False)

--- depth=6, effective min_intra_freq=6, max_depth=5 (do_merge=False, do_purge=False) ---
Current number of blocks: 50516
Stopping: depth > max_recursion_depth

Peak block count during recursion: 50516 (at depth=5)
Clustering on FINAL snapshot (50516 blocks)

Building ARCS weighted graph (weighting=uniform)...
  [pair similarity] pair_sim_weight=1.0: each pair's ARCS contribution scaled by shared_tokens / (|A| + |B| - shared_tokens)
  Graph built in 0.45s — 7893 edges
  ARCS edge-weight histogram (7893 edges, range [0.0045, 1.5000]):
    [0.0045, 0.1541): 5114
    [0.1541, 0.3036): 891
    [0.3036, 0.4532): 485
    [0.4532, 0.6027): 481
    [0.6027, 0.7523): 377
    [0.7523, 0.9018): 265
    [0.9018, 1.0514): 143
    [1.0514, 1.2009): 82
    [1.2009, 1.3505): 40
    [1.3505, 1.5000): 15
  Edges kept (weight >= 0.2): 2462 / 7893
  Clusters (pre-density): 1634 multi-record, 2184 singletons
  Wrote 3818 clusters to ablation_composite/tokenlen_only.json
  Wrote metrics JSON to ablation_composite/tokenlen_only.metrics.json
  Wrote metrics log  to ablation_composite/tokenlen_only.metrics.log


==============================================================================================================
RUN SUMMARY
mode=default, init_df_max=11, max_recursion_depth=5, min_intra_freq=2, tau=0.2, top_k=3, filter_mode=composite, min_block_size=2, arcs_weighting=uniform, density_floor=0.0, cluster_on=final
==============================================================================================================
merge purge  blks(rec)   pairs(rec)  blks(flt)   pairs(flt)  clusters  multi  single  t_rec(s)  t_flt(s)  t_clu(s)  peak(MB)
--------------------------------------------------------------------------------------------------------------
    F     F      50516       187889       5078        12091      3818   1634    2184      8.91      1.54      0.51      88.5
==============================================================================================================
