========================================================================
  RUN METRICS
========================================================================

[Configuration]
  blocking_mode            = default
  do_merge                 = True
  do_purge                 = False
  max_recursion_depth      = 5
  min_intra_freq           = 2
  top_k                    = 3
  tau                      = 0.1
  min_block_size           = 2
  filter_mode              = size
  weight_size              = 0.0
  weight_shared            = 0.0
  weight_tokenlen          = 0.0
  cluster_on               = final
  arcs_weighting           = uniform
  density_floor            = 0.0
  density_min_size         = 3
  arcs_factors             = {'length_weight': 0.0, 'numeric_factor': 1.0, 'word_factor': 1.0, 'density_weight': 0.0, 'density_sample_cap': 200, 'pair_sim_weight': 1.0}

[Records]
  total                    = 1912
  unique                   = 1912

[Predicted Clusters]
  total                    = 1076
  multi-record             = 543
  singletons               = 533
  size  min / max          = 1 / 6
  size  mean / median      = 1.777 / 2.0
  size distribution (size: count):
    size   1 : 533
    size   2 : 336
    size   3 : 141
    size   4 : 49
    size   5 : 14
    size   6 : 3

[Truth Clusters]  (../truthABCgoodDQ.txt)
  total                    = 1188
  size  min / max          = 1 / 6
  size  mean / median      = 1.609 / 1.0
  size distribution (size: count):
    size   1 : 678
    size   2 : 339
    size   3 : 136
    size   4 : 28
    size   5 : 6
    size   6 : 1

[Distribution Match]
  cluster count diff       = -112  (predicted - truth)
  size-distribution L1     = 184

[Pair-based Metrics]
  TP                       = 902
  FP                       = 336
  FN                       = 88
  Linked Pairs (L)         = 1238
  Expected Pairs (E)       = 990
  Precision                = 0.7286
  Recall                   = 0.9111
  F1                       = 0.8097

[Timings (seconds)]
  recursive                = 0.365
  filter                   = 0.045
  cluster                  = 0.107

========================================================================
