========================================================================
  RUN METRICS
========================================================================

[Configuration]
  blocking_mode            = default
  do_merge                 = True
  do_purge                 = False
  max_recursion_depth      = 5
  min_intra_freq           = 2
  top_k                    = 3
  tau                      = 0.3
  min_block_size           = 2
  filter_mode              = size
  weight_size              = 0.0
  weight_shared            = 0.0
  weight_tokenlen          = 0.0
  cluster_on               = final
  arcs_weighting           = uniform
  density_floor            = 0.0
  density_min_size         = 3
  arcs_factors             = {'length_weight': 0.0, 'numeric_factor': 1.0, 'word_factor': 1.0, 'density_weight': 0.0, 'density_sample_cap': 200, 'pair_sim_weight': 1.0}

[Records]
  total                    = 3004
  unique                   = 3004

[Predicted Clusters]
  total                    = 2124
  multi-record             = 703
  singletons               = 1421
  size  min / max          = 1 / 5
  size  mean / median      = 1.414 / 1.0
  size distribution (size: count):
    size   1 : 1421
    size   2 : 544
    size   3 : 143
    size   4 : 14
    size   5 : 2

[Truth Clusters]  (../truthABCgoodDQ.txt)
  total                    = 1877
  size  min / max          = 1 / 6
  size  mean / median      = 1.6 / 1
  size distribution (size: count):
    size   1 : 1076
    size   2 : 538
    size   3 : 209
    size   4 : 46
    size   5 : 7
    size   6 : 1

[Distribution Match]
  cluster count diff       = 247  (predicted - truth)
  size-distribution L1     = 455

[Pair-based Metrics]
  TP                       = 1044
  FP                       = 33
  FN                       = 482
  Linked Pairs (L)         = 1077
  Expected Pairs (E)       = 1526
  Precision                = 0.9694
  Recall                   = 0.6841
  F1                       = 0.8022

[Timings (seconds)]
  recursive                = 0.624
  filter                   = 0.094
  cluster                  = 0.228

========================================================================
