========================================================================
  RUN METRICS
========================================================================

[Configuration]
  blocking_mode            = default
  do_merge                 = False
  do_purge                 = True
  max_recursion_depth      = 5
  min_intra_freq           = 2
  top_k                    = 3
  tau                      = 0.3
  min_block_size           = 2
  filter_mode              = size
  weight_size              = 0.0
  weight_shared            = 0.0
  weight_tokenlen          = 0.0
  cluster_on               = final
  arcs_weighting           = uniform
  density_floor            = 0.0
  density_min_size         = 3
  arcs_factors             = {'length_weight': 0.0, 'numeric_factor': 1.0, 'word_factor': 1.0, 'density_weight': 0.0, 'density_sample_cap': 200, 'pair_sim_weight': 1.0}

[Records]
  total                    = 100
  unique                   = 100

[Predicted Clusters]
  total                    = 81
  multi-record             = 17
  singletons               = 64
  size  min / max          = 1 / 3
  size  mean / median      = 1.235 / 1
  size distribution (size: count):
    size   1 : 64
    size   2 : 15
    size   3 : 2

[Truth Clusters]  (../truthABCgoodDQ.txt)
  total                    = 62
  size  min / max          = 1 / 4
  size  mean / median      = 1.613 / 1.0
  size distribution (size: count):
    size   1 : 33
    size   2 : 21
    size   3 : 7
    size   4 : 1

[Distribution Match]
  cluster count diff       = 19  (predicted - truth)
  size-distribution L1     = 43

[Pair-based Metrics]
  TP                       = 21
  FP                       = 0
  FN                       = 27
  Linked Pairs (L)         = 21
  Expected Pairs (E)       = 48
  Precision                = 1.0
  Recall                   = 0.4375
  F1                       = 0.6087

[Timings (seconds)]
  recursive                = 0.045
  filter                   = 0.002
  cluster                  = 0.004

========================================================================
