========================================================================
  RUN METRICS
========================================================================

[Configuration]
  blocking_mode            = default
  do_merge                 = True
  do_purge                 = False
  max_recursion_depth      = 5
  min_intra_freq           = 2
  top_k                    = 3
  tau                      = 0.2
  min_block_size           = 2
  filter_mode              = composite
  weight_size              = 0.0
  weight_shared            = 1.0
  weight_tokenlen          = 1.0
  cluster_on               = final
  arcs_weighting           = uniform
  density_floor            = 0.0
  density_min_size         = 3
  arcs_factors             = {'length_weight': 0.0, 'numeric_factor': 1.0, 'word_factor': 1.0, 'density_weight': 0.0, 'density_sample_cap': 200, 'pair_sim_weight': 1.0}

[Records]
  total                    = 5000
  unique                   = 5000

[Predicted Clusters]
  total                    = 2698
  multi-record             = 1309
  singletons               = 1389
  size  min / max          = 1 / 6
  size  mean / median      = 1.853 / 1.0
  size distribution (size: count):
    size   1 : 1389
    size   2 : 629
    size   3 : 433
    size   4 : 190
    size   5 : 48
    size   6 : 9

[Truth Clusters]  (../truthABCgoodDQ.txt)
  total                    = 2183
  size  min / max          = 1 / 6
  size  mean / median      = 2.29 / 2
  size distribution (size: count):
    size   1 : 741
    size   2 : 597
    size   3 : 440
    size   4 : 298
    size   5 : 89
    size   6 : 18

[Distribution Match]
  cluster count diff       = 515  (predicted - truth)
  size-distribution L1     = 845

[Pair-based Metrics]
  TP                       = 3513
  FP                       = 170
  FN                       = 1352
  Linked Pairs (L)         = 3683
  Expected Pairs (E)       = 4865
  Precision                = 0.9538
  Recall                   = 0.7221
  F1                       = 0.8219

[Timings (seconds)]
  recursive                = 0.991
  filter                   = 0.147
  cluster                  = 0.328

========================================================================
