========================================================================
  RUN METRICS
========================================================================

[Configuration]
  blocking_mode            = default
  do_merge                 = False
  do_purge                 = False
  max_recursion_depth      = 5
  min_intra_freq           = 2
  top_k                    = 3
  tau                      = 0.2
  min_block_size           = 2
  filter_mode              = composite
  weight_size              = 0.0
  weight_shared            = 1.0
  weight_tokenlen          = 1.0
  cluster_on               = final
  arcs_weighting           = uniform
  density_floor            = 0.0
  density_min_size         = 3
  arcs_factors             = {'length_weight': 0.0, 'numeric_factor': 1.0, 'word_factor': 1.0, 'density_weight': 0.0, 'density_sample_cap': 200, 'pair_sim_weight': 1.0}

[Records]
  total                    = 1912
  unique                   = 1912

[Predicted Clusters]
  total                    = 1167
  multi-record             = 556
  singletons               = 611
  size  min / max          = 1 / 6
  size  mean / median      = 1.638 / 1
  size distribution (size: count):
    size   1 : 611
    size   2 : 399
    size   3 : 132
    size   4 : 19
    size   5 : 5
    size   6 : 1

[Truth Clusters]  (../truthABCgoodDQ.txt)
  total                    = 1188
  size  min / max          = 1 / 6
  size  mean / median      = 1.609 / 1.0
  size distribution (size: count):
    size   1 : 678
    size   2 : 339
    size   3 : 136
    size   4 : 28
    size   5 : 6
    size   6 : 1

[Distribution Match]
  cluster count diff       = -21  (predicted - truth)
  size-distribution L1     = 141

[Pair-based Metrics]
  TP                       = 862
  FP                       = 112
  FN                       = 128
  Linked Pairs (L)         = 974
  Expected Pairs (E)       = 990
  Precision                = 0.885
  Recall                   = 0.8707
  F1                       = 0.8778

[Timings (seconds)]
  recursive                = 1.499
  filter                   = 0.352
  cluster                  = 0.091

========================================================================
