# group=H_recursion_depth config_id=d=10
# label=max_depth=10
# cmd=/usr/local/bin/python recursive_algo1_2_v2.py --input ../S14GX.txt --truth-dir .. --clusters-json /home/user/blockingandEmbeddinginER/RESULTS/runs/H_recursion_depth/d=10/clusters.json --max-recursion-depth 10

Starting...
Loaded 5000 records
Replaced non-word characters with spaces in extracted tokens
Built token frequency dict with 8767 unique tokens
Stop-word removal: dropped 69 tokens with freq > 60
  Examples: ['NC', 'SALEM', 'WINSTON', 'DR', 'ADAMS', 'RD', 'KERNERSVILLE', '27284', '27106', 'CT', 'ST', 'LN', '27103', 'ALEXANDER', '27105']
Rebuilt token frequency dict: 8698 unique tokens remain

DF distribution percentiles (post-cleanup):
  p50=2, p90=6, p95=10, p99=25
Record-length percentiles (distinct tokens, post-cleanup):
  p50=6, p90=7, p95=8, p99=10
init_df_max derived from percentile 0.95: 10
[legacy] Mode token length: 5
[legacy] stop_k = floor(0.6 * 5) = 3
[diagnostic] Legacy heuristic stop_k(factor=0.6) = 3 (not used unless --stop-k* given)

Resolved parameters:
  init_df_max         = 10
  max_recursion_depth = 10
  min_intra_freq      = 2
  min_blk_token_len   = 4
  exclude_numeric     = True
  min_block_size      = 2
  top_k               = 3
  filter_mode         = size
  tau                 = 0.2
  arcs_weighting      = uniform
  density_floor       = 0.0 (min_size=3)
  cluster_on          = final

Creating initial blocks...
Blocking filters: min_blk_token_len=4, exclude_numeric_blocks=True, freq window=[2, 10]
Blocking gate counters (per-record token instances):
  too_short (< 4): 2995
  numeric (excluded):                8690
  freq < 2:                          1149
  freq > 10:                       6567
  kept (became block memberships):   8614
  unique blocking keys produced:     2178
Initial blocks created: 2178
[metrics] Auto-detected truth file: ../truthABCgoodDQ.txt

######################################################################
# RUN: merge=True, purge=True
######################################################################

--- depth=1, effective min_intra_freq=2, max_depth=10 (do_merge=True, do_purge=True) ---
Current number of blocks: 2178
Calling refine_blocks with min_intra_freq=2...
refine_blocks took 0.24 seconds, produced 9327 blocks
Merging blocks...
merge_blocks took 0.07 seconds, result: 3628 blocks
Purging subset blocks...
purge_subset_blocks took 0.04 seconds, dropped 2333, result: 1295 blocks

--- depth=2, effective min_intra_freq=2, max_depth=10 (do_merge=True, do_purge=True) ---
Current number of blocks: 1295
Calling refine_blocks with min_intra_freq=2...
refine_blocks took 0.13 seconds, produced 5490 blocks
Merging blocks...
merge_blocks took 0.04 seconds, result: 3566 blocks
Purging subset blocks...
purge_subset_blocks took 0.04 seconds, dropped 2271, result: 1295 blocks

--- depth=3, effective min_intra_freq=3, max_depth=10 (do_merge=True, do_purge=True) ---
Current number of blocks: 1295
Calling refine_blocks with min_intra_freq=3...
refine_blocks took 0.09 seconds, produced 2518 blocks
Merging blocks...
merge_blocks took 0.03 seconds, result: 2343 blocks
Purging subset blocks...
purge_subset_blocks took 0.03 seconds, dropped 1048, result: 1295 blocks

--- depth=4, effective min_intra_freq=4, max_depth=10 (do_merge=True, do_purge=True) ---
Current number of blocks: 1295
Calling refine_blocks with min_intra_freq=4...
refine_blocks took 0.06 seconds, produced 923 blocks
Merging blocks...
merge_blocks took 0.02 seconds, result: 1708 blocks
Purging subset blocks...
purge_subset_blocks took 0.02 seconds, dropped 413, result: 1295 blocks

--- depth=5, effective min_intra_freq=5, max_depth=10 (do_merge=True, do_purge=True) ---
Current number of blocks: 1295
Calling refine_blocks with min_intra_freq=5...
refine_blocks took 0.04 seconds, produced 292 blocks
Merging blocks...
merge_blocks took 0.01 seconds, result: 1436 blocks
Purging subset blocks...
purge_subset_blocks took 0.02 seconds, dropped 141, result: 1295 blocks

--- depth=6, effective min_intra_freq=6, max_depth=10 (do_merge=True, do_purge=True) ---
Current number of blocks: 1295
Calling refine_blocks with min_intra_freq=6...
refine_blocks took 0.04 seconds, produced 106 blocks
Merging blocks...
merge_blocks took 0.01 seconds, result: 1348 blocks
Purging subset blocks...
purge_subset_blocks took 0.02 seconds, dropped 53, result: 1295 blocks

--- depth=7, effective min_intra_freq=7, max_depth=10 (do_merge=True, do_purge=True) ---
Current number of blocks: 1295
Calling refine_blocks with min_intra_freq=7...
refine_blocks took 0.03 seconds, produced 38 blocks
Merging blocks...
merge_blocks took 0.01 seconds, result: 1320 blocks
Purging subset blocks...
purge_subset_blocks took 0.02 seconds, dropped 25, result: 1295 blocks

--- depth=8, effective min_intra_freq=8, max_depth=10 (do_merge=True, do_purge=True) ---
Current number of blocks: 1295
Calling refine_blocks with min_intra_freq=8...
refine_blocks took 0.03 seconds, produced 17 blocks
Merging blocks...
merge_blocks took 0.01 seconds, result: 1308 blocks
Purging subset blocks...
purge_subset_blocks took 0.02 seconds, dropped 13, result: 1295 blocks

--- depth=9, effective min_intra_freq=9, max_depth=10 (do_merge=True, do_purge=True) ---
Current number of blocks: 1295
Calling refine_blocks with min_intra_freq=9...
refine_blocks took 0.03 seconds, produced 5 blocks
Merging blocks...
merge_blocks took 0.01 seconds, result: 1298 blocks
Purging subset blocks...
purge_subset_blocks took 0.02 seconds, dropped 3, result: 1295 blocks

--- depth=10, effective min_intra_freq=10, max_depth=10 (do_merge=True, do_purge=True) ---
Current number of blocks: 1295
Calling refine_blocks with min_intra_freq=10...
refine_blocks took 0.03 seconds, produced 0 blocks
Stopping: newBlocks is empty (refine produced nothing)

Peak block count during recursion: 2178 (at depth=0)
Clustering on FINAL snapshot (1295 blocks)

Building ARCS weighted graph (weighting=uniform)...
  [pair similarity] pair_sim_weight=1.0: each pair's ARCS contribution scaled by shared_tokens / (|A| + |B| - shared_tokens)
  Graph built in 0.27s — 13322 edges
  ARCS edge-weight histogram (13322 edges, range [0.0043, 0.7833]):
    [0.0043, 0.0822): 9578
    [0.0822, 0.1601): 1852
    [0.1601, 0.2380): 965
    [0.2380, 0.3159): 511
    [0.3159, 0.3938): 273
    [0.3938, 0.4717): 61
    [0.4717, 0.5496): 60
    [0.5496, 0.6275): 8
    [0.6275, 0.7054): 11
    [0.7054, 0.7833): 3
  Edges kept (weight >= 0.2): 1369 / 13322
  Clusters (pre-density): 752 multi-record, 3171 singletons
  Wrote 3923 clusters to /home/user/blockingandEmbeddinginER/RESULTS/runs/H_recursion_depth/d=10/clusters_m1_p1.json
  Wrote metrics JSON to /home/user/blockingandEmbeddinginER/RESULTS/runs/H_recursion_depth/d=10/clusters_m1_p1.metrics.json
  Wrote metrics log  to /home/user/blockingandEmbeddinginER/RESULTS/runs/H_recursion_depth/d=10/clusters_m1_p1.metrics.log

######################################################################
# RUN: merge=True, purge=False
######################################################################

--- depth=1, effective min_intra_freq=2, max_depth=10 (do_merge=True, do_purge=False) ---
Current number of blocks: 2178
Calling refine_blocks with min_intra_freq=2...
refine_blocks took 0.22 seconds, produced 9327 blocks
Merging blocks...
merge_blocks took 0.06 seconds, result: 3628 blocks
Skipping purge_subset_blocks (do_purge=False)

--- depth=2, effective min_intra_freq=2, max_depth=10 (do_merge=True, do_purge=False) ---
Current number of blocks: 3628
Calling refine_blocks with min_intra_freq=2...
refine_blocks took 0.23 seconds, produced 9179 blocks
Merging blocks...
merge_blocks took 0.06 seconds, result: 3672 blocks
Skipping purge_subset_blocks (do_purge=False)

--- depth=3, effective min_intra_freq=3, max_depth=10 (do_merge=True, do_purge=False) ---
Current number of blocks: 3672
Calling refine_blocks with min_intra_freq=3...
refine_blocks took 0.14 seconds, produced 3079 blocks
Merging blocks...
merge_blocks took 0.06 seconds, result: 3672 blocks
Skipping purge_subset_blocks (do_purge=False)

--- depth=4, effective min_intra_freq=4, max_depth=10 (do_merge=True, do_purge=False) ---
Current number of blocks: 3672
Calling refine_blocks with min_intra_freq=4...
refine_blocks took 0.09 seconds, produced 1035 blocks
Merging blocks...
merge_blocks took 0.04 seconds, result: 3672 blocks
Skipping purge_subset_blocks (do_purge=False)

--- depth=5, effective min_intra_freq=5, max_depth=10 (do_merge=True, do_purge=False) ---
Current number of blocks: 3672
Calling refine_blocks with min_intra_freq=5...
refine_blocks took 0.08 seconds, produced 324 blocks
Merging blocks...
merge_blocks took 0.04 seconds, result: 3672 blocks
Skipping purge_subset_blocks (do_purge=False)

--- depth=6, effective min_intra_freq=6, max_depth=10 (do_merge=True, do_purge=False) ---
Current number of blocks: 3672
Calling refine_blocks with min_intra_freq=6...
refine_blocks took 0.07 seconds, produced 113 blocks
Merging blocks...
merge_blocks took 0.04 seconds, result: 3672 blocks
Skipping purge_subset_blocks (do_purge=False)

--- depth=7, effective min_intra_freq=7, max_depth=10 (do_merge=True, do_purge=False) ---
Current number of blocks: 3672
Calling refine_blocks with min_intra_freq=7...
refine_blocks took 0.07 seconds, produced 41 blocks
Merging blocks...
merge_blocks took 0.05 seconds, result: 3672 blocks
Skipping purge_subset_blocks (do_purge=False)

--- depth=8, effective min_intra_freq=8, max_depth=10 (do_merge=True, do_purge=False) ---
Current number of blocks: 3672
Calling refine_blocks with min_intra_freq=8...
refine_blocks took 0.07 seconds, produced 17 blocks
Merging blocks...
merge_blocks took 0.04 seconds, result: 3672 blocks
Skipping purge_subset_blocks (do_purge=False)

--- depth=9, effective min_intra_freq=9, max_depth=10 (do_merge=True, do_purge=False) ---
Current number of blocks: 3672
Calling refine_blocks with min_intra_freq=9...
refine_blocks took 0.06 seconds, produced 5 blocks
Merging blocks...
merge_blocks took 0.04 seconds, result: 3672 blocks
Skipping purge_subset_blocks (do_purge=False)

--- depth=10, effective min_intra_freq=10, max_depth=10 (do_merge=True, do_purge=False) ---
Current number of blocks: 3672
Calling refine_blocks with min_intra_freq=10...
refine_blocks took 0.06 seconds, produced 0 blocks
Stopping: newBlocks is empty (refine produced nothing)

Peak block count during recursion: 3672 (at depth=2)
Clustering on FINAL snapshot (3672 blocks)

Building ARCS weighted graph (weighting=uniform)...
  [pair similarity] pair_sim_weight=1.0: each pair's ARCS contribution scaled by shared_tokens / (|A| + |B| - shared_tokens)
  Graph built in 0.28s — 9050 edges
  ARCS edge-weight histogram (9050 edges, range [0.0074, 1.5000]):
    [0.0074, 0.1567): 5326
    [0.1567, 0.3059): 1332
    [0.3059, 0.4552): 818
    [0.4552, 0.6044): 538
    [0.6044, 0.7537): 406
    [0.7537, 0.9030): 272
    [0.9030, 1.0522): 168
    [1.0522, 1.2015): 185
    [1.2015, 1.3507): 4
    [1.3507, 1.5000): 1
  Edges kept (weight >= 0.2): 3320 / 9050
  Clusters (pre-density): 1308 multi-record, 1384 singletons
  Wrote 2692 clusters to /home/user/blockingandEmbeddinginER/RESULTS/runs/H_recursion_depth/d=10/clusters_m1_p0.json
  Wrote metrics JSON to /home/user/blockingandEmbeddinginER/RESULTS/runs/H_recursion_depth/d=10/clusters_m1_p0.metrics.json
  Wrote metrics log  to /home/user/blockingandEmbeddinginER/RESULTS/runs/H_recursion_depth/d=10/clusters_m1_p0.metrics.log

######################################################################
# RUN: merge=False, purge=True
######################################################################

--- depth=1, effective min_intra_freq=2, max_depth=10 (do_merge=False, do_purge=True) ---
Current number of blocks: 2178
Calling refine_blocks with min_intra_freq=2...
refine_blocks took 0.22 seconds, produced 9327 blocks
Skipping merge_blocks (do_merge=False); naive concat...
  result: 11505 blocks
Purging subset blocks...
purge_subset_blocks took 0.12 seconds, dropped 10210, result: 1295 blocks

--- depth=2, effective min_intra_freq=2, max_depth=10 (do_merge=False, do_purge=True) ---
Current number of blocks: 1295
Calling refine_blocks with min_intra_freq=2...
refine_blocks took 0.15 seconds, produced 6692 blocks
Skipping merge_blocks (do_merge=False); naive concat...
  result: 7987 blocks
Purging subset blocks...
purge_subset_blocks took 0.08 seconds, dropped 6692, result: 1295 blocks

--- depth=3, effective min_intra_freq=3, max_depth=10 (do_merge=False, do_purge=True) ---
Current number of blocks: 1295
Calling refine_blocks with min_intra_freq=3...
refine_blocks took 0.11 seconds, produced 3341 blocks
Skipping merge_blocks (do_merge=False); naive concat...
  result: 4636 blocks
Purging subset blocks...
purge_subset_blocks took 0.05 seconds, dropped 3341, result: 1295 blocks

--- depth=4, effective min_intra_freq=4, max_depth=10 (do_merge=False, do_purge=True) ---
Current number of blocks: 1295
Calling refine_blocks with min_intra_freq=4...
refine_blocks took 0.07 seconds, produced 1408 blocks
Skipping merge_blocks (do_merge=False); naive concat...
  result: 2703 blocks
Purging subset blocks...
purge_subset_blocks took 0.03 seconds, dropped 1408, result: 1295 blocks

--- depth=5, effective min_intra_freq=5, max_depth=10 (do_merge=False, do_purge=True) ---
Current number of blocks: 1295
Calling refine_blocks with min_intra_freq=5...
refine_blocks took 0.05 seconds, produced 520 blocks
Skipping merge_blocks (do_merge=False); naive concat...
  result: 1815 blocks
Purging subset blocks...
purge_subset_blocks took 0.03 seconds, dropped 520, result: 1295 blocks

--- depth=6, effective min_intra_freq=6, max_depth=10 (do_merge=False, do_purge=True) ---
Current number of blocks: 1295
Calling refine_blocks with min_intra_freq=6...
refine_blocks took 0.04 seconds, produced 219 blocks
Skipping merge_blocks (do_merge=False); naive concat...
  result: 1514 blocks
Purging subset blocks...
purge_subset_blocks took 0.02 seconds, dropped 219, result: 1295 blocks

--- depth=7, effective min_intra_freq=7, max_depth=10 (do_merge=False, do_purge=True) ---
Current number of blocks: 1295
Calling refine_blocks with min_intra_freq=7...
refine_blocks took 0.04 seconds, produced 102 blocks
Skipping merge_blocks (do_merge=False); naive concat...
  result: 1397 blocks
Purging subset blocks...
purge_subset_blocks took 0.02 seconds, dropped 102, result: 1295 blocks

--- depth=8, effective min_intra_freq=8, max_depth=10 (do_merge=False, do_purge=True) ---
Current number of blocks: 1295
Calling refine_blocks with min_intra_freq=8...
refine_blocks took 0.04 seconds, produced 48 blocks
Skipping merge_blocks (do_merge=False); naive concat...
  result: 1343 blocks
Purging subset blocks...
purge_subset_blocks took 0.02 seconds, dropped 48, result: 1295 blocks

--- depth=9, effective min_intra_freq=9, max_depth=10 (do_merge=False, do_purge=True) ---
Current number of blocks: 1295
Calling refine_blocks with min_intra_freq=9...
refine_blocks took 0.03 seconds, produced 23 blocks
Skipping merge_blocks (do_merge=False); naive concat...
  result: 1318 blocks
Purging subset blocks...
purge_subset_blocks took 0.03 seconds, dropped 23, result: 1295 blocks

--- depth=10, effective min_intra_freq=10, max_depth=10 (do_merge=False, do_purge=True) ---
Current number of blocks: 1295
Calling refine_blocks with min_intra_freq=10...
refine_blocks took 0.03 seconds, produced 7 blocks
Skipping merge_blocks (do_merge=False); naive concat...
  result: 1302 blocks
Purging subset blocks...
purge_subset_blocks took 0.02 seconds, dropped 7, result: 1295 blocks

--- depth=11, effective min_intra_freq=11, max_depth=10 (do_merge=False, do_purge=True) ---
Current number of blocks: 1295
Stopping: depth > max_recursion_depth

Peak block count during recursion: 2178 (at depth=0)
Clustering on FINAL snapshot (1295 blocks)

Building ARCS weighted graph (weighting=uniform)...
  [pair similarity] pair_sim_weight=1.0: each pair's ARCS contribution scaled by shared_tokens / (|A| + |B| - shared_tokens)
  Graph built in 0.28s — 13322 edges
  ARCS edge-weight histogram (13322 edges, range [0.0043, 0.7833]):
    [0.0043, 0.0822): 9578
    [0.0822, 0.1601): 1852
    [0.1601, 0.2380): 965
    [0.2380, 0.3159): 511
    [0.3159, 0.3938): 273
    [0.3938, 0.4717): 61
    [0.4717, 0.5496): 60
    [0.5496, 0.6275): 8
    [0.6275, 0.7054): 11
    [0.7054, 0.7833): 3
  Edges kept (weight >= 0.2): 1369 / 13322
  Clusters (pre-density): 752 multi-record, 3171 singletons
  Wrote 3923 clusters to /home/user/blockingandEmbeddinginER/RESULTS/runs/H_recursion_depth/d=10/clusters_m0_p1.json
  Wrote metrics JSON to /home/user/blockingandEmbeddinginER/RESULTS/runs/H_recursion_depth/d=10/clusters_m0_p1.metrics.json
  Wrote metrics log  to /home/user/blockingandEmbeddinginER/RESULTS/runs/H_recursion_depth/d=10/clusters_m0_p1.metrics.log

######################################################################
# RUN: merge=False, purge=False
######################################################################

--- depth=1, effective min_intra_freq=2, max_depth=10 (do_merge=False, do_purge=False) ---
Current number of blocks: 2178
Calling refine_blocks with min_intra_freq=2...
refine_blocks took 0.22 seconds, produced 9327 blocks
Skipping merge_blocks (do_merge=False); naive concat...
  result: 11505 blocks
Skipping purge_subset_blocks (do_purge=False)

--- depth=2, effective min_intra_freq=2, max_depth=10 (do_merge=False, do_purge=False) ---
Current number of blocks: 11505
Calling refine_blocks with min_intra_freq=2...
refine_blocks took 0.88 seconds, produced 23504 blocks
Skipping merge_blocks (do_merge=False); naive concat...
  result: 25682 blocks
Skipping purge_subset_blocks (do_purge=False)

--- depth=3, effective min_intra_freq=3, max_depth=10 (do_merge=False, do_purge=False) ---
Current number of blocks: 25682
Calling refine_blocks with min_intra_freq=3...
refine_blocks took 1.01 seconds, produced 14084 blocks
Skipping merge_blocks (do_merge=False); naive concat...
  result: 29679 blocks
Skipping purge_subset_blocks (do_purge=False)

--- depth=4, effective min_intra_freq=4, max_depth=10 (do_merge=False, do_purge=False) ---
Current number of blocks: 29679
Calling refine_blocks with min_intra_freq=4...
refine_blocks took 0.71 seconds, produced 4840 blocks
Skipping merge_blocks (do_merge=False); naive concat...
  result: 30009 blocks
Skipping purge_subset_blocks (do_purge=False)

--- depth=5, effective min_intra_freq=5, max_depth=10 (do_merge=False, do_purge=False) ---
Current number of blocks: 30009
Calling refine_blocks with min_intra_freq=5...
refine_blocks took 0.53 seconds, produced 1412 blocks
Skipping merge_blocks (do_merge=False); naive concat...
  result: 30020 blocks
Skipping purge_subset_blocks (do_purge=False)

--- depth=6, effective min_intra_freq=6, max_depth=10 (do_merge=False, do_purge=False) ---
Current number of blocks: 30020
Calling refine_blocks with min_intra_freq=6...
refine_blocks took 0.48 seconds, produced 534 blocks
Skipping merge_blocks (do_merge=False); naive concat...
  result: 30021 blocks
Skipping purge_subset_blocks (do_purge=False)

--- depth=7, effective min_intra_freq=7, max_depth=10 (do_merge=False, do_purge=False) ---
Current number of blocks: 30021
Calling refine_blocks with min_intra_freq=7...
refine_blocks took 0.45 seconds, produced 175 blocks
Skipping merge_blocks (do_merge=False); naive concat...
  result: 30021 blocks
Skipping purge_subset_blocks (do_purge=False)

--- depth=8, effective min_intra_freq=8, max_depth=10 (do_merge=False, do_purge=False) ---
Current number of blocks: 30021
Calling refine_blocks with min_intra_freq=8...
refine_blocks took 0.45 seconds, produced 88 blocks
Skipping merge_blocks (do_merge=False); naive concat...
  result: 30021 blocks
Skipping purge_subset_blocks (do_purge=False)

--- depth=9, effective min_intra_freq=9, max_depth=10 (do_merge=False, do_purge=False) ---
Current number of blocks: 30021
Calling refine_blocks with min_intra_freq=9...
refine_blocks took 0.45 seconds, produced 41 blocks
Skipping merge_blocks (do_merge=False); naive concat...
  result: 30021 blocks
Skipping purge_subset_blocks (do_purge=False)

--- depth=10, effective min_intra_freq=10, max_depth=10 (do_merge=False, do_purge=False) ---
Current number of blocks: 30021
Calling refine_blocks with min_intra_freq=10...
refine_blocks took 0.45 seconds, produced 9 blocks
Skipping merge_blocks (do_merge=False); naive concat...
  result: 30021 blocks
Skipping purge_subset_blocks (do_purge=False)

--- depth=11, effective min_intra_freq=11, max_depth=10 (do_merge=False, do_purge=False) ---
Current number of blocks: 30021
Stopping: depth > max_recursion_depth

Peak block count during recursion: 30021 (at depth=6)
Clustering on FINAL snapshot (30021 blocks)

Building ARCS weighted graph (weighting=uniform)...
  [pair similarity] pair_sim_weight=1.0: each pair's ARCS contribution scaled by shared_tokens / (|A| + |B| - shared_tokens)
  Graph built in 0.19s — 2523 edges
  ARCS edge-weight histogram (2523 edges, range [0.0109, 1.5000]):
    [0.0109, 0.1598): 370
    [0.1598, 0.3087): 165
    [0.3087, 0.4576): 156
    [0.4576, 0.6065): 123
    [0.6065, 0.7554): 215
    [0.7554, 0.9043): 160
    [0.9043, 1.0533): 450
    [1.0533, 1.2022): 241
    [1.2022, 1.3511): 116
    [1.3511, 1.5000): 527
  Edges kept (weight >= 0.2): 2131 / 2523
  Clusters (pre-density): 1510 multi-record, 1635 singletons
  Wrote 3145 clusters to /home/user/blockingandEmbeddinginER/RESULTS/runs/H_recursion_depth/d=10/clusters_m0_p0.json
  Wrote metrics JSON to /home/user/blockingandEmbeddinginER/RESULTS/runs/H_recursion_depth/d=10/clusters_m0_p0.metrics.json
  Wrote metrics log  to /home/user/blockingandEmbeddinginER/RESULTS/runs/H_recursion_depth/d=10/clusters_m0_p0.metrics.log


==============================================================================================================
ABLATION SUMMARY
mode=default, init_df_max=10, max_recursion_depth=10, min_intra_freq=2, tau=0.2, top_k=3, filter_mode=size, min_block_size=2, arcs_weighting=uniform, density_floor=0.0, cluster_on=final
==============================================================================================================
merge purge  blks(rec)   pairs(rec)  blks(flt)   pairs(flt)  clusters  multi  single  t_rec(s)  t_flt(s)  t_clu(s)  peak(MB)
--------------------------------------------------------------------------------------------------------------
    T     T       1295        14614       1294        14403      3923    752    3171      1.20      0.08      0.32     248.2
    T     F       3672        21481       3588        12959      2692   1308    1384      1.54      0.13      0.32     249.9
    F     T       1295        14614       1294        14403      3923    752    3171      1.23      0.08      0.33     248.0
    F     F      30021        99094       4736         6251      3145   1510    1635      5.65      0.51      0.22     256.3
==============================================================================================================
