========================================================================
  RUN METRICS
========================================================================

[Configuration]
  blocking_mode            = default
  do_merge                 = True
  do_purge                 = True
  max_recursion_depth      = 5
  min_intra_freq           = 2
  top_k                    = 3
  tau                      = 1.0
  min_block_size           = 2
  filter_mode              = size
  weight_size              = 0.0
  weight_shared            = 0.0
  weight_tokenlen          = 0.0
  cluster_on               = final
  arcs_weighting           = idf
  density_floor            = 0.0
  density_min_size         = 3
  arcs_factors             = {'length_weight': 0.0, 'numeric_factor': 1.0, 'word_factor': 1.0, 'density_weight': 0.0, 'density_sample_cap': 200, 'pair_sim_weight': 1.0}

[Records]
  total                    = 3004
  unique                   = 3004

[Predicted Clusters]
  total                    = 2151
  multi-record             = 639
  singletons               = 1512
  size  min / max          = 1 / 6
  size  mean / median      = 1.397 / 1
  size distribution (size: count):
    size   1 : 1512
    size   2 : 454
    size   3 : 162
    size   4 : 18
    size   5 : 4
    size   6 : 1

[Truth Clusters]  (../truthABCgoodDQ.txt)
  total                    = 1877
  size  min / max          = 1 / 6
  size  mean / median      = 1.6 / 1
  size distribution (size: count):
    size   1 : 1076
    size   2 : 538
    size   3 : 209
    size   4 : 46
    size   5 : 7
    size   6 : 1

[Distribution Match]
  cluster count diff       = 274  (predicted - truth)
  size-distribution L1     = 598

[Pair-based Metrics]
  TP                       = 1046
  FP                       = 57
  FN                       = 480
  Linked Pairs (L)         = 1103
  Expected Pairs (E)       = 1526
  Precision                = 0.9483
  Recall                   = 0.6855
  F1                       = 0.7957

[Timings (seconds)]
  recursive                = 0.645
  filter                   = 0.082
  cluster                  = 0.21

========================================================================
