# group=A_merge_purge config_id=default
# label=baseline 4-way
# cmd=/usr/local/bin/python3 recursive_algo1_2_v2.py --input ../S4G.txt --truth-dir .. --clusters-json /home/user/blockingandEmbeddinginER/RESULTS/runs/A_merge_purge/default/clusters.json

Starting...
Loaded 1912 records
Replaced non-word characters with spaces in extracted tokens
Built token frequency dict with 4694 unique tokens
Stop-word removal: dropped 27 tokens with freq > 60
  Examples: ['NC', 'SALEM', 'WINSTON', 'ADAMS', 'DR', 'RD', 'CT', '27106', '27284', 'KERNERSVILLE', 'ST', '27105', '27103', 'LN', '27104']
Rebuilt token frequency dict: 4667 unique tokens remain

DF distribution percentiles (post-cleanup):
  p50=2, p90=5, p95=7, p99=22
Record-length percentiles (distinct tokens, post-cleanup):
  p50=6, p90=8, p95=9, p99=11
init_df_max derived from percentile 0.95: 7
[legacy] Mode token length: 6
[legacy] stop_k = floor(0.6 * 6) = 3
[diagnostic] Legacy heuristic stop_k(factor=0.6) = 3 (not used unless --stop-k* given)

Resolved parameters:
  init_df_max         = 7
  max_recursion_depth = 5
  min_intra_freq      = 2
  min_blk_token_len   = 4
  exclude_numeric     = True
  min_block_size      = 2
  top_k               = 3
  filter_mode         = size
  tau                 = 0.2
  arcs_weighting      = uniform
  density_floor       = 0.0 (min_size=3)
  cluster_on          = final

Creating initial blocks...
Blocking filters: min_blk_token_len=4, exclude_numeric_blocks=True, freq window=[2, 7]
Blocking gate counters (per-record token instances):
  too_short (< 4): 1752
  numeric (excluded):                3394
  freq < 2:                          1051
  freq > 7:                       2440
  kept (became block memberships):   3562
  unique blocking keys produced:     1132
Initial blocks created: 1132
[metrics] Auto-detected truth file: ../truthABCgoodDQ.txt

######################################################################
# RUN: merge=True, purge=True
######################################################################

--- depth=1, effective min_intra_freq=2, max_depth=5 (do_merge=True, do_purge=True) ---
Current number of blocks: 1132
Calling refine_blocks with min_intra_freq=2...
refine_blocks took 0.12 seconds, produced 4598 blocks
Merging blocks...
merge_blocks took 0.04 seconds, result: 1309 blocks
Purging subset blocks...
purge_subset_blocks took 0.01 seconds, dropped 618, result: 691 blocks

--- depth=2, effective min_intra_freq=2, max_depth=5 (do_merge=True, do_purge=True) ---
Current number of blocks: 691
Calling refine_blocks with min_intra_freq=2...
refine_blocks took 0.05 seconds, produced 2372 blocks
Merging blocks...
merge_blocks took 0.03 seconds, result: 1301 blocks
Purging subset blocks...
purge_subset_blocks took 0.01 seconds, dropped 610, result: 691 blocks

--- depth=3, effective min_intra_freq=3, max_depth=5 (do_merge=True, do_purge=True) ---
Current number of blocks: 691
Calling refine_blocks with min_intra_freq=3...
refine_blocks took 0.03 seconds, produced 725 blocks
Merging blocks...
merge_blocks took 0.01 seconds, result: 897 blocks
Purging subset blocks...
purge_subset_blocks took 0.01 seconds, dropped 206, result: 691 blocks

--- depth=4, effective min_intra_freq=4, max_depth=5 (do_merge=True, do_purge=True) ---
Current number of blocks: 691
Calling refine_blocks with min_intra_freq=4...
refine_blocks took 0.02 seconds, produced 133 blocks
Merging blocks...
merge_blocks took 0.01 seconds, result: 751 blocks
Purging subset blocks...
purge_subset_blocks took 0.01 seconds, dropped 60, result: 691 blocks

--- depth=5, effective min_intra_freq=5, max_depth=5 (do_merge=True, do_purge=True) ---
Current number of blocks: 691
Calling refine_blocks with min_intra_freq=5...
refine_blocks took 0.02 seconds, produced 35 blocks
Merging blocks...
merge_blocks took 0.01 seconds, result: 708 blocks
Purging subset blocks...
purge_subset_blocks took 0.01 seconds, dropped 17, result: 691 blocks

--- depth=6, effective min_intra_freq=6, max_depth=5 (do_merge=True, do_purge=True) ---
Current number of blocks: 691
Stopping: depth > max_recursion_depth

Peak block count during recursion: 1132 (at depth=0)
Clustering on FINAL snapshot (691 blocks)

Building ARCS weighted graph (weighting=uniform)...
  [pair similarity] pair_sim_weight=1.0: each pair's ARCS contribution scaled by shared_tokens / (|A| + |B| - shared_tokens)
  Graph built in 0.08s — 3744 edges
  ARCS edge-weight histogram (3744 edges, range [0.0055, 0.8333]):
    [0.0055, 0.0883): 2695
    [0.0883, 0.1711): 409
    [0.1711, 0.2538): 277
    [0.2538, 0.3366): 147
    [0.3366, 0.4194): 95
    [0.4194, 0.5022): 81
    [0.5022, 0.5850): 21
    [0.5850, 0.6678): 8
    [0.6678, 0.7505): 10
    [0.7505, 0.8333): 1
  Edges kept (weight >= 0.2): 582 / 3744
  Clusters (pre-density): 384 multi-record, 1044 singletons
  Wrote 1428 clusters to /home/user/blockingandEmbeddinginER/RESULTS/runs/A_merge_purge/default/clusters_m1_p1.json
  Wrote metrics JSON to /home/user/blockingandEmbeddinginER/RESULTS/runs/A_merge_purge/default/clusters_m1_p1.metrics.json
  Wrote metrics log  to /home/user/blockingandEmbeddinginER/RESULTS/runs/A_merge_purge/default/clusters_m1_p1.metrics.log

######################################################################
# RUN: merge=True, purge=False
######################################################################

--- depth=1, effective min_intra_freq=2, max_depth=5 (do_merge=True, do_purge=False) ---
Current number of blocks: 1132
Calling refine_blocks with min_intra_freq=2...
refine_blocks took 0.11 seconds, produced 4598 blocks
Merging blocks...
merge_blocks took 0.02 seconds, result: 1309 blocks
Skipping purge_subset_blocks (do_purge=False)

--- depth=2, effective min_intra_freq=2, max_depth=5 (do_merge=True, do_purge=False) ---
Current number of blocks: 1309
Calling refine_blocks with min_intra_freq=2...
refine_blocks took 0.07 seconds, produced 2985 blocks
Merging blocks...
merge_blocks took 0.02 seconds, result: 1312 blocks
Skipping purge_subset_blocks (do_purge=False)

--- depth=3, effective min_intra_freq=3, max_depth=5 (do_merge=True, do_purge=False) ---
Current number of blocks: 1312
Calling refine_blocks with min_intra_freq=3...
refine_blocks took 0.04 seconds, produced 805 blocks
Merging blocks...
merge_blocks took 0.02 seconds, result: 1312 blocks
Skipping purge_subset_blocks (do_purge=False)

--- depth=4, effective min_intra_freq=4, max_depth=5 (do_merge=True, do_purge=False) ---
Current number of blocks: 1312
Calling refine_blocks with min_intra_freq=4...
refine_blocks took 0.03 seconds, produced 137 blocks
Merging blocks...
merge_blocks took 0.02 seconds, result: 1312 blocks
Skipping purge_subset_blocks (do_purge=False)

--- depth=5, effective min_intra_freq=5, max_depth=5 (do_merge=True, do_purge=False) ---
Current number of blocks: 1312
Calling refine_blocks with min_intra_freq=5...
refine_blocks took 0.03 seconds, produced 35 blocks
Merging blocks...
merge_blocks took 0.01 seconds, result: 1312 blocks
Skipping purge_subset_blocks (do_purge=False)

--- depth=6, effective min_intra_freq=6, max_depth=5 (do_merge=True, do_purge=False) ---
Current number of blocks: 1312
Stopping: depth > max_recursion_depth

Peak block count during recursion: 1312 (at depth=2)
Clustering on FINAL snapshot (1312 blocks)

Building ARCS weighted graph (weighting=uniform)...
  [pair similarity] pair_sim_weight=1.0: each pair's ARCS contribution scaled by shared_tokens / (|A| + |B| - shared_tokens)
  Graph built in 0.10s — 3029 edges
  ARCS edge-weight histogram (3029 edges, range [0.0079, 1.1667]):
    [0.0079, 0.1238): 1973
    [0.1238, 0.2397): 238
    [0.2397, 0.3556): 148
    [0.3556, 0.4714): 156
    [0.4714, 0.5873): 128
    [0.5873, 0.7032): 105
    [0.7032, 0.8190): 97
    [0.8190, 0.9349): 82
    [0.9349, 1.0508): 52
    [1.0508, 1.1667): 50
  Edges kept (weight >= 0.2): 886 / 3029
  Clusters (pre-density): 495 multi-record, 731 singletons
  Wrote 1226 clusters to /home/user/blockingandEmbeddinginER/RESULTS/runs/A_merge_purge/default/clusters_m1_p0.json
  Wrote metrics JSON to /home/user/blockingandEmbeddinginER/RESULTS/runs/A_merge_purge/default/clusters_m1_p0.metrics.json
  Wrote metrics log  to /home/user/blockingandEmbeddinginER/RESULTS/runs/A_merge_purge/default/clusters_m1_p0.metrics.log

######################################################################
# RUN: merge=False, purge=True
######################################################################

--- depth=1, effective min_intra_freq=2, max_depth=5 (do_merge=False, do_purge=True) ---
Current number of blocks: 1132
Calling refine_blocks with min_intra_freq=2...
refine_blocks took 0.10 seconds, produced 4598 blocks
Skipping merge_blocks (do_merge=False); naive concat...
  result: 5730 blocks
Purging subset blocks...
purge_subset_blocks took 0.06 seconds, dropped 5039, result: 691 blocks

--- depth=2, effective min_intra_freq=2, max_depth=5 (do_merge=False, do_purge=True) ---
Current number of blocks: 691
Calling refine_blocks with min_intra_freq=2...
refine_blocks took 0.07 seconds, produced 3081 blocks
Skipping merge_blocks (do_merge=False); naive concat...
  result: 3772 blocks
Purging subset blocks...
purge_subset_blocks took 0.04 seconds, dropped 3081, result: 691 blocks

--- depth=3, effective min_intra_freq=3, max_depth=5 (do_merge=False, do_purge=True) ---
Current number of blocks: 691
Calling refine_blocks with min_intra_freq=3...
refine_blocks took 0.04 seconds, produced 1052 blocks
Skipping merge_blocks (do_merge=False); naive concat...
  result: 1743 blocks
Purging subset blocks...
purge_subset_blocks took 0.02 seconds, dropped 1052, result: 691 blocks

--- depth=4, effective min_intra_freq=4, max_depth=5 (do_merge=False, do_purge=True) ---
Current number of blocks: 691
Calling refine_blocks with min_intra_freq=4...
refine_blocks took 0.02 seconds, produced 277 blocks
Skipping merge_blocks (do_merge=False); naive concat...
  result: 968 blocks
Purging subset blocks...
purge_subset_blocks took 0.01 seconds, dropped 277, result: 691 blocks

--- depth=5, effective min_intra_freq=5, max_depth=5 (do_merge=False, do_purge=True) ---
Current number of blocks: 691
Calling refine_blocks with min_intra_freq=5...
refine_blocks took 0.02 seconds, produced 110 blocks
Skipping merge_blocks (do_merge=False); naive concat...
  result: 801 blocks
Purging subset blocks...
purge_subset_blocks took 0.01 seconds, dropped 110, result: 691 blocks

--- depth=6, effective min_intra_freq=6, max_depth=5 (do_merge=False, do_purge=True) ---
Current number of blocks: 691
Stopping: depth > max_recursion_depth

Peak block count during recursion: 1132 (at depth=0)
Clustering on FINAL snapshot (691 blocks)

Building ARCS weighted graph (weighting=uniform)...
  [pair similarity] pair_sim_weight=1.0: each pair's ARCS contribution scaled by shared_tokens / (|A| + |B| - shared_tokens)
  Graph built in 0.08s — 3744 edges
  ARCS edge-weight histogram (3744 edges, range [0.0055, 0.8333]):
    [0.0055, 0.0883): 2695
    [0.0883, 0.1711): 409
    [0.1711, 0.2538): 277
    [0.2538, 0.3366): 147
    [0.3366, 0.4194): 95
    [0.4194, 0.5022): 81
    [0.5022, 0.5850): 21
    [0.5850, 0.6678): 8
    [0.6678, 0.7505): 10
    [0.7505, 0.8333): 1
  Edges kept (weight >= 0.2): 582 / 3744
  Clusters (pre-density): 384 multi-record, 1044 singletons
  Wrote 1428 clusters to /home/user/blockingandEmbeddinginER/RESULTS/runs/A_merge_purge/default/clusters_m0_p1.json
  Wrote metrics JSON to /home/user/blockingandEmbeddinginER/RESULTS/runs/A_merge_purge/default/clusters_m0_p1.metrics.json
  Wrote metrics log  to /home/user/blockingandEmbeddinginER/RESULTS/runs/A_merge_purge/default/clusters_m0_p1.metrics.log

######################################################################
# RUN: merge=False, purge=False
######################################################################

--- depth=1, effective min_intra_freq=2, max_depth=5 (do_merge=False, do_purge=False) ---
Current number of blocks: 1132
Calling refine_blocks with min_intra_freq=2...
refine_blocks took 0.10 seconds, produced 4598 blocks
Skipping merge_blocks (do_merge=False); naive concat...
  result: 5730 blocks
Skipping purge_subset_blocks (do_purge=False)

--- depth=2, effective min_intra_freq=2, max_depth=5 (do_merge=False, do_purge=False) ---
Current number of blocks: 5730
Calling refine_blocks with min_intra_freq=2...
refine_blocks took 0.42 seconds, produced 12612 blocks
Skipping merge_blocks (do_merge=False); naive concat...
  result: 13744 blocks
Skipping purge_subset_blocks (do_purge=False)

--- depth=3, effective min_intra_freq=3, max_depth=5 (do_merge=False, do_purge=False) ---
Current number of blocks: 13744
Calling refine_blocks with min_intra_freq=3...
refine_blocks took 0.46 seconds, produced 6118 blocks
Skipping merge_blocks (do_merge=False); naive concat...
  result: 16076 blocks
Skipping purge_subset_blocks (do_purge=False)

--- depth=4, effective min_intra_freq=4, max_depth=5 (do_merge=False, do_purge=False) ---
Current number of blocks: 16076
Calling refine_blocks with min_intra_freq=4...
refine_blocks took 0.29 seconds, produced 1021 blocks
Skipping merge_blocks (do_merge=False); naive concat...
  result: 16164 blocks
Skipping purge_subset_blocks (do_purge=False)

--- depth=5, effective min_intra_freq=5, max_depth=5 (do_merge=False, do_purge=False) ---
Current number of blocks: 16164
Calling refine_blocks with min_intra_freq=5...
refine_blocks took 0.26 seconds, produced 412 blocks
Skipping merge_blocks (do_merge=False); naive concat...
  result: 16174 blocks
Skipping purge_subset_blocks (do_purge=False)

--- depth=6, effective min_intra_freq=6, max_depth=5 (do_merge=False, do_purge=False) ---
Current number of blocks: 16174
Stopping: depth > max_recursion_depth

Peak block count during recursion: 16174 (at depth=5)
Clustering on FINAL snapshot (16174 blocks)

Building ARCS weighted graph (weighting=uniform)...
  [pair similarity] pair_sim_weight=1.0: each pair's ARCS contribution scaled by shared_tokens / (|A| + |B| - shared_tokens)
  Graph built in 0.08s — 1045 edges
  ARCS edge-weight histogram (1045 edges, range [0.0096, 1.5000]):
    [0.0096, 0.1587): 250
    [0.1587, 0.3077): 62
    [0.3077, 0.4567): 59
    [0.4567, 0.6058): 60
    [0.6058, 0.7548): 49
    [0.7548, 0.9038): 37
    [0.9038, 1.0529): 200
    [1.0529, 1.2019): 63
    [1.2019, 1.3510): 52
    [1.3510, 1.5000): 213
  Edges kept (weight >= 0.2): 777 / 1045
  Clusters (pre-density): 562 multi-record, 682 singletons
  Wrote 1244 clusters to /home/user/blockingandEmbeddinginER/RESULTS/runs/A_merge_purge/default/clusters_m0_p0.json
  Wrote metrics JSON to /home/user/blockingandEmbeddinginER/RESULTS/runs/A_merge_purge/default/clusters_m0_p0.metrics.json
  Wrote metrics log  to /home/user/blockingandEmbeddinginER/RESULTS/runs/A_merge_purge/default/clusters_m0_p0.metrics.log


==============================================================================================================
ABLATION SUMMARY
mode=default, init_df_max=7, max_recursion_depth=5, min_intra_freq=2, tau=0.2, top_k=3, filter_mode=size, min_block_size=2, arcs_weighting=uniform, density_floor=0.0, cluster_on=final
==============================================================================================================
merge purge  blks(rec)   pairs(rec)  blks(flt)   pairs(flt)  clusters  multi  single  t_rec(s)  t_flt(s)  t_clu(s)  peak(MB)
--------------------------------------------------------------------------------------------------------------
    T     T        691         4063        691         4013      1428    384    1044      0.39      0.03      0.09     246.8
    T     F       1312         5361       1293         4054      1226    495     731      0.38      0.05      0.11     247.2
    F     T        691         4063        691         4013      1428    384    1044      0.39      0.03      0.09     246.6
    F     F      16174        37918       1845         2504      1244    562     682      1.55      0.25      0.08     251.0
==============================================================================================================
