========================================================================
  RUN METRICS
========================================================================

[Configuration]
  blocking_mode            = default
  do_merge                 = False
  do_purge                 = True
  max_recursion_depth      = 5
  min_intra_freq           = 2
  top_k                    = 3
  tau                      = 0.2
  min_block_size           = 4
  filter_mode              = size
  weight_size              = 0.0
  weight_shared            = 0.0
  weight_tokenlen          = 0.0
  cluster_on               = final
  arcs_weighting           = uniform
  density_floor            = 0.0
  density_min_size         = 3
  arcs_factors             = {'length_weight': 0.0, 'numeric_factor': 1.0, 'word_factor': 1.0, 'density_weight': 0.0, 'density_sample_cap': 200, 'pair_sim_weight': 1.0}

[Records]
  total                    = 2912
  unique                   = 2912

[Predicted Clusters]
  total                    = 2541
  multi-record             = 271
  singletons               = 2270
  size  min / max          = 1 / 5
  size  mean / median      = 1.146 / 1
  size distribution (size: count):
    size   1 : 2270
    size   2 : 185
    size   3 : 74
    size   4 : 10
    size   5 : 2

[Truth Clusters]  (../truthABCgoodDQ.txt)
  total                    = 1827
  size  min / max          = 1 / 6
  size  mean / median      = 1.594 / 1
  size distribution (size: count):
    size   1 : 1056
    size   2 : 516
    size   3 : 205
    size   4 : 42
    size   5 : 7
    size   6 : 1

[Distribution Match]
  cluster count diff       = 714  (predicted - truth)
  size-distribution L1     = 1714

[Pair-based Metrics]
  TP                       = 479
  FP                       = 8
  FN                       = 989
  Linked Pairs (L)         = 487
  Expected Pairs (E)       = 1468
  Precision                = 0.9836
  Recall                   = 0.3263
  F1                       = 0.49

[Timings (seconds)]
  recursive                = 0.567
  filter                   = 0.043
  cluster                  = 0.118

========================================================================
