========================================================================
  RUN METRICS
========================================================================

[Configuration]
  blocking_mode            = default
  do_merge                 = False
  do_purge                 = False
  max_recursion_depth      = 5
  min_intra_freq           = 2
  top_k                    = 3
  tau                      = 0.2
  min_block_size           = 4
  filter_mode              = size
  weight_size              = 0.0
  weight_shared            = 0.0
  weight_tokenlen          = 0.0
  cluster_on               = final
  arcs_weighting           = uniform
  density_floor            = 0.0
  density_min_size         = 3
  arcs_factors             = {'length_weight': 0.0, 'numeric_factor': 1.0, 'word_factor': 1.0, 'density_weight': 0.0, 'density_sample_cap': 200, 'pair_sim_weight': 1.0}

[Records]
  total                    = 5000
  unique                   = 5000

[Predicted Clusters]
  total                    = 4932
  multi-record             = 22
  singletons               = 4910
  size  min / max          = 1 / 6
  size  mean / median      = 1.014 / 1.0
  size distribution (size: count):
    size   1 : 4910
    size   2 : 1
    size   3 : 1
    size   4 : 16
    size   5 : 3
    size   6 : 1

[Truth Clusters]  (../truthABCgoodDQ.txt)
  total                    = 2183
  size  min / max          = 1 / 6
  size  mean / median      = 2.29 / 2
  size distribution (size: count):
    size   1 : 741
    size   2 : 597
    size   3 : 440
    size   4 : 298
    size   5 : 89
    size   6 : 18

[Distribution Match]
  cluster count diff       = 2749  (predicted - truth)
  size-distribution L1     = 5589

[Pair-based Metrics]
  TP                       = 135
  FP                       = 10
  FN                       = 4730
  Linked Pairs (L)         = 145
  Expected Pairs (E)       = 4865
  Precision                = 0.931
  Recall                   = 0.0277
  F1                       = 0.0539

[Timings (seconds)]
  recursive                = 3.4
  filter                   = 0.484
  cluster                  = 0.019

========================================================================
