========================================================================
  RUN METRICS
========================================================================

[Configuration]
  blocking_mode            = default
  do_merge                 = True
  do_purge                 = True
  max_recursion_depth      = 5
  min_intra_freq           = 2
  top_k                    = 3
  tau                      = 0.2
  min_block_size           = 4
  filter_mode              = size
  weight_size              = 0.0
  weight_shared            = 0.0
  weight_tokenlen          = 0.0
  cluster_on               = final
  arcs_weighting           = uniform
  density_floor            = 0.0
  density_min_size         = 3
  arcs_factors             = {'length_weight': 0.0, 'numeric_factor': 1.0, 'word_factor': 1.0, 'density_weight': 0.0, 'density_sample_cap': 200, 'pair_sim_weight': 1.0}

[Records]
  total                    = 100
  unique                   = 100

[Predicted Clusters]
  total                    = 87
  multi-record             = 9
  singletons               = 78
  size  min / max          = 1 / 3
  size  mean / median      = 1.149 / 1
  size distribution (size: count):
    size   1 : 78
    size   2 : 5
    size   3 : 4

[Truth Clusters]  (../truthABCgoodDQ.txt)
  total                    = 62
  size  min / max          = 1 / 4
  size  mean / median      = 1.613 / 1.0
  size distribution (size: count):
    size   1 : 33
    size   2 : 21
    size   3 : 7
    size   4 : 1

[Distribution Match]
  cluster count diff       = 25  (predicted - truth)
  size-distribution L1     = 65

[Pair-based Metrics]
  TP                       = 15
  FP                       = 2
  FN                       = 33
  Linked Pairs (L)         = 17
  Expected Pairs (E)       = 48
  Precision                = 0.8824
  Recall                   = 0.3125
  F1                       = 0.4615

[Timings (seconds)]
  recursive                = 0.036
  filter                   = 0.002
  cluster                  = 0.003

========================================================================
