========================================================================
  RUN METRICS
========================================================================

[Configuration]
  blocking_mode            = default
  do_merge                 = True
  do_purge                 = True
  max_recursion_depth      = 5
  min_intra_freq           = 2
  top_k                    = 10
  tau                      = 0.2
  min_block_size           = 2
  filter_mode              = size
  weight_size              = 0.0
  weight_shared            = 0.0
  weight_tokenlen          = 0.0
  cluster_on               = final
  arcs_weighting           = uniform
  density_floor            = 0.0
  density_min_size         = 3
  arcs_factors             = {'length_weight': 0.0, 'numeric_factor': 1.0, 'word_factor': 1.0, 'density_weight': 0.0, 'density_sample_cap': 200, 'pair_sim_weight': 1.0}

[Records]
  total                    = 3004
  unique                   = 3004

[Predicted Clusters]
  total                    = 2322
  multi-record             = 529
  singletons               = 1793
  size  min / max          = 1 / 5
  size  mean / median      = 1.294 / 1.0
  size distribution (size: count):
    size   1 : 1793
    size   2 : 392
    size   3 : 122
    size   4 : 14
    size   5 : 1

[Truth Clusters]  (../truthABCgoodDQ.txt)
  total                    = 1877
  size  min / max          = 1 / 6
  size  mean / median      = 1.6 / 1
  size distribution (size: count):
    size   1 : 1076
    size   2 : 538
    size   3 : 209
    size   4 : 46
    size   5 : 7
    size   6 : 1

[Distribution Match]
  cluster count diff       = 445  (predicted - truth)
  size-distribution L1     = 989

[Pair-based Metrics]
  TP                       = 836
  FP                       = 16
  FN                       = 690
  Linked Pairs (L)         = 852
  Expected Pairs (E)       = 1526
  Precision                = 0.9812
  Recall                   = 0.5478
  F1                       = 0.7031

[Timings (seconds)]
  recursive                = 0.61
  filter                   = 0.076
  cluster                  = 0.206

========================================================================
