========================================================================
  RUN METRICS
========================================================================

[Configuration]
  blocking_mode            = default
  do_merge                 = False
  do_purge                 = False
  max_recursion_depth      = 5
  min_intra_freq           = 2
  top_k                    = 10
  tau                      = 0.2
  min_block_size           = 2
  filter_mode              = size
  weight_size              = 0.0
  weight_shared            = 0.0
  weight_tokenlen          = 0.0
  cluster_on               = final
  arcs_weighting           = uniform
  density_floor            = 0.0
  density_min_size         = 3
  arcs_factors             = {'length_weight': 0.0, 'numeric_factor': 1.0, 'word_factor': 1.0, 'density_weight': 0.0, 'density_sample_cap': 200, 'pair_sim_weight': 1.0}

[Records]
  total                    = 5000
  unique                   = 5000

[Predicted Clusters]
  total                    = 2624
  multi-record             = 1403
  singletons               = 1221
  size  min / max          = 1 / 8
  size  mean / median      = 1.905 / 2.0
  size distribution (size: count):
    size   1 : 1221
    size   2 : 748
    size   3 : 410
    size   4 : 190
    size   5 : 41
    size   6 : 11
    size   7 : 2
    size   8 : 1

[Truth Clusters]  (../truthABCgoodDQ.txt)
  total                    = 2183
  size  min / max          = 1 / 6
  size  mean / median      = 2.29 / 2
  size distribution (size: count):
    size   1 : 741
    size   2 : 597
    size   3 : 440
    size   4 : 298
    size   5 : 89
    size   6 : 18

[Distribution Match]
  cluster count diff       = 441  (predicted - truth)
  size-distribution L1     = 827

[Pair-based Metrics]
  TP                       = 3323
  FP                       = 440
  FN                       = 1542
  Linked Pairs (L)         = 3763
  Expected Pairs (E)       = 4865
  Precision                = 0.8831
  Recall                   = 0.683
  F1                       = 0.7703

[Timings (seconds)]
  recursive                = 3.368
  filter                   = 0.614
  cluster                  = 0.635

========================================================================
