# group=E_top_k config_id=k=10
# label=top_k=10
# cmd=/usr/local/bin/python3 recursive_algo1_2_v2.py --input ../S4G.txt --truth-dir .. --clusters-json /home/user/blockingandEmbeddinginER/RESULTS/runs/E_top_k/k=10/clusters.json --top-k 10

Starting...
Loaded 1912 records
Replaced non-word characters with spaces in extracted tokens
Built token frequency dict with 4694 unique tokens
Stop-word removal: dropped 27 tokens with freq > 60
  Examples: ['NC', 'SALEM', 'WINSTON', 'ADAMS', 'DR', 'RD', 'CT', '27106', '27284', 'KERNERSVILLE', 'ST', '27105', '27103', 'LN', '27104']
Rebuilt token frequency dict: 4667 unique tokens remain

DF distribution percentiles (post-cleanup):
  p50=2, p90=5, p95=7, p99=22
Record-length percentiles (distinct tokens, post-cleanup):
  p50=6, p90=8, p95=9, p99=11
init_df_max derived from percentile 0.95: 7
[legacy] Mode token length: 6
[legacy] stop_k = floor(0.6 * 6) = 3
[diagnostic] Legacy heuristic stop_k(factor=0.6) = 3 (not used unless --stop-k* given)

Resolved parameters:
  init_df_max         = 7
  max_recursion_depth = 5
  min_intra_freq      = 2
  min_blk_token_len   = 4
  exclude_numeric     = True
  min_block_size      = 2
  top_k               = 10
  filter_mode         = size
  tau                 = 0.2
  arcs_weighting      = uniform
  density_floor       = 0.0 (min_size=3)
  cluster_on          = final

Creating initial blocks...
Blocking filters: min_blk_token_len=4, exclude_numeric_blocks=True, freq window=[2, 7]
Blocking gate counters (per-record token instances):
  too_short (< 4): 1752
  numeric (excluded):                3394
  freq < 2:                          1051
  freq > 7:                       2440
  kept (became block memberships):   3562
  unique blocking keys produced:     1132
Initial blocks created: 1132
[metrics] Auto-detected truth file: ../truthABCgoodDQ.txt

######################################################################
# RUN: merge=True, purge=True
######################################################################

--- depth=1, effective min_intra_freq=2, max_depth=5 (do_merge=True, do_purge=True) ---
Current number of blocks: 1132
Calling refine_blocks with min_intra_freq=2...
refine_blocks took 0.10 seconds, produced 4598 blocks
Merging blocks...
merge_blocks took 0.02 seconds, result: 1309 blocks
Purging subset blocks...
purge_subset_blocks took 0.01 seconds, dropped 618, result: 691 blocks

--- depth=2, effective min_intra_freq=2, max_depth=5 (do_merge=True, do_purge=True) ---
Current number of blocks: 691
Calling refine_blocks with min_intra_freq=2...
refine_blocks took 0.05 seconds, produced 2372 blocks
Merging blocks...
merge_blocks took 0.02 seconds, result: 1301 blocks
Purging subset blocks...
purge_subset_blocks took 0.01 seconds, dropped 610, result: 691 blocks

--- depth=3, effective min_intra_freq=3, max_depth=5 (do_merge=True, do_purge=True) ---
Current number of blocks: 691
Calling refine_blocks with min_intra_freq=3...
refine_blocks took 0.03 seconds, produced 725 blocks
Merging blocks...
merge_blocks took 0.01 seconds, result: 897 blocks
Purging subset blocks...
purge_subset_blocks took 0.01 seconds, dropped 206, result: 691 blocks

--- depth=4, effective min_intra_freq=4, max_depth=5 (do_merge=True, do_purge=True) ---
Current number of blocks: 691
Calling refine_blocks with min_intra_freq=4...
refine_blocks took 0.02 seconds, produced 133 blocks
Merging blocks...
merge_blocks took 0.01 seconds, result: 751 blocks
Purging subset blocks...
purge_subset_blocks took 0.01 seconds, dropped 60, result: 691 blocks

--- depth=5, effective min_intra_freq=5, max_depth=5 (do_merge=True, do_purge=True) ---
Current number of blocks: 691
Calling refine_blocks with min_intra_freq=5...
refine_blocks took 0.02 seconds, produced 35 blocks
Merging blocks...
merge_blocks took 0.01 seconds, result: 708 blocks
Purging subset blocks...
purge_subset_blocks took 0.01 seconds, dropped 17, result: 691 blocks

--- depth=6, effective min_intra_freq=6, max_depth=5 (do_merge=True, do_purge=True) ---
Current number of blocks: 691
Stopping: depth > max_recursion_depth

Peak block count during recursion: 1132 (at depth=0)
Clustering on FINAL snapshot (691 blocks)

Building ARCS weighted graph (weighting=uniform)...
  [pair similarity] pair_sim_weight=1.0: each pair's ARCS contribution scaled by shared_tokens / (|A| + |B| - shared_tokens)
  Graph built in 0.08s — 3782 edges
  ARCS edge-weight histogram (3782 edges, range [0.0055, 0.8333]):
    [0.0055, 0.0883): 2731
    [0.0883, 0.1711): 412
    [0.1711, 0.2538): 278
    [0.2538, 0.3366): 143
    [0.3366, 0.4194): 97
    [0.4194, 0.5022): 80
    [0.5022, 0.5850): 21
    [0.5850, 0.6678): 6
    [0.6678, 0.7505): 10
    [0.7505, 0.8333): 4
  Edges kept (weight >= 0.2): 580 / 3782
  Clusters (pre-density): 382 multi-record, 1048 singletons
  Wrote 1430 clusters to /home/user/blockingandEmbeddinginER/RESULTS/runs/E_top_k/k=10/clusters_m1_p1.json
  Wrote metrics JSON to /home/user/blockingandEmbeddinginER/RESULTS/runs/E_top_k/k=10/clusters_m1_p1.metrics.json
  Wrote metrics log  to /home/user/blockingandEmbeddinginER/RESULTS/runs/E_top_k/k=10/clusters_m1_p1.metrics.log

######################################################################
# RUN: merge=True, purge=False
######################################################################

--- depth=1, effective min_intra_freq=2, max_depth=5 (do_merge=True, do_purge=False) ---
Current number of blocks: 1132
Calling refine_blocks with min_intra_freq=2...
refine_blocks took 0.11 seconds, produced 4598 blocks
Merging blocks...
merge_blocks took 0.02 seconds, result: 1309 blocks
Skipping purge_subset_blocks (do_purge=False)

--- depth=2, effective min_intra_freq=2, max_depth=5 (do_merge=True, do_purge=False) ---
Current number of blocks: 1309
Calling refine_blocks with min_intra_freq=2...
refine_blocks took 0.08 seconds, produced 2985 blocks
Merging blocks...
merge_blocks took 0.02 seconds, result: 1312 blocks
Skipping purge_subset_blocks (do_purge=False)

--- depth=3, effective min_intra_freq=3, max_depth=5 (do_merge=True, do_purge=False) ---
Current number of blocks: 1312
Calling refine_blocks with min_intra_freq=3...
refine_blocks took 0.04 seconds, produced 805 blocks
Merging blocks...
merge_blocks took 0.01 seconds, result: 1312 blocks
Skipping purge_subset_blocks (do_purge=False)

--- depth=4, effective min_intra_freq=4, max_depth=5 (do_merge=True, do_purge=False) ---
Current number of blocks: 1312
Calling refine_blocks with min_intra_freq=4...
refine_blocks took 0.03 seconds, produced 137 blocks
Merging blocks...
merge_blocks took 0.01 seconds, result: 1312 blocks
Skipping purge_subset_blocks (do_purge=False)

--- depth=5, effective min_intra_freq=5, max_depth=5 (do_merge=True, do_purge=False) ---
Current number of blocks: 1312
Calling refine_blocks with min_intra_freq=5...
refine_blocks took 0.03 seconds, produced 35 blocks
Merging blocks...
merge_blocks took 0.01 seconds, result: 1312 blocks
Skipping purge_subset_blocks (do_purge=False)

--- depth=6, effective min_intra_freq=6, max_depth=5 (do_merge=True, do_purge=False) ---
Current number of blocks: 1312
Stopping: depth > max_recursion_depth

Peak block count during recursion: 1312 (at depth=2)
Clustering on FINAL snapshot (1312 blocks)

Building ARCS weighted graph (weighting=uniform)...
  [pair similarity] pair_sim_weight=1.0: each pair's ARCS contribution scaled by shared_tokens / (|A| + |B| - shared_tokens)
  Graph built in 0.12s — 3782 edges
  ARCS edge-weight histogram (3782 edges, range [0.0055, 1.7833]):
    [0.0055, 0.1833): 2842
    [0.1833, 0.3611): 231
    [0.3611, 0.5388): 251
    [0.5388, 0.7166): 153
    [0.7166, 0.8944): 157
    [0.8944, 1.0722): 71
    [1.0722, 1.2500): 40
    [1.2500, 1.4278): 27
    [1.4278, 1.6055): 4
    [1.6055, 1.7833): 6
  Edges kept (weight >= 0.2): 919 / 3782
  Clusters (pre-density): 499 multi-record, 712 singletons
  Wrote 1211 clusters to /home/user/blockingandEmbeddinginER/RESULTS/runs/E_top_k/k=10/clusters_m1_p0.json
  Wrote metrics JSON to /home/user/blockingandEmbeddinginER/RESULTS/runs/E_top_k/k=10/clusters_m1_p0.metrics.json
  Wrote metrics log  to /home/user/blockingandEmbeddinginER/RESULTS/runs/E_top_k/k=10/clusters_m1_p0.metrics.log

######################################################################
# RUN: merge=False, purge=True
######################################################################

--- depth=1, effective min_intra_freq=2, max_depth=5 (do_merge=False, do_purge=True) ---
Current number of blocks: 1132
Calling refine_blocks with min_intra_freq=2...
refine_blocks took 0.12 seconds, produced 4598 blocks
Skipping merge_blocks (do_merge=False); naive concat...
  result: 5730 blocks
Purging subset blocks...
purge_subset_blocks took 0.07 seconds, dropped 5039, result: 691 blocks

--- depth=2, effective min_intra_freq=2, max_depth=5 (do_merge=False, do_purge=True) ---
Current number of blocks: 691
Calling refine_blocks with min_intra_freq=2...
refine_blocks took 0.07 seconds, produced 3081 blocks
Skipping merge_blocks (do_merge=False); naive concat...
  result: 3772 blocks
Purging subset blocks...
purge_subset_blocks took 0.04 seconds, dropped 3081, result: 691 blocks

--- depth=3, effective min_intra_freq=3, max_depth=5 (do_merge=False, do_purge=True) ---
Current number of blocks: 691
Calling refine_blocks with min_intra_freq=3...
refine_blocks took 0.05 seconds, produced 1052 blocks
Skipping merge_blocks (do_merge=False); naive concat...
  result: 1743 blocks
Purging subset blocks...
purge_subset_blocks took 0.02 seconds, dropped 1052, result: 691 blocks

--- depth=4, effective min_intra_freq=4, max_depth=5 (do_merge=False, do_purge=True) ---
Current number of blocks: 691
Calling refine_blocks with min_intra_freq=4...
refine_blocks took 0.03 seconds, produced 277 blocks
Skipping merge_blocks (do_merge=False); naive concat...
  result: 968 blocks
Purging subset blocks...
purge_subset_blocks took 0.02 seconds, dropped 277, result: 691 blocks

--- depth=5, effective min_intra_freq=5, max_depth=5 (do_merge=False, do_purge=True) ---
Current number of blocks: 691
Calling refine_blocks with min_intra_freq=5...
refine_blocks took 0.02 seconds, produced 110 blocks
Skipping merge_blocks (do_merge=False); naive concat...
  result: 801 blocks
Purging subset blocks...
purge_subset_blocks took 0.01 seconds, dropped 110, result: 691 blocks

--- depth=6, effective min_intra_freq=6, max_depth=5 (do_merge=False, do_purge=True) ---
Current number of blocks: 691
Stopping: depth > max_recursion_depth

Peak block count during recursion: 1132 (at depth=0)
Clustering on FINAL snapshot (691 blocks)

Building ARCS weighted graph (weighting=uniform)...
  [pair similarity] pair_sim_weight=1.0: each pair's ARCS contribution scaled by shared_tokens / (|A| + |B| - shared_tokens)
  Graph built in 0.10s — 3782 edges
  ARCS edge-weight histogram (3782 edges, range [0.0055, 0.8333]):
    [0.0055, 0.0883): 2731
    [0.0883, 0.1711): 412
    [0.1711, 0.2538): 278
    [0.2538, 0.3366): 143
    [0.3366, 0.4194): 97
    [0.4194, 0.5022): 80
    [0.5022, 0.5850): 21
    [0.5850, 0.6678): 6
    [0.6678, 0.7505): 10
    [0.7505, 0.8333): 4
  Edges kept (weight >= 0.2): 580 / 3782
  Clusters (pre-density): 382 multi-record, 1048 singletons
  Wrote 1430 clusters to /home/user/blockingandEmbeddinginER/RESULTS/runs/E_top_k/k=10/clusters_m0_p1.json
  Wrote metrics JSON to /home/user/blockingandEmbeddinginER/RESULTS/runs/E_top_k/k=10/clusters_m0_p1.metrics.json
  Wrote metrics log  to /home/user/blockingandEmbeddinginER/RESULTS/runs/E_top_k/k=10/clusters_m0_p1.metrics.log

######################################################################
# RUN: merge=False, purge=False
######################################################################

--- depth=1, effective min_intra_freq=2, max_depth=5 (do_merge=False, do_purge=False) ---
Current number of blocks: 1132
Calling refine_blocks with min_intra_freq=2...
refine_blocks took 0.10 seconds, produced 4598 blocks
Skipping merge_blocks (do_merge=False); naive concat...
  result: 5730 blocks
Skipping purge_subset_blocks (do_purge=False)

--- depth=2, effective min_intra_freq=2, max_depth=5 (do_merge=False, do_purge=False) ---
Current number of blocks: 5730
Calling refine_blocks with min_intra_freq=2...
refine_blocks took 0.41 seconds, produced 12612 blocks
Skipping merge_blocks (do_merge=False); naive concat...
  result: 13744 blocks
Skipping purge_subset_blocks (do_purge=False)

--- depth=3, effective min_intra_freq=3, max_depth=5 (do_merge=False, do_purge=False) ---
Current number of blocks: 13744
Calling refine_blocks with min_intra_freq=3...
refine_blocks took 0.44 seconds, produced 6118 blocks
Skipping merge_blocks (do_merge=False); naive concat...
  result: 16076 blocks
Skipping purge_subset_blocks (do_purge=False)

--- depth=4, effective min_intra_freq=4, max_depth=5 (do_merge=False, do_purge=False) ---
Current number of blocks: 16076
Calling refine_blocks with min_intra_freq=4...
refine_blocks took 0.28 seconds, produced 1021 blocks
Skipping merge_blocks (do_merge=False); naive concat...
  result: 16164 blocks
Skipping purge_subset_blocks (do_purge=False)

--- depth=5, effective min_intra_freq=5, max_depth=5 (do_merge=False, do_purge=False) ---
Current number of blocks: 16164
Calling refine_blocks with min_intra_freq=5...
refine_blocks took 0.26 seconds, produced 412 blocks
Skipping merge_blocks (do_merge=False); naive concat...
  result: 16174 blocks
Skipping purge_subset_blocks (do_purge=False)

--- depth=6, effective min_intra_freq=6, max_depth=5 (do_merge=False, do_purge=False) ---
Current number of blocks: 16174
Stopping: depth > max_recursion_depth

Peak block count during recursion: 16174 (at depth=5)
Clustering on FINAL snapshot (16174 blocks)

Building ARCS weighted graph (weighting=uniform)...
  [pair similarity] pair_sim_weight=1.0: each pair's ARCS contribution scaled by shared_tokens / (|A| + |B| - shared_tokens)
  Graph built in 0.21s — 1439 edges
  ARCS edge-weight histogram (1439 edges, range [0.0069, 5.0000]):
    [0.0069, 0.5062): 648
    [0.5062, 1.0056): 78
    [1.0056, 1.5049): 49
    [1.5049, 2.0042): 64
    [2.0042, 2.5035): 52
    [2.5035, 3.0028): 25
    [3.0028, 3.5021): 203
    [3.5021, 4.0014): 65
    [4.0014, 4.5007): 56
    [4.5007, 5.0000): 199
  Edges kept (weight >= 0.2): 870 / 1439
  Clusters (pre-density): 564 multi-record, 624 singletons
  Wrote 1188 clusters to /home/user/blockingandEmbeddinginER/RESULTS/runs/E_top_k/k=10/clusters_m0_p0.json
  Wrote metrics JSON to /home/user/blockingandEmbeddinginER/RESULTS/runs/E_top_k/k=10/clusters_m0_p0.metrics.json
  Wrote metrics log  to /home/user/blockingandEmbeddinginER/RESULTS/runs/E_top_k/k=10/clusters_m0_p0.metrics.log


==============================================================================================================
ABLATION SUMMARY
mode=default, init_df_max=7, max_recursion_depth=5, min_intra_freq=2, tau=0.2, top_k=10, filter_mode=size, min_block_size=2, arcs_weighting=uniform, density_floor=0.0, cluster_on=final
==============================================================================================================
merge purge  blks(rec)   pairs(rec)  blks(flt)   pairs(flt)  clusters  multi  single  t_rec(s)  t_flt(s)  t_clu(s)  peak(MB)
--------------------------------------------------------------------------------------------------------------
    T     T        691         4063        691         4063      1430    382    1048      0.33      0.03      0.09     246.8
    T     F       1312         5361       1312         5356      1211    499     712      0.37      0.05      0.14     247.2
    F     T        691         4063        691         4063      1430    382    1048      0.45      0.05      0.11     246.6
    F     F      16174        37918       5452         7981      1188    564     624      1.50      0.28      0.22     251.7
==============================================================================================================
