========================================================================
  RUN METRICS
========================================================================

[Configuration]
  blocking_mode            = default
  do_merge                 = True
  do_purge                 = False
  max_recursion_depth      = 5
  min_intra_freq           = 2
  top_k                    = 3
  tau                      = 0.2
  min_block_size           = 2
  filter_mode              = composite
  weight_size              = 1.0
  weight_shared            = 1.0
  weight_tokenlen          = 1.0
  cluster_on               = final
  arcs_weighting           = uniform
  density_floor            = 0.0
  density_min_size         = 3
  arcs_factors             = {'length_weight': 0.0, 'numeric_factor': 1.0, 'word_factor': 1.0, 'density_weight': 0.0, 'density_sample_cap': 200, 'pair_sim_weight': 1.0}

[Records]
  total                    = 1912
  unique                   = 1912

[Predicted Clusters]
  total                    = 1226
  multi-record             = 495
  singletons               = 731
  size  min / max          = 1 / 5
  size  mean / median      = 1.56 / 1.0
  size distribution (size: count):
    size   1 : 731
    size   2 : 338
    size   3 : 129
    size   4 : 22
    size   5 : 6

[Truth Clusters]  (../truthABCgoodDQ.txt)
  total                    = 1188
  size  min / max          = 1 / 6
  size  mean / median      = 1.609 / 1.0
  size distribution (size: count):
    size   1 : 678
    size   2 : 339
    size   3 : 136
    size   4 : 28
    size   5 : 6
    size   6 : 1

[Distribution Match]
  cluster count diff       = 38  (predicted - truth)
  size-distribution L1     = 68

[Pair-based Metrics]
  TP                       = 832
  FP                       = 85
  FN                       = 158
  Linked Pairs (L)         = 917
  Expected Pairs (E)       = 990
  Precision                = 0.9073
  Recall                   = 0.8404
  F1                       = 0.8726

[Timings (seconds)]
  recursive                = 0.358
  filter                   = 0.051
  cluster                  = 0.105

========================================================================
