========================================================================
  RUN METRICS
========================================================================

[Configuration]
  blocking_mode            = default
  do_merge                 = False
  do_purge                 = False
  max_recursion_depth      = 5
  min_intra_freq           = 2
  top_k                    = 3
  tau                      = 0.2
  min_block_size           = 2
  filter_mode              = composite
  weight_size              = 1.0
  weight_shared            = 1.0
  weight_tokenlen          = 1.0
  cluster_on               = final
  arcs_weighting           = uniform
  density_floor            = 0.0
  density_min_size         = 3
  arcs_factors             = {'length_weight': 0.0, 'numeric_factor': 1.0, 'word_factor': 1.0, 'density_weight': 0.0, 'density_sample_cap': 200, 'pair_sim_weight': 1.0}

[Records]
  total                    = 5000
  unique                   = 5000

[Predicted Clusters]
  total                    = 2886
  multi-record             = 1449
  singletons               = 1437
  size  min / max          = 1 / 6
  size  mean / median      = 1.733 / 2.0
  size distribution (size: count):
    size   1 : 1437
    size   2 : 900
    size   3 : 444
    size   4 : 95
    size   5 : 9
    size   6 : 1

[Truth Clusters]  (../truthABCgoodDQ.txt)
  total                    = 2183
  size  min / max          = 1 / 6
  size  mean / median      = 2.29 / 2
  size distribution (size: count):
    size   1 : 741
    size   2 : 597
    size   3 : 440
    size   4 : 298
    size   5 : 89
    size   6 : 18

[Distribution Match]
  cluster count diff       = 703  (predicted - truth)
  size-distribution L1     = 1303

[Pair-based Metrics]
  TP                       = 2779
  FP                       = 128
  FN                       = 2086
  Linked Pairs (L)         = 2907
  Expected Pairs (E)       = 4865
  Precision                = 0.956
  Recall                   = 0.5712
  F1                       = 0.7151

[Timings (seconds)]
  recursive                = 3.407
  filter                   = 0.68
  cluster                  = 0.227

========================================================================
