========================================================================
  RUN METRICS
========================================================================

[Configuration]
  blocking_mode            = default
  do_merge                 = True
  do_purge                 = False
  max_recursion_depth      = 5
  min_intra_freq           = 2
  top_k                    = 3
  tau                      = 0.2
  min_block_size           = 2
  filter_mode              = composite
  weight_size              = 0.0
  weight_shared            = 1.0
  weight_tokenlen          = 0.0
  cluster_on               = final
  arcs_weighting           = uniform
  density_floor            = 0.0
  density_min_size         = 3
  arcs_factors             = {'length_weight': 0.0, 'numeric_factor': 1.0, 'word_factor': 1.0, 'density_weight': 0.0, 'density_sample_cap': 200, 'pair_sim_weight': 1.0}

[Records]
  total                    = 3004
  unique                   = 3004

[Predicted Clusters]
  total                    = 1989
  multi-record             = 741
  singletons               = 1248
  size  min / max          = 1 / 5
  size  mean / median      = 1.51 / 1
  size distribution (size: count):
    size   1 : 1248
    size   2 : 509
    size   3 : 196
    size   4 : 30
    size   5 : 6

[Truth Clusters]  (../truthABCgoodDQ.txt)
  total                    = 1877
  size  min / max          = 1 / 6
  size  mean / median      = 1.6 / 1
  size distribution (size: count):
    size   1 : 1076
    size   2 : 538
    size   3 : 209
    size   4 : 46
    size   5 : 7
    size   6 : 1

[Distribution Match]
  cluster count diff       = 112  (predicted - truth)
  size-distribution L1     = 232

[Pair-based Metrics]
  TP                       = 1217
  FP                       = 120
  FN                       = 309
  Linked Pairs (L)         = 1337
  Expected Pairs (E)       = 1526
  Precision                = 0.9102
  Recall                   = 0.7975
  F1                       = 0.8502

[Timings (seconds)]
  recursive                = 0.616
  filter                   = 0.102
  cluster                  = 0.229

========================================================================
