========================================================================
  RUN METRICS
========================================================================

[Configuration]
  blocking_mode            = default
  do_merge                 = True
  do_purge                 = False
  max_recursion_depth      = 5
  min_intra_freq           = 2
  top_k                    = 3
  tau                      = 0.2
  min_block_size           = 2
  filter_mode              = size
  weight_size              = 0.0
  weight_shared            = 0.0
  weight_tokenlen          = 0.0
  cluster_on               = final
  arcs_weighting           = uniform
  density_floor            = 0.0
  density_min_size         = 3
  arcs_factors             = {'length_weight': 0.0, 'numeric_factor': 1.0, 'word_factor': 1.0, 'density_weight': 0.0, 'density_sample_cap': 200, 'pair_sim_weight': 1.0}

[Records]
  total                    = 6000
  unique                   = 6000

[Predicted Clusters]
  total                    = 3227
  multi-record             = 1289
  singletons               = 1938
  size  min / max          = 1 / 10
  size  mean / median      = 1.859 / 1
  size distribution (size: count):
    size   1 : 1938
    size   2 : 659
    size   3 : 197
    size   4 : 211
    size   5 : 75
    size   6 : 122
    size   7 : 11
    size   8 : 7
    size   9 : 1
    size  10 : 6

[Truth Clusters]  (../truthABCpoorDQ.txt)
  total                    = 693
  size  min / max          = 1 / 35
  size  mean / median      = 8.658 / 8
  size distribution (size: count):
    size   1 : 17
    size   2 : 40
    size   3 : 39
    size   4 : 65
    size   5 : 52
    size   6 : 51
    size   7 : 58
    size   8 : 55
    size   9 : 51
    size  10 : 60
    size  11 : 33
    size  12 : 32
    size  13 : 26
    size  14 : 21
    size  15 : 19
    size  16 : 13
    size  17 : 18
    size  18 : 14
    size  19 : 11
    size  20 : 3
    size  21 : 5
    size  22 : 3
    size  23 : 2
    size  25 : 2
    size  26 : 1
    size  28 : 1
    size  35 : 1

[Distribution Match]
  cluster count diff       = 2534  (predicted - truth)
  size-distribution L1     = 3342

[Pair-based Metrics]
  TP                       = 5041
  FP                       = 788
  FN                       = 26694
  Linked Pairs (L)         = 5829
  Expected Pairs (E)       = 31735
  Precision                = 0.8648
  Recall                   = 0.1588
  F1                       = 0.2684

[Timings (seconds)]
  recursive                = 2.373
  filter                   = 0.278
  cluster                  = 0.365

========================================================================
