========================================================================
  RUN METRICS
========================================================================

[Configuration]
  blocking_mode            = default
  do_merge                 = False
  do_purge                 = False
  max_recursion_depth      = 5
  min_intra_freq           = 2
  top_k                    = 3
  tau                      = 0.2
  min_block_size           = 2
  filter_mode              = size
  weight_size              = 0.0
  weight_shared            = 0.0
  weight_tokenlen          = 0.0
  cluster_on               = final
  arcs_weighting           = uniform
  density_floor            = 0.0
  density_min_size         = 3
  arcs_factors             = {'length_weight': 0.0, 'numeric_factor': 1.0, 'word_factor': 1.0, 'density_weight': 0.0, 'density_sample_cap': 200, 'pair_sim_weight': 1.0}

[Records]
  total                    = 3004
  unique                   = 3004

[Predicted Clusters]
  total                    = 2030
  multi-record             = 826
  singletons               = 1204
  size  min / max          = 1 / 6
  size  mean / median      = 1.48 / 1.0
  size distribution (size: count):
    size   1 : 1204
    size   2 : 695
    size   3 : 118
    size   4 : 10
    size   5 : 2
    size   6 : 1

[Truth Clusters]  (../truthABCgoodDQ.txt)
  total                    = 1877
  size  min / max          = 1 / 6
  size  mean / median      = 1.6 / 1
  size distribution (size: count):
    size   1 : 1076
    size   2 : 538
    size   3 : 209
    size   4 : 46
    size   5 : 7
    size   6 : 1

[Distribution Match]
  cluster count diff       = 153  (predicted - truth)
  size-distribution L1     = 417

[Pair-based Metrics]
  TP                       = 1004
  FP                       = 140
  FN                       = 522
  Linked Pairs (L)         = 1144
  Expected Pairs (E)       = 1526
  Precision                = 0.8776
  Recall                   = 0.6579
  F1                       = 0.7521

[Timings (seconds)]
  recursive                = 2.507
  filter                   = 0.442
  cluster                  = 0.174

========================================================================
