========================================================================
  RUN METRICS
========================================================================

[Configuration]
  blocking_mode            = default
  do_merge                 = False
  do_purge                 = False
  max_recursion_depth      = 5
  min_intra_freq           = 2
  top_k                    = 3
  tau                      = 0.2
  min_block_size           = 2
  filter_mode              = size
  weight_size              = 0.0
  weight_shared            = 0.0
  weight_tokenlen          = 0.0
  cluster_on               = final
  arcs_weighting           = uniform
  density_floor            = 0.5
  density_min_size         = 3
  arcs_factors             = {'length_weight': 0.0, 'numeric_factor': 1.0, 'word_factor': 1.0, 'density_weight': 0.0, 'density_sample_cap': 200, 'pair_sim_weight': 1.0}

[Records]
  total                    = 1912
  unique                   = 1912

[Predicted Clusters]
  total                    = 1246
  multi-record             = 562
  singletons               = 684
  size  min / max          = 1 / 6
  size  mean / median      = 1.535 / 1.0
  size distribution (size: count):
    size   1 : 684
    size   2 : 472
    size   3 : 80
    size   4 : 7
    size   5 : 2
    size   6 : 1

[Truth Clusters]  (../truthABCgoodDQ.txt)
  total                    = 1188
  size  min / max          = 1 / 6
  size  mean / median      = 1.609 / 1.0
  size distribution (size: count):
    size   1 : 678
    size   2 : 339
    size   3 : 136
    size   4 : 28
    size   5 : 6
    size   6 : 1

[Distribution Match]
  cluster count diff       = 58  (predicted - truth)
  size-distribution L1     = 220

[Pair-based Metrics]
  TP                       = 698
  FP                       = 91
  FN                       = 292
  Linked Pairs (L)         = 789
  Expected Pairs (E)       = 990
  Precision                = 0.8847
  Recall                   = 0.7051
  F1                       = 0.7847

[Timings (seconds)]
  recursive                = 1.481
  filter                   = 0.231
  cluster                  = 0.084

========================================================================
