========================================================================
  RUN METRICS
========================================================================

[Configuration]
  blocking_mode            = default
  do_merge                 = True
  do_purge                 = False
  max_recursion_depth      = 5
  min_intra_freq           = 2
  top_k                    = 3
  tau                      = 0.2
  min_block_size           = 2
  filter_mode              = size
  weight_size              = 0.0
  weight_shared            = 0.0
  weight_tokenlen          = 0.0
  cluster_on               = final
  arcs_weighting           = uniform
  density_floor            = 0.5
  density_min_size         = 3
  arcs_factors             = {'length_weight': 0.0, 'numeric_factor': 1.0, 'word_factor': 1.0, 'density_weight': 0.0, 'density_sample_cap': 200, 'pair_sim_weight': 1.0}

[Records]
  total                    = 5000
  unique                   = 5000

[Predicted Clusters]
  total                    = 2696
  multi-record             = 1310
  singletons               = 1386
  size  min / max          = 1 / 6
  size  mean / median      = 1.855 / 1.0
  size distribution (size: count):
    size   1 : 1386
    size   2 : 627
    size   3 : 434
    size   4 : 195
    size   5 : 46
    size   6 : 8

[Truth Clusters]  (../truthABCgoodDQ.txt)
  total                    = 2183
  size  min / max          = 1 / 6
  size  mean / median      = 2.29 / 2
  size distribution (size: count):
    size   1 : 741
    size   2 : 597
    size   3 : 440
    size   4 : 298
    size   5 : 89
    size   6 : 18

[Distribution Match]
  cluster count diff       = 513  (predicted - truth)
  size-distribution L1     = 837

[Pair-based Metrics]
  TP                       = 3516
  FP                       = 163
  FN                       = 1349
  Linked Pairs (L)         = 3679
  Expected Pairs (E)       = 4865
  Precision                = 0.9557
  Recall                   = 0.7227
  F1                       = 0.823

[Timings (seconds)]
  recursive                = 0.999
  filter                   = 0.134
  cluster                  = 0.429

========================================================================
