========================================================================
  RUN METRICS
========================================================================

[Configuration]
  blocking_mode            = default
  do_merge                 = True
  do_purge                 = False
  max_recursion_depth      = 1
  min_intra_freq           = 2
  top_k                    = 3
  tau                      = 0.2
  min_block_size           = 2
  filter_mode              = size
  weight_size              = 0.0
  weight_shared            = 0.0
  weight_tokenlen          = 0.0
  cluster_on               = final
  arcs_weighting           = uniform
  density_floor            = 0.0
  density_min_size         = 3
  arcs_factors             = {'length_weight': 0.0, 'numeric_factor': 1.0, 'word_factor': 1.0, 'density_weight': 0.0, 'density_sample_cap': 200, 'pair_sim_weight': 1.0}

[Records]
  total                    = 5000
  unique                   = 5000

[Predicted Clusters]
  total                    = 2685
  multi-record             = 1303
  singletons               = 1382
  size  min / max          = 1 / 7
  size  mean / median      = 1.862 / 1
  size distribution (size: count):
    size   1 : 1382
    size   2 : 623
    size   3 : 424
    size   4 : 195
    size   5 : 47
    size   6 : 13
    size   7 : 1

[Truth Clusters]  (../truthABCgoodDQ.txt)
  total                    = 2183
  size  min / max          = 1 / 6
  size  mean / median      = 2.29 / 2
  size distribution (size: count):
    size   1 : 741
    size   2 : 597
    size   3 : 440
    size   4 : 298
    size   5 : 89
    size   6 : 18

[Distribution Match]
  cluster count diff       = 502  (predicted - truth)
  size-distribution L1     = 834

[Pair-based Metrics]
  TP                       = 3554
  FP                       = 197
  FN                       = 1311
  Linked Pairs (L)         = 3751
  Expected Pairs (E)       = 4865
  Precision                = 0.9475
  Recall                   = 0.7305
  F1                       = 0.825

[Timings (seconds)]
  recursive                = 0.284
  filter                   = 0.128
  cluster                  = 0.317

========================================================================
