========================================================================
  RUN METRICS
========================================================================

[Configuration]
  blocking_mode            = default
  do_merge                 = False
  do_purge                 = False
  max_recursion_depth      = 1
  min_intra_freq           = 2
  top_k                    = 3
  tau                      = 0.2
  min_block_size           = 2
  filter_mode              = size
  weight_size              = 0.0
  weight_shared            = 0.0
  weight_tokenlen          = 0.0
  cluster_on               = final
  arcs_weighting           = uniform
  density_floor            = 0.0
  density_min_size         = 3
  arcs_factors             = {'length_weight': 0.0, 'numeric_factor': 1.0, 'word_factor': 1.0, 'density_weight': 0.0, 'density_sample_cap': 200, 'pair_sim_weight': 1.0}

[Records]
  total                    = 1000
  unique                   = 1000

[Predicted Clusters]
  total                    = 649
  multi-record             = 289
  singletons               = 360
  size  min / max          = 1 / 5
  size  mean / median      = 1.541 / 1
  size distribution (size: count):
    size   1 : 360
    size   2 : 231
    size   3 : 55
    size   4 : 2
    size   5 : 1

[Truth Clusters]  (../truthABCpoorDQ.txt)
  total                    = 195
  size  min / max          = 1 / 17
  size  mean / median      = 5.128 / 5
  size distribution (size: count):
    size   1 : 16
    size   2 : 15
    size   3 : 30
    size   4 : 25
    size   5 : 33
    size   6 : 26
    size   7 : 10
    size   8 : 19
    size   9 : 9
    size  10 : 4
    size  11 : 3
    size  12 : 3
    size  14 : 1
    size  17 : 1

[Distribution Match]
  cluster count diff       = 454  (predicted - truth)
  size-distribution L1     = 716

[Pair-based Metrics]
  TP                       = 360
  FP                       = 58
  FN                       = 2451
  Linked Pairs (L)         = 418
  Expected Pairs (E)       = 2811
  Precision                = 0.8612
  Recall                   = 0.1281
  F1                       = 0.223

[Timings (seconds)]
  recursive                = 0.086
  filter                   = 0.074
  cluster                  = 0.043

========================================================================
