# group=H_recursion_depth config_id=d=1
# label=max_depth=1
# cmd=/usr/local/bin/python recursive_algo1_2_v2.py --input ../S1G.txt --truth-dir .. --clusters-json /home/user/blockingandEmbeddinginER/RESULTS/runs/H_recursion_depth/d=1/clusters.json --max-recursion-depth 1

Starting...
Loaded 50 records
Replaced non-word characters with spaces in extracted tokens
Built token frequency dict with 193 unique tokens
Stop-word removal: dropped 0 tokens with freq > 60
  Examples: []
Rebuilt token frequency dict: 193 unique tokens remain

DF distribution percentiles (post-cleanup):
  p50=2, p90=4, p95=6, p99=33
Record-length percentiles (distinct tokens, post-cleanup):
  p50=11, p90=13, p95=13, p99=13
init_df_max derived from percentile 0.95: 6
[legacy] Mode token length: 11
[legacy] stop_k = floor(0.6 * 11) = 6
[diagnostic] Legacy heuristic stop_k(factor=0.6) = 6 (not used unless --stop-k* given)

Resolved parameters:
  init_df_max         = 6
  max_recursion_depth = 1
  min_intra_freq      = 2
  min_blk_token_len   = 4
  exclude_numeric     = True
  min_block_size      = 2
  top_k               = 3
  filter_mode         = size
  tau                 = 0.2
  arcs_weighting      = uniform
  density_floor       = 0.0 (min_size=3)
  cluster_on          = final

Creating initial blocks...
Blocking filters: min_blk_token_len=4, exclude_numeric_blocks=True, freq window=[2, 6]
Blocking gate counters (per-record token instances):
  too_short (< 4): 123
  numeric (excluded):                137
  freq < 2:                          50
  freq > 6:                       95
  kept (became block memberships):   138
  unique blocking keys produced:     51
Initial blocks created: 51
[metrics] Auto-detected truth file: ../truthABCgoodDQ.txt

######################################################################
# RUN: merge=True, purge=True
######################################################################

--- depth=1, effective min_intra_freq=2, max_depth=1 (do_merge=True, do_purge=True) ---
Current number of blocks: 51
Calling refine_blocks with min_intra_freq=2...
refine_blocks took 0.01 seconds, produced 416 blocks
Merging blocks...
merge_blocks took 0.00 seconds, result: 32 blocks
Purging subset blocks...
purge_subset_blocks took 0.00 seconds, dropped 17, result: 15 blocks

--- depth=2, effective min_intra_freq=2, max_depth=1 (do_merge=True, do_purge=True) ---
Current number of blocks: 15
Stopping: depth > max_recursion_depth

Peak block count during recursion: 51 (at depth=0)
Clustering on FINAL snapshot (15 blocks)

Building ARCS weighted graph (weighting=uniform)...
  [pair similarity] pair_sim_weight=1.0: each pair's ARCS contribution scaled by shared_tokens / (|A| + |B| - shared_tokens)
  Graph built in 0.00s — 59 edges
  ARCS edge-weight histogram (59 edges, range [0.0263, 0.5000]):
    [0.0263, 0.0737): 12
    [0.0737, 0.1211): 13
    [0.1211, 0.1684): 10
    [0.1684, 0.2158): 5
    [0.2158, 0.2632): 3
    [0.2632, 0.3105): 3
    [0.3105, 0.3579): 8
    [0.3579, 0.4053): 0
    [0.4053, 0.4526): 4
    [0.4526, 0.5000): 1
  Edges kept (weight >= 0.2): 23 / 59
  Clusters (pre-density): 12 multi-record, 19 singletons
  Wrote 31 clusters to /home/user/blockingandEmbeddinginER/RESULTS/runs/H_recursion_depth/d=1/clusters_m1_p1.json
  Wrote metrics JSON to /home/user/blockingandEmbeddinginER/RESULTS/runs/H_recursion_depth/d=1/clusters_m1_p1.metrics.json
  Wrote metrics log  to /home/user/blockingandEmbeddinginER/RESULTS/runs/H_recursion_depth/d=1/clusters_m1_p1.metrics.log

######################################################################
# RUN: merge=True, purge=False
######################################################################

--- depth=1, effective min_intra_freq=2, max_depth=1 (do_merge=True, do_purge=False) ---
Current number of blocks: 51
Calling refine_blocks with min_intra_freq=2...
refine_blocks took 0.01 seconds, produced 416 blocks
Merging blocks...
merge_blocks took 0.00 seconds, result: 32 blocks
Skipping purge_subset_blocks (do_purge=False)

--- depth=2, effective min_intra_freq=2, max_depth=1 (do_merge=True, do_purge=False) ---
Current number of blocks: 32
Stopping: depth > max_recursion_depth

Peak block count during recursion: 51 (at depth=0)
Clustering on FINAL snapshot (32 blocks)

Building ARCS weighted graph (weighting=uniform)...
  [pair similarity] pair_sim_weight=1.0: each pair's ARCS contribution scaled by shared_tokens / (|A| + |B| - shared_tokens)
  Graph built in 0.00s — 47 edges
  ARCS edge-weight histogram (47 edges, range [0.0263, 1.2500]):
    [0.0263, 0.1487): 14
    [0.1487, 0.2711): 7
    [0.2711, 0.3934): 8
    [0.3934, 0.5158): 5
    [0.5158, 0.6382): 4
    [0.6382, 0.7605): 3
    [0.7605, 0.8829): 5
    [0.8829, 1.0053): 0
    [1.0053, 1.1276): 0
    [1.1276, 1.2500): 1
  Edges kept (weight >= 0.2): 29 / 47
  Clusters (pre-density): 14 multi-record, 13 singletons
  Wrote 27 clusters to /home/user/blockingandEmbeddinginER/RESULTS/runs/H_recursion_depth/d=1/clusters_m1_p0.json
  Wrote metrics JSON to /home/user/blockingandEmbeddinginER/RESULTS/runs/H_recursion_depth/d=1/clusters_m1_p0.metrics.json
  Wrote metrics log  to /home/user/blockingandEmbeddinginER/RESULTS/runs/H_recursion_depth/d=1/clusters_m1_p0.metrics.log

######################################################################
# RUN: merge=False, purge=True
######################################################################

--- depth=1, effective min_intra_freq=2, max_depth=1 (do_merge=False, do_purge=True) ---
Current number of blocks: 51
Calling refine_blocks with min_intra_freq=2...
refine_blocks took 0.01 seconds, produced 416 blocks
Skipping merge_blocks (do_merge=False); naive concat...
  result: 467 blocks
Purging subset blocks...
purge_subset_blocks took 0.00 seconds, dropped 452, result: 15 blocks

--- depth=2, effective min_intra_freq=2, max_depth=1 (do_merge=False, do_purge=True) ---
Current number of blocks: 15
Stopping: depth > max_recursion_depth

Peak block count during recursion: 51 (at depth=0)
Clustering on FINAL snapshot (15 blocks)

Building ARCS weighted graph (weighting=uniform)...
  [pair similarity] pair_sim_weight=1.0: each pair's ARCS contribution scaled by shared_tokens / (|A| + |B| - shared_tokens)
  Graph built in 0.00s — 59 edges
  ARCS edge-weight histogram (59 edges, range [0.0263, 0.5000]):
    [0.0263, 0.0737): 12
    [0.0737, 0.1211): 13
    [0.1211, 0.1684): 10
    [0.1684, 0.2158): 5
    [0.2158, 0.2632): 3
    [0.2632, 0.3105): 3
    [0.3105, 0.3579): 8
    [0.3579, 0.4053): 0
    [0.4053, 0.4526): 4
    [0.4526, 0.5000): 1
  Edges kept (weight >= 0.2): 23 / 59
  Clusters (pre-density): 12 multi-record, 19 singletons
  Wrote 31 clusters to /home/user/blockingandEmbeddinginER/RESULTS/runs/H_recursion_depth/d=1/clusters_m0_p1.json
  Wrote metrics JSON to /home/user/blockingandEmbeddinginER/RESULTS/runs/H_recursion_depth/d=1/clusters_m0_p1.metrics.json
  Wrote metrics log  to /home/user/blockingandEmbeddinginER/RESULTS/runs/H_recursion_depth/d=1/clusters_m0_p1.metrics.log

######################################################################
# RUN: merge=False, purge=False
######################################################################

--- depth=1, effective min_intra_freq=2, max_depth=1 (do_merge=False, do_purge=False) ---
Current number of blocks: 51
Calling refine_blocks with min_intra_freq=2...
refine_blocks took 0.01 seconds, produced 416 blocks
Skipping merge_blocks (do_merge=False); naive concat...
  result: 467 blocks
Skipping purge_subset_blocks (do_purge=False)

--- depth=2, effective min_intra_freq=2, max_depth=1 (do_merge=False, do_purge=False) ---
Current number of blocks: 467
Stopping: depth > max_recursion_depth

Peak block count during recursion: 467 (at depth=1)
Clustering on FINAL snapshot (467 blocks)

Building ARCS weighted graph (weighting=uniform)...
  [pair similarity] pair_sim_weight=1.0: each pair's ARCS contribution scaled by shared_tokens / (|A| + |B| - shared_tokens)
  Graph built in 0.00s — 26 edges
  ARCS edge-weight histogram (26 edges, range [0.2500, 1.5000]):
    [0.2500, 0.3750): 3
    [0.3750, 0.5000): 0
    [0.5000, 0.6250): 0
    [0.6250, 0.7500): 1
    [0.7500, 0.8750): 3
    [0.8750, 1.0000): 0
    [1.0000, 1.1250): 12
    [1.1250, 1.2500): 1
    [1.2500, 1.3750): 2
    [1.3750, 1.5000): 4
  Edges kept (weight >= 0.2): 26 / 26
  Clusters (pre-density): 15 multi-record, 14 singletons
  Wrote 29 clusters to /home/user/blockingandEmbeddinginER/RESULTS/runs/H_recursion_depth/d=1/clusters_m0_p0.json
  Wrote metrics JSON to /home/user/blockingandEmbeddinginER/RESULTS/runs/H_recursion_depth/d=1/clusters_m0_p0.metrics.json
  Wrote metrics log  to /home/user/blockingandEmbeddinginER/RESULTS/runs/H_recursion_depth/d=1/clusters_m0_p0.metrics.log


==============================================================================================================
ABLATION SUMMARY
mode=default, init_df_max=6, max_recursion_depth=1, min_intra_freq=2, tau=0.2, top_k=3, filter_mode=size, min_block_size=2, arcs_weighting=uniform, density_floor=0.0, cluster_on=final
==============================================================================================================
merge purge  blks(rec)   pairs(rec)  blks(flt)   pairs(flt)  clusters  multi  single  t_rec(s)  t_flt(s)  t_clu(s)  peak(MB)
--------------------------------------------------------------------------------------------------------------
    T     T         15           63         15           63        31     12      19      0.01      0.00      0.00     245.8
    T     F         32          104         30           65        27     14      13      0.01      0.00      0.00     245.7
    F     T         15           63         15           63        31     12      19      0.01      0.00      0.00     245.7
    F     F        467         1077         44           70        29     15      14      0.01      0.01      0.00     245.9
==============================================================================================================
