========================================================================
  RUN METRICS
========================================================================

[Configuration]
  blocking_mode            = default
  do_merge                 = True
  do_purge                 = False
  max_recursion_depth      = 5
  min_intra_freq           = 2
  top_k                    = 3
  tau                      = 0.2
  min_block_size           = 2
  filter_mode              = composite
  weight_size              = 1.0
  weight_shared            = 0.0
  weight_tokenlen          = 1.0
  cluster_on               = final
  arcs_weighting           = uniform
  density_floor            = 0.0
  density_min_size         = 3
  arcs_factors             = {'length_weight': 0.0, 'numeric_factor': 1.0, 'word_factor': 1.0, 'density_weight': 0.0, 'density_sample_cap': 200, 'pair_sim_weight': 1.0}

[Records]
  total                    = 5000
  unique                   = 5000

[Predicted Clusters]
  total                    = 2696
  multi-record             = 1308
  singletons               = 1388
  size  min / max          = 1 / 6
  size  mean / median      = 1.855 / 1.0
  size distribution (size: count):
    size   1 : 1388
    size   2 : 626
    size   3 : 433
    size   4 : 194
    size   5 : 45
    size   6 : 10

[Truth Clusters]  (../truthABCgoodDQ.txt)
  total                    = 2183
  size  min / max          = 1 / 6
  size  mean / median      = 2.29 / 2
  size distribution (size: count):
    size   1 : 741
    size   2 : 597
    size   3 : 440
    size   4 : 298
    size   5 : 89
    size   6 : 18

[Distribution Match]
  cluster count diff       = 513  (predicted - truth)
  size-distribution L1     = 839

[Pair-based Metrics]
  TP                       = 3516
  FP                       = 173
  FN                       = 1349
  Linked Pairs (L)         = 3689
  Expected Pairs (E)       = 4865
  Precision                = 0.9531
  Recall                   = 0.7227
  F1                       = 0.8221

[Timings (seconds)]
  recursive                = 1.012
  filter                   = 0.149
  cluster                  = 0.322

========================================================================
