========================================================================
  RUN METRICS
========================================================================

[Configuration]
  blocking_mode            = default
  do_merge                 = False
  do_purge                 = False
  max_recursion_depth      = 5
  min_intra_freq           = 2
  top_k                    = 3
  tau                      = 0.2
  min_block_size           = 5
  filter_mode              = size
  weight_size              = 0.0
  weight_shared            = 0.0
  weight_tokenlen          = 0.0
  cluster_on               = final
  arcs_weighting           = uniform
  density_floor            = 0.0
  density_min_size         = 3
  arcs_factors             = {'length_weight': 0.0, 'numeric_factor': 1.0, 'word_factor': 1.0, 'density_weight': 0.0, 'density_sample_cap': 200, 'pair_sim_weight': 1.0}

[Records]
  total                    = 3004
  unique                   = 3004

[Predicted Clusters]
  total                    = 2991
  multi-record             = 3
  singletons               = 2988
  size  min / max          = 1 / 6
  size  mean / median      = 1.004 / 1
  size distribution (size: count):
    size   1 : 2988
    size   5 : 2
    size   6 : 1

[Truth Clusters]  (../truthABCgoodDQ.txt)
  total                    = 1877
  size  min / max          = 1 / 6
  size  mean / median      = 1.6 / 1
  size distribution (size: count):
    size   1 : 1076
    size   2 : 538
    size   3 : 209
    size   4 : 46
    size   5 : 7
    size   6 : 1

[Distribution Match]
  cluster count diff       = 1114  (predicted - truth)
  size-distribution L1     = 2710

[Pair-based Metrics]
  TP                       = 35
  FP                       = 0
  FN                       = 1491
  Linked Pairs (L)         = 35
  Expected Pairs (E)       = 1526
  Precision                = 1.0
  Recall                   = 0.0229
  F1                       = 0.0448

[Timings (seconds)]
  recursive                = 2.539
  filter                   = 0.419
  cluster                  = 0.012

========================================================================
