========================================================================
  RUN METRICS
========================================================================

[Configuration]
  blocking_mode            = default
  do_merge                 = True
  do_purge                 = True
  max_recursion_depth      = 5
  min_intra_freq           = 2
  top_k                    = 3
  tau                      = 0.2
  min_block_size           = 5
  filter_mode              = size
  weight_size              = 0.0
  weight_shared            = 0.0
  weight_tokenlen          = 0.0
  cluster_on               = final
  arcs_weighting           = uniform
  density_floor            = 0.0
  density_min_size         = 3
  arcs_factors             = {'length_weight': 0.0, 'numeric_factor': 1.0, 'word_factor': 1.0, 'density_weight': 0.0, 'density_sample_cap': 200, 'pair_sim_weight': 1.0}

[Records]
  total                    = 6000
  unique                   = 6000

[Predicted Clusters]
  total                    = 5754
  multi-record             = 162
  singletons               = 5592
  size  min / max          = 1 / 5
  size  mean / median      = 1.043 / 1.0
  size distribution (size: count):
    size   1 : 5592
    size   2 : 103
    size   3 : 37
    size   4 : 19
    size   5 : 3

[Truth Clusters]  (../truthABCpoorDQ.txt)
  total                    = 693
  size  min / max          = 1 / 35
  size  mean / median      = 8.658 / 8
  size distribution (size: count):
    size   1 : 17
    size   2 : 40
    size   3 : 39
    size   4 : 65
    size   5 : 52
    size   6 : 51
    size   7 : 58
    size   8 : 55
    size   9 : 51
    size  10 : 60
    size  11 : 33
    size  12 : 32
    size  13 : 26
    size  14 : 21
    size  15 : 19
    size  16 : 13
    size  17 : 18
    size  18 : 14
    size  19 : 11
    size  20 : 3
    size  21 : 5
    size  22 : 3
    size  23 : 2
    size  25 : 2
    size  26 : 1
    size  28 : 1
    size  35 : 1

[Distribution Match]
  cluster count diff       = 5061  (predicted - truth)
  size-distribution L1     = 6215

[Pair-based Metrics]
  TP                       = 341
  FP                       = 17
  FN                       = 31394
  Linked Pairs (L)         = 358
  Expected Pairs (E)       = 31735
  Precision                = 0.9525
  Recall                   = 0.0107
  F1                       = 0.0213

[Timings (seconds)]
  recursive                = 1.595
  filter                   = 0.105
  cluster                  = 0.455

========================================================================
