========================================================================
  RUN METRICS
========================================================================

[Configuration]
  blocking_mode            = default
  do_merge                 = False
  do_purge                 = True
  max_recursion_depth      = 5
  min_intra_freq           = 2
  top_k                    = 3
  tau                      = 0.2
  min_block_size           = 5
  filter_mode              = size
  weight_size              = 0.0
  weight_shared            = 0.0
  weight_tokenlen          = 0.0
  cluster_on               = final
  arcs_weighting           = uniform
  density_floor            = 0.0
  density_min_size         = 3
  arcs_factors             = {'length_weight': 0.0, 'numeric_factor': 1.0, 'word_factor': 1.0, 'density_weight': 0.0, 'density_sample_cap': 200, 'pair_sim_weight': 1.0}

[Records]
  total                    = 5000
  unique                   = 5000

[Predicted Clusters]
  total                    = 4567
  multi-record             = 279
  singletons               = 4288
  size  min / max          = 1 / 6
  size  mean / median      = 1.095 / 1
  size distribution (size: count):
    size   1 : 4288
    size   2 : 167
    size   3 : 79
    size   4 : 26
    size   5 : 5
    size   6 : 2

[Truth Clusters]  (../truthABCgoodDQ.txt)
  total                    = 2183
  size  min / max          = 1 / 6
  size  mean / median      = 2.29 / 2
  size distribution (size: count):
    size   1 : 741
    size   2 : 597
    size   3 : 440
    size   4 : 298
    size   5 : 89
    size   6 : 18

[Distribution Match]
  cluster count diff       = 2384  (predicted - truth)
  size-distribution L1     = 4710

[Pair-based Metrics]
  TP                       = 640
  FP                       = 0
  FN                       = 4225
  Linked Pairs (L)         = 640
  Expected Pairs (E)       = 4865
  Precision                = 1.0
  Recall                   = 0.1316
  F1                       = 0.2325

[Timings (seconds)]
  recursive                = 1.022
  filter                   = 0.071
  cluster                  = 0.258

========================================================================
