========================================================================
  RUN METRICS
========================================================================

[Configuration]
  blocking_mode            = default
  do_merge                 = True
  do_purge                 = False
  max_recursion_depth      = 5
  min_intra_freq           = 2
  top_k                    = 3
  tau                      = 0.2
  min_block_size           = 5
  filter_mode              = size
  weight_size              = 0.0
  weight_shared            = 0.0
  weight_tokenlen          = 0.0
  cluster_on               = final
  arcs_weighting           = uniform
  density_floor            = 0.0
  density_min_size         = 3
  arcs_factors             = {'length_weight': 0.0, 'numeric_factor': 1.0, 'word_factor': 1.0, 'density_weight': 0.0, 'density_sample_cap': 200, 'pair_sim_weight': 1.0}

[Records]
  total                    = 3004
  unique                   = 3004

[Predicted Clusters]
  total                    = 2855
  multi-record             = 102
  singletons               = 2753
  size  min / max          = 1 / 5
  size  mean / median      = 1.052 / 1
  size distribution (size: count):
    size   1 : 2753
    size   2 : 63
    size   3 : 34
    size   4 : 2
    size   5 : 3

[Truth Clusters]  (../truthABCgoodDQ.txt)
  total                    = 1877
  size  min / max          = 1 / 6
  size  mean / median      = 1.6 / 1
  size distribution (size: count):
    size   1 : 1076
    size   2 : 538
    size   3 : 209
    size   4 : 46
    size   5 : 7
    size   6 : 1

[Distribution Match]
  cluster count diff       = 978  (predicted - truth)
  size-distribution L1     = 2376

[Pair-based Metrics]
  TP                       = 207
  FP                       = 0
  FN                       = 1319
  Linked Pairs (L)         = 207
  Expected Pairs (E)       = 1526
  Precision                = 1.0
  Recall                   = 0.1356
  F1                       = 0.2389

[Timings (seconds)]
  recursive                = 0.627
  filter                   = 0.08
  cluster                  = 0.067

========================================================================
