========================================================================
  RUN METRICS
========================================================================

[Configuration]
  blocking_mode            = full
  do_merge                 = True
  do_purge                 = True
  max_recursion_depth      = 5
  min_intra_freq           = 2
  top_k                    = 3
  tau                      = 0.2
  min_block_size           = 2
  filter_mode              = size
  weight_size              = 0.0
  weight_shared            = 0.0
  weight_tokenlen          = 0.0
  cluster_on               = final
  arcs_weighting           = uniform
  density_floor            = 0.0
  density_min_size         = 3
  arcs_factors             = {'length_weight': 0.0, 'numeric_factor': 1.0, 'word_factor': 1.0, 'density_weight': 0.0, 'density_sample_cap': 200, 'pair_sim_weight': 1.0}

[Records]
  total                    = 3004
  unique                   = 3004

[Predicted Clusters]
  total                    = 2257
  multi-record             = 562
  singletons               = 1695
  size  min / max          = 1 / 5
  size  mean / median      = 1.331 / 1
  size distribution (size: count):
    size   1 : 1695
    size   2 : 408
    size   3 : 127
    size   4 : 23
    size   5 : 4

[Truth Clusters]  (../truthABCgoodDQ.txt)
  total                    = 1877
  size  min / max          = 1 / 6
  size  mean / median      = 1.6 / 1
  size distribution (size: count):
    size   1 : 1076
    size   2 : 538
    size   3 : 209
    size   4 : 46
    size   5 : 7
    size   6 : 1

[Distribution Match]
  cluster count diff       = 380  (predicted - truth)
  size-distribution L1     = 858

[Pair-based Metrics]
  TP                       = 948
  FP                       = 19
  FN                       = 578
  Linked Pairs (L)         = 967
  Expected Pairs (E)       = 1526
  Precision                = 0.9804
  Recall                   = 0.6212
  F1                       = 0.7605

[Timings (seconds)]
  recursive                = 1.665
  filter                   = 0.113
  cluster                  = 1.091

========================================================================
