========================================================================
  RUN METRICS
========================================================================

[Configuration]
  blocking_mode            = full
  do_merge                 = False
  do_purge                 = True
  max_recursion_depth      = 5
  min_intra_freq           = 2
  top_k                    = 3
  tau                      = 0.2
  min_block_size           = 2
  filter_mode              = size
  weight_size              = 0.0
  weight_shared            = 0.0
  weight_tokenlen          = 0.0
  cluster_on               = final
  arcs_weighting           = uniform
  density_floor            = 0.0
  density_min_size         = 3
  arcs_factors             = {'length_weight': 0.0, 'numeric_factor': 1.0, 'word_factor': 1.0, 'density_weight': 0.0, 'density_sample_cap': 200, 'pair_sim_weight': 1.0}

[Records]
  total                    = 5000
  unique                   = 5000

[Predicted Clusters]
  total                    = 3767
  multi-record             = 821
  singletons               = 2946
  size  min / max          = 1 / 6
  size  mean / median      = 1.327 / 1
  size distribution (size: count):
    size   1 : 2946
    size   2 : 512
    size   3 : 221
    size   4 : 75
    size   5 : 11
    size   6 : 2

[Truth Clusters]  (../truthABCgoodDQ.txt)
  total                    = 2183
  size  min / max          = 1 / 6
  size  mean / median      = 2.29 / 2
  size distribution (size: count):
    size   1 : 741
    size   2 : 597
    size   3 : 440
    size   4 : 298
    size   5 : 89
    size   6 : 18

[Distribution Match]
  cluster count diff       = 1584  (predicted - truth)
  size-distribution L1     = 2826

[Pair-based Metrics]
  TP                       = 1743
  FP                       = 22
  FN                       = 3122
  Linked Pairs (L)         = 1765
  Expected Pairs (E)       = 4865
  Precision                = 0.9875
  Recall                   = 0.3583
  F1                       = 0.5258

[Timings (seconds)]
  recursive                = 2.146
  filter                   = 0.104
  cluster                  = 1.354

========================================================================
