# group=G_blocking config_id=full
# label=full blocking
# cmd=/usr/local/bin/python recursive_algo1_2_v2.py --input ../S1G.txt --truth-dir .. --clusters-json /home/user/blockingandEmbeddinginER/RESULTS/runs/G_blocking/full/clusters.json --full-blocking --max-block-pair-cost 100000

Starting...
Loaded 50 records
Replaced non-word characters with spaces in extracted tokens
Built token frequency dict with 193 unique tokens
Stop-word removal: dropped 0 tokens with freq > 60
  Examples: []
Rebuilt token frequency dict: 193 unique tokens remain

DF distribution percentiles (post-cleanup):
  p50=2, p90=4, p95=6, p99=33
Record-length percentiles (distinct tokens, post-cleanup):
  p50=11, p90=13, p95=13, p99=13
init_df_max derived from percentile 0.95: 6
[legacy] Mode token length: 11
[legacy] stop_k = floor(0.6 * 11) = 6
[diagnostic] Legacy heuristic stop_k(factor=0.6) = 6 (not used unless --stop-k* given)

Resolved parameters:
  init_df_max         = 6
  max_recursion_depth = 5
  min_intra_freq      = 2
  min_blk_token_len   = 4
  exclude_numeric     = True
  min_block_size      = 2
  top_k               = 3
  filter_mode         = size
  tau                 = 0.2
  arcs_weighting      = uniform
  density_floor       = 0.0 (min_size=3)
  cluster_on          = final

Creating initial blocks...
Blocking mode: FULL (Papadakis redundancy-positive). Length / numeric / DF-cap filters are disabled; only freq >= 2 enforced.
Blocking gate counters (per-record token instances):
  freq < 2:                          90
  kept (became block memberships):   453
  unique blocking keys produced:     103
Initial blocks created: 103
[metrics] Auto-detected truth file: ../truthABCgoodDQ.txt

######################################################################
# RUN: merge=True, purge=True
######################################################################

--- depth=1, effective min_intra_freq=2, max_depth=5 (do_merge=True, do_purge=True) ---
Current number of blocks: 103
Calling refine_blocks with min_intra_freq=2...
refine_blocks took 0.02 seconds, produced 648 blocks
Merging blocks...
merge_blocks took 0.00 seconds, result: 63 blocks
Purging subset blocks...
purge_subset_blocks took 0.00 seconds, dropped 58, result: 5 blocks

--- depth=2, effective min_intra_freq=2, max_depth=5 (do_merge=True, do_purge=True) ---
Current number of blocks: 5
Calling refine_blocks with min_intra_freq=2...
refine_blocks took 0.00 seconds, produced 180 blocks
Merging blocks...
merge_blocks took 0.00 seconds, result: 59 blocks
Purging subset blocks...
purge_subset_blocks took 0.00 seconds, dropped 54, result: 5 blocks

--- depth=3, effective min_intra_freq=3, max_depth=5 (do_merge=True, do_purge=True) ---
Current number of blocks: 5
Calling refine_blocks with min_intra_freq=3...
refine_blocks took 0.00 seconds, produced 110 blocks
Merging blocks...
merge_blocks took 0.00 seconds, result: 41 blocks
Purging subset blocks...
purge_subset_blocks took 0.00 seconds, dropped 36, result: 5 blocks

--- depth=4, effective min_intra_freq=4, max_depth=5 (do_merge=True, do_purge=True) ---
Current number of blocks: 5
Calling refine_blocks with min_intra_freq=4...
refine_blocks took 0.00 seconds, produced 38 blocks
Merging blocks...
merge_blocks took 0.00 seconds, result: 29 blocks
Purging subset blocks...
purge_subset_blocks took 0.00 seconds, dropped 24, result: 5 blocks

--- depth=5, effective min_intra_freq=5, max_depth=5 (do_merge=True, do_purge=True) ---
Current number of blocks: 5
Calling refine_blocks with min_intra_freq=5...
refine_blocks took 0.00 seconds, produced 30 blocks
Merging blocks...
merge_blocks took 0.00 seconds, result: 25 blocks
Purging subset blocks...
purge_subset_blocks took 0.00 seconds, dropped 20, result: 5 blocks

--- depth=6, effective min_intra_freq=6, max_depth=5 (do_merge=True, do_purge=True) ---
Current number of blocks: 5
Stopping: depth > max_recursion_depth

Peak block count during recursion: 103 (at depth=0)
Clustering on FINAL snapshot (5 blocks)

Building ARCS weighted graph (weighting=uniform)...
  [pair similarity] pair_sim_weight=1.0: each pair's ARCS contribution scaled by shared_tokens / (|A| + |B| - shared_tokens)
  Graph built in 0.02s — 1153 edges
  ARCS edge-weight histogram (1153 edges, range [0.0009, 0.3016]):
    [0.0009, 0.0310): 1114
    [0.0310, 0.0611): 20
    [0.0611, 0.0911): 9
    [0.0911, 0.1212): 6
    [0.1212, 0.1513): 1
    [0.1513, 0.1813): 0
    [0.1813, 0.2114): 0
    [0.2114, 0.2414): 0
    [0.2414, 0.2715): 0
    [0.2715, 0.3016): 3
  Edges kept (weight >= 0.2): 3 / 1153
  Clusters (pre-density): 1 multi-record, 47 singletons
  Wrote 48 clusters to /home/user/blockingandEmbeddinginER/RESULTS/runs/G_blocking/full/clusters_m1_p1.json
  Wrote metrics JSON to /home/user/blockingandEmbeddinginER/RESULTS/runs/G_blocking/full/clusters_m1_p1.metrics.json
  Wrote metrics log  to /home/user/blockingandEmbeddinginER/RESULTS/runs/G_blocking/full/clusters_m1_p1.metrics.log

######################################################################
# RUN: merge=True, purge=False
######################################################################

--- depth=1, effective min_intra_freq=2, max_depth=5 (do_merge=True, do_purge=False) ---
Current number of blocks: 103
Calling refine_blocks with min_intra_freq=2...
refine_blocks took 0.02 seconds, produced 648 blocks
Merging blocks...
merge_blocks took 0.00 seconds, result: 63 blocks
Skipping purge_subset_blocks (do_purge=False)

--- depth=2, effective min_intra_freq=2, max_depth=5 (do_merge=True, do_purge=False) ---
Current number of blocks: 63
Calling refine_blocks with min_intra_freq=2...
refine_blocks took 0.02 seconds, produced 659 blocks
Merging blocks...
merge_blocks took 0.00 seconds, result: 64 blocks
Skipping purge_subset_blocks (do_purge=False)

--- depth=3, effective min_intra_freq=3, max_depth=5 (do_merge=True, do_purge=False) ---
Current number of blocks: 64
Calling refine_blocks with min_intra_freq=3...
refine_blocks took 0.01 seconds, produced 308 blocks
Merging blocks...
merge_blocks took 0.00 seconds, result: 64 blocks
Skipping purge_subset_blocks (do_purge=False)

--- depth=4, effective min_intra_freq=4, max_depth=5 (do_merge=True, do_purge=False) ---
Current number of blocks: 64
Calling refine_blocks with min_intra_freq=4...
refine_blocks took 0.01 seconds, produced 103 blocks
Merging blocks...
merge_blocks took 0.00 seconds, result: 64 blocks
Skipping purge_subset_blocks (do_purge=False)

--- depth=5, effective min_intra_freq=5, max_depth=5 (do_merge=True, do_purge=False) ---
Current number of blocks: 64
Calling refine_blocks with min_intra_freq=5...
refine_blocks took 0.01 seconds, produced 84 blocks
Merging blocks...
merge_blocks took 0.00 seconds, result: 64 blocks
Skipping purge_subset_blocks (do_purge=False)

--- depth=6, effective min_intra_freq=6, max_depth=5 (do_merge=True, do_purge=False) ---
Current number of blocks: 64
Stopping: depth > max_recursion_depth

Peak block count during recursion: 103 (at depth=0)
Clustering on FINAL snapshot (64 blocks)

Building ARCS weighted graph (weighting=uniform)...
  [pair similarity] pair_sim_weight=1.0: each pair's ARCS contribution scaled by shared_tokens / (|A| + |B| - shared_tokens)
  Graph built in 0.00s — 95 edges
  ARCS edge-weight histogram (95 edges, range [0.0114, 1.2500]):
    [0.0114, 0.1352): 58
    [0.1352, 0.2591): 6
    [0.2591, 0.3830): 5
    [0.3830, 0.5068): 6
    [0.5068, 0.6307): 1
    [0.6307, 0.7545): 1
    [0.7545, 0.8784): 6
    [0.8784, 1.0023): 9
    [1.0023, 1.1261): 1
    [1.1261, 1.2500): 2
  Edges kept (weight >= 0.2): 33 / 95
  Clusters (pre-density): 16 multi-record, 8 singletons
  Wrote 24 clusters to /home/user/blockingandEmbeddinginER/RESULTS/runs/G_blocking/full/clusters_m1_p0.json
  Wrote metrics JSON to /home/user/blockingandEmbeddinginER/RESULTS/runs/G_blocking/full/clusters_m1_p0.metrics.json
  Wrote metrics log  to /home/user/blockingandEmbeddinginER/RESULTS/runs/G_blocking/full/clusters_m1_p0.metrics.log

######################################################################
# RUN: merge=False, purge=True
######################################################################

--- depth=1, effective min_intra_freq=2, max_depth=5 (do_merge=False, do_purge=True) ---
Current number of blocks: 103
Calling refine_blocks with min_intra_freq=2...
refine_blocks took 0.02 seconds, produced 648 blocks
Skipping merge_blocks (do_merge=False); naive concat...
  result: 751 blocks
Purging subset blocks...
purge_subset_blocks took 0.01 seconds, dropped 746, result: 5 blocks

--- depth=2, effective min_intra_freq=2, max_depth=5 (do_merge=False, do_purge=True) ---
Current number of blocks: 5
Calling refine_blocks with min_intra_freq=2...
refine_blocks took 0.00 seconds, produced 180 blocks
Skipping merge_blocks (do_merge=False); naive concat...
  result: 185 blocks
Purging subset blocks...
purge_subset_blocks took 0.00 seconds, dropped 180, result: 5 blocks

--- depth=3, effective min_intra_freq=3, max_depth=5 (do_merge=False, do_purge=True) ---
Current number of blocks: 5
Calling refine_blocks with min_intra_freq=3...
refine_blocks took 0.00 seconds, produced 110 blocks
Skipping merge_blocks (do_merge=False); naive concat...
  result: 115 blocks
Purging subset blocks...
purge_subset_blocks took 0.00 seconds, dropped 110, result: 5 blocks

--- depth=4, effective min_intra_freq=4, max_depth=5 (do_merge=False, do_purge=True) ---
Current number of blocks: 5
Calling refine_blocks with min_intra_freq=4...
refine_blocks took 0.00 seconds, produced 38 blocks
Skipping merge_blocks (do_merge=False); naive concat...
  result: 43 blocks
Purging subset blocks...
purge_subset_blocks took 0.00 seconds, dropped 38, result: 5 blocks

--- depth=5, effective min_intra_freq=5, max_depth=5 (do_merge=False, do_purge=True) ---
Current number of blocks: 5
Calling refine_blocks with min_intra_freq=5...
refine_blocks took 0.00 seconds, produced 30 blocks
Skipping merge_blocks (do_merge=False); naive concat...
  result: 35 blocks
Purging subset blocks...
purge_subset_blocks took 0.00 seconds, dropped 30, result: 5 blocks

--- depth=6, effective min_intra_freq=6, max_depth=5 (do_merge=False, do_purge=True) ---
Current number of blocks: 5
Stopping: depth > max_recursion_depth

Peak block count during recursion: 103 (at depth=0)
Clustering on FINAL snapshot (5 blocks)

Building ARCS weighted graph (weighting=uniform)...
  [pair similarity] pair_sim_weight=1.0: each pair's ARCS contribution scaled by shared_tokens / (|A| + |B| - shared_tokens)
  Graph built in 0.02s — 1153 edges
  ARCS edge-weight histogram (1153 edges, range [0.0009, 0.3016]):
    [0.0009, 0.0310): 1114
    [0.0310, 0.0611): 20
    [0.0611, 0.0911): 9
    [0.0911, 0.1212): 6
    [0.1212, 0.1513): 1
    [0.1513, 0.1813): 0
    [0.1813, 0.2114): 0
    [0.2114, 0.2414): 0
    [0.2414, 0.2715): 0
    [0.2715, 0.3016): 3
  Edges kept (weight >= 0.2): 3 / 1153
  Clusters (pre-density): 1 multi-record, 47 singletons
  Wrote 48 clusters to /home/user/blockingandEmbeddinginER/RESULTS/runs/G_blocking/full/clusters_m0_p1.json
  Wrote metrics JSON to /home/user/blockingandEmbeddinginER/RESULTS/runs/G_blocking/full/clusters_m0_p1.metrics.json
  Wrote metrics log  to /home/user/blockingandEmbeddinginER/RESULTS/runs/G_blocking/full/clusters_m0_p1.metrics.log

######################################################################
# RUN: merge=False, purge=False
######################################################################

--- depth=1, effective min_intra_freq=2, max_depth=5 (do_merge=False, do_purge=False) ---
Current number of blocks: 103
Calling refine_blocks with min_intra_freq=2...
refine_blocks took 0.02 seconds, produced 648 blocks
Skipping merge_blocks (do_merge=False); naive concat...
  result: 751 blocks
Skipping purge_subset_blocks (do_purge=False)

--- depth=2, effective min_intra_freq=2, max_depth=5 (do_merge=False, do_purge=False) ---
Current number of blocks: 751
Calling refine_blocks with min_intra_freq=2...
refine_blocks took 0.12 seconds, produced 2697 blocks
Skipping merge_blocks (do_merge=False); naive concat...
  result: 2800 blocks
Skipping purge_subset_blocks (do_purge=False)

--- depth=3, effective min_intra_freq=3, max_depth=5 (do_merge=False, do_purge=False) ---
Current number of blocks: 2800
Calling refine_blocks with min_intra_freq=3...
refine_blocks took 0.21 seconds, produced 2568 blocks
Skipping merge_blocks (do_merge=False); naive concat...
  result: 4246 blocks
Skipping purge_subset_blocks (do_purge=False)

--- depth=4, effective min_intra_freq=4, max_depth=5 (do_merge=False, do_purge=False) ---
Current number of blocks: 4246
Calling refine_blocks with min_intra_freq=4...
refine_blocks took 0.13 seconds, produced 481 blocks
Skipping merge_blocks (do_merge=False); naive concat...
  result: 4364 blocks
Skipping purge_subset_blocks (do_purge=False)

--- depth=5, effective min_intra_freq=5, max_depth=5 (do_merge=False, do_purge=False) ---
Current number of blocks: 4364
Calling refine_blocks with min_intra_freq=5...
refine_blocks took 0.13 seconds, produced 314 blocks
Skipping merge_blocks (do_merge=False); naive concat...
  result: 4393 blocks
Skipping purge_subset_blocks (do_purge=False)

--- depth=6, effective min_intra_freq=6, max_depth=5 (do_merge=False, do_purge=False) ---
Current number of blocks: 4393
Stopping: depth > max_recursion_depth

Peak block count during recursion: 4393 (at depth=5)
Clustering on FINAL snapshot (4393 blocks)

Building ARCS weighted graph (weighting=uniform)...
  [pair similarity] pair_sim_weight=1.0: each pair's ARCS contribution scaled by shared_tokens / (|A| + |B| - shared_tokens)
  Graph built in 0.00s — 28 edges
  ARCS edge-weight histogram (28 edges, range [0.0250, 1.5000]):
    [0.0250, 0.1725): 2
    [0.1725, 0.3200): 1
    [0.3200, 0.4675): 2
    [0.4675, 0.6150): 2
    [0.6150, 0.7625): 0
    [0.7625, 0.9100): 1
    [0.9100, 1.0575): 12
    [1.0575, 1.2050): 0
    [1.2050, 1.3525): 4
    [1.3525, 1.5000): 4
  Edges kept (weight >= 0.2): 26 / 28
  Clusters (pre-density): 17 multi-record, 11 singletons
  Wrote 28 clusters to /home/user/blockingandEmbeddinginER/RESULTS/runs/G_blocking/full/clusters_m0_p0.json
  Wrote metrics JSON to /home/user/blockingandEmbeddinginER/RESULTS/runs/G_blocking/full/clusters_m0_p0.metrics.json
  Wrote metrics log  to /home/user/blockingandEmbeddinginER/RESULTS/runs/G_blocking/full/clusters_m0_p0.metrics.log


==============================================================================================================
ABLATION SUMMARY
mode=full, init_df_max=6, max_recursion_depth=5, min_intra_freq=2, tau=0.2, top_k=3, filter_mode=size, min_block_size=2, arcs_weighting=uniform, density_floor=0.0, cluster_on=final
==============================================================================================================
merge purge  blks(rec)   pairs(rec)  blks(flt)   pairs(flt)  clusters  multi  single  t_rec(s)  t_flt(s)  t_clu(s)  peak(MB)
--------------------------------------------------------------------------------------------------------------
    T     T          5         1684          5         1684        48      1      47      0.05      0.00      0.02     245.8
    T     F         64         3425         54          145        24     16       8      0.07      0.00      0.00     245.8
    F     T          5         1684          5         1684        48      1      47      0.05      0.00      0.02     245.7
    F     F       4393        21492         51           75        28     17      11      0.61      0.05      0.00     247.1
==============================================================================================================
