========================================================================
  RUN METRICS
========================================================================

[Configuration]
  blocking_mode            = default
  do_merge                 = False
  do_purge                 = True
  max_recursion_depth      = 5
  min_intra_freq           = 2
  top_k                    = 3
  tau                      = 0.4
  min_block_size           = 2
  filter_mode              = size
  weight_size              = 0.0
  weight_shared            = 0.0
  weight_tokenlen          = 0.0
  cluster_on               = final
  arcs_weighting           = uniform
  density_floor            = 0.0
  density_min_size         = 3
  arcs_factors             = {'length_weight': 0.0, 'numeric_factor': 1.0, 'word_factor': 1.0, 'density_weight': 0.0, 'density_sample_cap': 200, 'pair_sim_weight': 1.0}

[Records]
  total                    = 1912
  unique                   = 1912

[Predicted Clusters]
  total                    = 1765
  multi-record             = 131
  singletons               = 1634
  size  min / max          = 1 / 3
  size  mean / median      = 1.083 / 1
  size distribution (size: count):
    size   1 : 1634
    size   2 : 115
    size   3 : 16

[Truth Clusters]  (../truthABCgoodDQ.txt)
  total                    = 1188
  size  min / max          = 1 / 6
  size  mean / median      = 1.609 / 1.0
  size distribution (size: count):
    size   1 : 678
    size   2 : 339
    size   3 : 136
    size   4 : 28
    size   5 : 6
    size   6 : 1

[Distribution Match]
  cluster count diff       = 577  (predicted - truth)
  size-distribution L1     = 1335

[Pair-based Metrics]
  TP                       = 163
  FP                       = 0
  FN                       = 827
  Linked Pairs (L)         = 163
  Expected Pairs (E)       = 990
  Precision                = 1.0
  Recall                   = 0.1646
  F1                       = 0.2827

[Timings (seconds)]
  recursive                = 0.38
  filter                   = 0.03
  cluster                  = 0.092

========================================================================
