========================================================================
  RUN METRICS
========================================================================

[Configuration]
  blocking_mode            = default
  do_merge                 = True
  do_purge                 = True
  max_recursion_depth      = 5
  min_intra_freq           = 2
  top_k                    = 3
  tau                      = 0.4
  min_block_size           = 2
  filter_mode              = size
  weight_size              = 0.0
  weight_shared            = 0.0
  weight_tokenlen          = 0.0
  cluster_on               = final
  arcs_weighting           = uniform
  density_floor            = 0.0
  density_min_size         = 3
  arcs_factors             = {'length_weight': 0.0, 'numeric_factor': 1.0, 'word_factor': 1.0, 'density_weight': 0.0, 'density_sample_cap': 200, 'pair_sim_weight': 1.0}

[Records]
  total                    = 3004
  unique                   = 3004

[Predicted Clusters]
  total                    = 2809
  multi-record             = 180
  singletons               = 2629
  size  min / max          = 1 / 3
  size  mean / median      = 1.069 / 1
  size distribution (size: count):
    size   1 : 2629
    size   2 : 165
    size   3 : 15

[Truth Clusters]  (../truthABCgoodDQ.txt)
  total                    = 1877
  size  min / max          = 1 / 6
  size  mean / median      = 1.6 / 1
  size distribution (size: count):
    size   1 : 1076
    size   2 : 538
    size   3 : 209
    size   4 : 46
    size   5 : 7
    size   6 : 1

[Distribution Match]
  cluster count diff       = 932  (predicted - truth)
  size-distribution L1     = 2174

[Pair-based Metrics]
  TP                       = 210
  FP                       = 0
  FN                       = 1316
  Linked Pairs (L)         = 210
  Expected Pairs (E)       = 1526
  Precision                = 1.0
  Recall                   = 0.1376
  F1                       = 0.2419

[Timings (seconds)]
  recursive                = 0.614
  filter                   = 0.075
  cluster                  = 0.202

========================================================================
