========================================================================
  RUN METRICS
========================================================================

[Configuration]
  blocking_mode            = default
  do_merge                 = False
  do_purge                 = False
  max_recursion_depth      = 5
  min_intra_freq           = 2
  top_k                    = 3
  tau                      = 0.4
  min_block_size           = 2
  filter_mode              = size
  weight_size              = 0.0
  weight_shared            = 0.0
  weight_tokenlen          = 0.0
  cluster_on               = final
  arcs_weighting           = uniform
  density_floor            = 0.0
  density_min_size         = 3
  arcs_factors             = {'length_weight': 0.0, 'numeric_factor': 1.0, 'word_factor': 1.0, 'density_weight': 0.0, 'density_sample_cap': 200, 'pair_sim_weight': 1.0}

[Records]
  total                    = 1912
  unique                   = 1912

[Predicted Clusters]
  total                    = 1316
  multi-record             = 505
  singletons               = 811
  size  min / max          = 1 / 6
  size  mean / median      = 1.453 / 1.0
  size distribution (size: count):
    size   1 : 811
    size   2 : 425
    size   3 : 73
    size   4 : 4
    size   5 : 2
    size   6 : 1

[Truth Clusters]  (../truthABCgoodDQ.txt)
  total                    = 1188
  size  min / max          = 1 / 6
  size  mean / median      = 1.609 / 1.0
  size distribution (size: count):
    size   1 : 678
    size   2 : 339
    size   3 : 136
    size   4 : 28
    size   5 : 6
    size   6 : 1

[Distribution Match]
  cluster count diff       = 128  (predicted - truth)
  size-distribution L1     = 310

[Pair-based Metrics]
  TP                       = 658
  FP                       = 45
  FN                       = 332
  Linked Pairs (L)         = 703
  Expected Pairs (E)       = 990
  Precision                = 0.936
  Recall                   = 0.6646
  F1                       = 0.7773

[Timings (seconds)]
  recursive                = 1.484
  filter                   = 0.239
  cluster                  = 0.08

========================================================================
