========================================================================
  RUN METRICS
========================================================================

[Configuration]
  blocking_mode            = default
  do_merge                 = True
  do_purge                 = False
  max_recursion_depth      = 5
  min_intra_freq           = 2
  top_k                    = 3
  tau                      = 0.4
  min_block_size           = 2
  filter_mode              = size
  weight_size              = 0.0
  weight_shared            = 0.0
  weight_tokenlen          = 0.0
  cluster_on               = final
  arcs_weighting           = uniform
  density_floor            = 0.0
  density_min_size         = 3
  arcs_factors             = {'length_weight': 0.0, 'numeric_factor': 1.0, 'word_factor': 1.0, 'density_weight': 0.0, 'density_sample_cap': 200, 'pair_sim_weight': 1.0}

[Records]
  total                    = 5000
  unique                   = 5000

[Predicted Clusters]
  total                    = 3410
  multi-record             = 1226
  singletons               = 2184
  size  min / max          = 1 / 5
  size  mean / median      = 1.466 / 1.0
  size distribution (size: count):
    size   1 : 2184
    size   2 : 906
    size   3 : 282
    size   4 : 32
    size   5 : 6

[Truth Clusters]  (../truthABCgoodDQ.txt)
  total                    = 2183
  size  min / max          = 1 / 6
  size  mean / median      = 2.29 / 2
  size distribution (size: count):
    size   1 : 741
    size   2 : 597
    size   3 : 440
    size   4 : 298
    size   5 : 89
    size   6 : 18

[Distribution Match]
  cluster count diff       = 1227  (predicted - truth)
  size-distribution L1     = 2277

[Pair-based Metrics]
  TP                       = 1996
  FP                       = 8
  FN                       = 2869
  Linked Pairs (L)         = 2004
  Expected Pairs (E)       = 4865
  Precision                = 0.996
  Recall                   = 0.4103
  F1                       = 0.5812

[Timings (seconds)]
  recursive                = 1.015
  filter                   = 0.129
  cluster                  = 0.317

========================================================================
