# group=D_tau config_id=tau=0.4
# label=tau=0.4
# cmd=/usr/local/bin/python3 recursive_algo1_2_v2.py --input ../S7GX.txt --truth-dir .. --clusters-json /home/user/blockingandEmbeddinginER/RESULTS/runs/D_tau/tau=0.4/clusters.json --tau 0.4

Starting...
Loaded 2912 records
Replaced non-word characters with spaces in extracted tokens
Built token frequency dict with 6851 unique tokens
Stop-word removal: dropped 37 tokens with freq > 60
  Examples: ['NC', 'SALEM', 'WINSTON', 'DR', 'RD', 'ADAMS', '27106', 'CT', '27284', 'KERNERSVILLE', 'ST', '27103', 'LN', '27127', '27104']
Rebuilt token frequency dict: 6814 unique tokens remain

DF distribution percentiles (post-cleanup):
  p50=1, p90=5, p95=8, p99=22
Record-length percentiles (distinct tokens, post-cleanup):
  p50=6, p90=8, p95=8, p99=10
init_df_max derived from percentile 0.95: 8
[legacy] Mode token length: 6
[legacy] stop_k = floor(0.6 * 6) = 3
[diagnostic] Legacy heuristic stop_k(factor=0.6) = 3 (not used unless --stop-k* given)

Resolved parameters:
  init_df_max         = 8
  max_recursion_depth = 5
  min_intra_freq      = 2
  min_blk_token_len   = 4
  exclude_numeric     = True
  min_block_size      = 2
  top_k               = 3
  filter_mode         = size
  tau                 = 0.4
  arcs_weighting      = uniform
  density_floor       = 0.0 (min_size=3)
  cluster_on          = final

Creating initial blocks...
Blocking filters: min_blk_token_len=4, exclude_numeric_blocks=True, freq window=[2, 8]
Blocking gate counters (per-record token instances):
  too_short (< 4): 2390
  numeric (excluded):                5113
  freq < 2:                          1501
  freq > 8:                       3817
  kept (became block memberships):   5250
  unique blocking keys produced:     1628
Initial blocks created: 1628
[metrics] Auto-detected truth file: ../truthABCgoodDQ.txt

######################################################################
# RUN: merge=True, purge=True
######################################################################

--- depth=1, effective min_intra_freq=2, max_depth=5 (do_merge=True, do_purge=True) ---
Current number of blocks: 1628
Calling refine_blocks with min_intra_freq=2...
refine_blocks took 0.14 seconds, produced 6451 blocks
Merging blocks...
merge_blocks took 0.03 seconds, result: 1928 blocks
Purging subset blocks...
purge_subset_blocks took 0.02 seconds, dropped 932, result: 996 blocks

--- depth=2, effective min_intra_freq=2, max_depth=5 (do_merge=True, do_purge=True) ---
Current number of blocks: 996
Calling refine_blocks with min_intra_freq=2...
refine_blocks took 0.08 seconds, produced 3383 blocks
Merging blocks...
merge_blocks took 0.02 seconds, result: 1920 blocks
Purging subset blocks...
purge_subset_blocks took 0.02 seconds, dropped 924, result: 996 blocks

--- depth=3, effective min_intra_freq=3, max_depth=5 (do_merge=True, do_purge=True) ---
Current number of blocks: 996
Calling refine_blocks with min_intra_freq=3...
refine_blocks took 0.04 seconds, produced 1027 blocks
Merging blocks...
merge_blocks took 0.01 seconds, result: 1303 blocks
Purging subset blocks...
purge_subset_blocks took 0.01 seconds, dropped 307, result: 996 blocks

--- depth=4, effective min_intra_freq=4, max_depth=5 (do_merge=True, do_purge=True) ---
Current number of blocks: 996
Calling refine_blocks with min_intra_freq=4...
refine_blocks took 0.03 seconds, produced 242 blocks
Merging blocks...
merge_blocks took 0.01 seconds, result: 1090 blocks
Purging subset blocks...
purge_subset_blocks took 0.01 seconds, dropped 94, result: 996 blocks

--- depth=5, effective min_intra_freq=5, max_depth=5 (do_merge=True, do_purge=True) ---
Current number of blocks: 996
Calling refine_blocks with min_intra_freq=5...
refine_blocks took 0.03 seconds, produced 71 blocks
Merging blocks...
merge_blocks took 0.01 seconds, result: 1024 blocks
Purging subset blocks...
purge_subset_blocks took 0.02 seconds, dropped 28, result: 996 blocks

--- depth=6, effective min_intra_freq=6, max_depth=5 (do_merge=True, do_purge=True) ---
Current number of blocks: 996
Stopping: depth > max_recursion_depth

Peak block count during recursion: 1628 (at depth=0)
Clustering on FINAL snapshot (996 blocks)

Building ARCS weighted graph (weighting=uniform)...
  [pair similarity] pair_sim_weight=1.0: each pair's ARCS contribution scaled by shared_tokens / (|A| + |B| - shared_tokens)
  Graph built in 0.13s — 6041 edges
  ARCS edge-weight histogram (6041 edges, range [0.0057, 0.8667]):
    [0.0057, 0.0918): 4580
    [0.0918, 0.1779): 593
    [0.1779, 0.2640): 345
    [0.2640, 0.3501): 248
    [0.3501, 0.4362): 125
    [0.4362, 0.5223): 107
    [0.5223, 0.6084): 21
    [0.6084, 0.6945): 12
    [0.6945, 0.7806): 5
    [0.7806, 0.8667): 5
  Edges kept (weight >= 0.4): 195 / 6041
  Clusters (pre-density): 168 multi-record, 2563 singletons
  Wrote 2731 clusters to /home/user/blockingandEmbeddinginER/RESULTS/runs/D_tau/tau=0.4/clusters_m1_p1.json
  Wrote metrics JSON to /home/user/blockingandEmbeddinginER/RESULTS/runs/D_tau/tau=0.4/clusters_m1_p1.metrics.json
  Wrote metrics log  to /home/user/blockingandEmbeddinginER/RESULTS/runs/D_tau/tau=0.4/clusters_m1_p1.metrics.log

######################################################################
# RUN: merge=True, purge=False
######################################################################

--- depth=1, effective min_intra_freq=2, max_depth=5 (do_merge=True, do_purge=False) ---
Current number of blocks: 1628
Calling refine_blocks with min_intra_freq=2...
refine_blocks took 0.14 seconds, produced 6451 blocks
Merging blocks...
merge_blocks took 0.03 seconds, result: 1928 blocks
Skipping purge_subset_blocks (do_purge=False)

--- depth=2, effective min_intra_freq=2, max_depth=5 (do_merge=True, do_purge=False) ---
Current number of blocks: 1928
Calling refine_blocks with min_intra_freq=2...
refine_blocks took 0.11 seconds, produced 4331 blocks
Merging blocks...
merge_blocks took 0.04 seconds, result: 1932 blocks
Skipping purge_subset_blocks (do_purge=False)

--- depth=3, effective min_intra_freq=3, max_depth=5 (do_merge=True, do_purge=False) ---
Current number of blocks: 1932
Calling refine_blocks with min_intra_freq=3...
refine_blocks took 0.06 seconds, produced 1152 blocks
Merging blocks...
merge_blocks took 0.02 seconds, result: 1932 blocks
Skipping purge_subset_blocks (do_purge=False)

--- depth=4, effective min_intra_freq=4, max_depth=5 (do_merge=True, do_purge=False) ---
Current number of blocks: 1932
Calling refine_blocks with min_intra_freq=4...
refine_blocks took 0.04 seconds, produced 263 blocks
Merging blocks...
merge_blocks took 0.02 seconds, result: 1932 blocks
Skipping purge_subset_blocks (do_purge=False)

--- depth=5, effective min_intra_freq=5, max_depth=5 (do_merge=True, do_purge=False) ---
Current number of blocks: 1932
Calling refine_blocks with min_intra_freq=5...
refine_blocks took 0.04 seconds, produced 76 blocks
Merging blocks...
merge_blocks took 0.02 seconds, result: 1932 blocks
Skipping purge_subset_blocks (do_purge=False)

--- depth=6, effective min_intra_freq=6, max_depth=5 (do_merge=True, do_purge=False) ---
Current number of blocks: 1932
Stopping: depth > max_recursion_depth

Peak block count during recursion: 1932 (at depth=2)
Clustering on FINAL snapshot (1932 blocks)

Building ARCS weighted graph (weighting=uniform)...
  [pair similarity] pair_sim_weight=1.0: each pair's ARCS contribution scaled by shared_tokens / (|A| + |B| - shared_tokens)
  Graph built in 0.14s — 4864 edges
  ARCS edge-weight histogram (4864 edges, range [0.0078, 1.3333]):
    [0.0078, 0.1404): 3363
    [0.1404, 0.2729): 344
    [0.2729, 0.4055): 257
    [0.4055, 0.5380): 279
    [0.5380, 0.6706): 181
    [0.6706, 0.8031): 177
    [0.8031, 0.9357): 106
    [0.9357, 1.0682): 82
    [1.0682, 1.2008): 73
    [1.2008, 1.3333): 2
  Edges kept (weight >= 0.4): 908 / 4864
  Clusters (pre-density): 623 multi-record, 1521 singletons
  Wrote 2144 clusters to /home/user/blockingandEmbeddinginER/RESULTS/runs/D_tau/tau=0.4/clusters_m1_p0.json
  Wrote metrics JSON to /home/user/blockingandEmbeddinginER/RESULTS/runs/D_tau/tau=0.4/clusters_m1_p0.metrics.json
  Wrote metrics log  to /home/user/blockingandEmbeddinginER/RESULTS/runs/D_tau/tau=0.4/clusters_m1_p0.metrics.log

######################################################################
# RUN: merge=False, purge=True
######################################################################

--- depth=1, effective min_intra_freq=2, max_depth=5 (do_merge=False, do_purge=True) ---
Current number of blocks: 1628
Calling refine_blocks with min_intra_freq=2...
refine_blocks took 0.14 seconds, produced 6451 blocks
Skipping merge_blocks (do_merge=False); naive concat...
  result: 8079 blocks
Purging subset blocks...
purge_subset_blocks took 0.08 seconds, dropped 7083, result: 996 blocks

--- depth=2, effective min_intra_freq=2, max_depth=5 (do_merge=False, do_purge=True) ---
Current number of blocks: 996
Calling refine_blocks with min_intra_freq=2...
refine_blocks took 0.09 seconds, produced 4363 blocks
Skipping merge_blocks (do_merge=False); naive concat...
  result: 5359 blocks
Purging subset blocks...
purge_subset_blocks took 0.05 seconds, dropped 4363, result: 996 blocks

--- depth=3, effective min_intra_freq=3, max_depth=5 (do_merge=False, do_purge=True) ---
Current number of blocks: 996
Calling refine_blocks with min_intra_freq=3...
refine_blocks took 0.05 seconds, produced 1438 blocks
Skipping merge_blocks (do_merge=False); naive concat...
  result: 2434 blocks
Purging subset blocks...
purge_subset_blocks took 0.03 seconds, dropped 1438, result: 996 blocks

--- depth=4, effective min_intra_freq=4, max_depth=5 (do_merge=False, do_purge=True) ---
Current number of blocks: 996
Calling refine_blocks with min_intra_freq=4...
refine_blocks took 0.03 seconds, produced 377 blocks
Skipping merge_blocks (do_merge=False); naive concat...
  result: 1373 blocks
Purging subset blocks...
purge_subset_blocks took 0.02 seconds, dropped 377, result: 996 blocks

--- depth=5, effective min_intra_freq=5, max_depth=5 (do_merge=False, do_purge=True) ---
Current number of blocks: 996
Calling refine_blocks with min_intra_freq=5...
refine_blocks took 0.03 seconds, produced 146 blocks
Skipping merge_blocks (do_merge=False); naive concat...
  result: 1142 blocks
Purging subset blocks...
purge_subset_blocks took 0.01 seconds, dropped 146, result: 996 blocks

--- depth=6, effective min_intra_freq=6, max_depth=5 (do_merge=False, do_purge=True) ---
Current number of blocks: 996
Stopping: depth > max_recursion_depth

Peak block count during recursion: 1628 (at depth=0)
Clustering on FINAL snapshot (996 blocks)

Building ARCS weighted graph (weighting=uniform)...
  [pair similarity] pair_sim_weight=1.0: each pair's ARCS contribution scaled by shared_tokens / (|A| + |B| - shared_tokens)
  Graph built in 0.13s — 6041 edges
  ARCS edge-weight histogram (6041 edges, range [0.0057, 0.8667]):
    [0.0057, 0.0918): 4580
    [0.0918, 0.1779): 593
    [0.1779, 0.2640): 345
    [0.2640, 0.3501): 248
    [0.3501, 0.4362): 125
    [0.4362, 0.5223): 107
    [0.5223, 0.6084): 21
    [0.6084, 0.6945): 12
    [0.6945, 0.7806): 5
    [0.7806, 0.8667): 5
  Edges kept (weight >= 0.4): 195 / 6041
  Clusters (pre-density): 168 multi-record, 2563 singletons
  Wrote 2731 clusters to /home/user/blockingandEmbeddinginER/RESULTS/runs/D_tau/tau=0.4/clusters_m0_p1.json
  Wrote metrics JSON to /home/user/blockingandEmbeddinginER/RESULTS/runs/D_tau/tau=0.4/clusters_m0_p1.metrics.json
  Wrote metrics log  to /home/user/blockingandEmbeddinginER/RESULTS/runs/D_tau/tau=0.4/clusters_m0_p1.metrics.log

######################################################################
# RUN: merge=False, purge=False
######################################################################

--- depth=1, effective min_intra_freq=2, max_depth=5 (do_merge=False, do_purge=False) ---
Current number of blocks: 1628
Calling refine_blocks with min_intra_freq=2...
refine_blocks took 0.15 seconds, produced 6451 blocks
Skipping merge_blocks (do_merge=False); naive concat...
  result: 8079 blocks
Skipping purge_subset_blocks (do_purge=False)

--- depth=2, effective min_intra_freq=2, max_depth=5 (do_merge=False, do_purge=False) ---
Current number of blocks: 8079
Calling refine_blocks with min_intra_freq=2...
refine_blocks took 0.56 seconds, produced 17146 blocks
Skipping merge_blocks (do_merge=False); naive concat...
  result: 18774 blocks
Skipping purge_subset_blocks (do_purge=False)

--- depth=3, effective min_intra_freq=3, max_depth=5 (do_merge=False, do_purge=False) ---
Current number of blocks: 18774
Calling refine_blocks with min_intra_freq=3...
refine_blocks took 0.57 seconds, produced 7598 blocks
Skipping merge_blocks (do_merge=False); naive concat...
  result: 21434 blocks
Skipping purge_subset_blocks (do_purge=False)

--- depth=4, effective min_intra_freq=4, max_depth=5 (do_merge=False, do_purge=False) ---
Current number of blocks: 21434
Calling refine_blocks with min_intra_freq=4...
refine_blocks took 0.38 seconds, produced 1426 blocks
Skipping merge_blocks (do_merge=False); naive concat...
  result: 21577 blocks
Skipping purge_subset_blocks (do_purge=False)

--- depth=5, effective min_intra_freq=5, max_depth=5 (do_merge=False, do_purge=False) ---
Current number of blocks: 21577
Calling refine_blocks with min_intra_freq=5...
refine_blocks took 0.34 seconds, produced 554 blocks
Skipping merge_blocks (do_merge=False); naive concat...
  result: 21594 blocks
Skipping purge_subset_blocks (do_purge=False)

--- depth=6, effective min_intra_freq=6, max_depth=5 (do_merge=False, do_purge=False) ---
Current number of blocks: 21594
Stopping: depth > max_recursion_depth

Peak block count during recursion: 21594 (at depth=5)
Clustering on FINAL snapshot (21594 blocks)

Building ARCS weighted graph (weighting=uniform)...
  [pair similarity] pair_sim_weight=1.0: each pair's ARCS contribution scaled by shared_tokens / (|A| + |B| - shared_tokens)
  Graph built in 0.11s — 1590 edges
  ARCS edge-weight histogram (1590 edges, range [0.0139, 1.5000]):
    [0.0139, 0.1625): 454
    [0.1625, 0.3111): 85
    [0.3111, 0.4597): 75
    [0.4597, 0.6083): 96
    [0.6083, 0.7569): 80
    [0.7569, 0.9056): 48
    [0.9056, 1.0542): 253
    [1.0542, 1.2028): 97
    [1.2028, 1.3514): 78
    [1.3514, 1.5000): 324
  Edges kept (weight >= 0.4): 1010 / 1590
  Clusters (pre-density): 759 multi-record, 1275 singletons
  Wrote 2034 clusters to /home/user/blockingandEmbeddinginER/RESULTS/runs/D_tau/tau=0.4/clusters_m0_p0.json
  Wrote metrics JSON to /home/user/blockingandEmbeddinginER/RESULTS/runs/D_tau/tau=0.4/clusters_m0_p0.metrics.json
  Wrote metrics log  to /home/user/blockingandEmbeddinginER/RESULTS/runs/D_tau/tau=0.4/clusters_m0_p0.metrics.log


==============================================================================================================
ABLATION SUMMARY
mode=default, init_df_max=8, max_recursion_depth=5, min_intra_freq=2, tau=0.4, top_k=3, filter_mode=size, min_block_size=2, arcs_weighting=uniform, density_floor=0.0, cluster_on=final
==============================================================================================================
merge purge  blks(rec)   pairs(rec)  blks(flt)   pairs(flt)  clusters  multi  single  t_rec(s)  t_flt(s)  t_clu(s)  peak(MB)
--------------------------------------------------------------------------------------------------------------
    T     T        996         6570        996         6460      2731    168    2563      0.51      0.05      0.16     247.4
    T     F       1932         8574       1906         6469      2144    623    1521      0.53      0.07      0.16     247.5
    F     T        996         6570        996         6460      2731    168    2563      0.56      0.05      0.15     247.1
    F     F      21594        50977       2770         3690      2034    759    1275      2.02      0.34      0.12     252.7
==============================================================================================================
