========================================================================
  RUN METRICS
========================================================================

[Configuration]
  blocking_mode            = default
  do_merge                 = False
  do_purge                 = False
  max_recursion_depth      = 2
  min_intra_freq           = 2
  top_k                    = 3
  tau                      = 0.2
  min_block_size           = 2
  filter_mode              = size
  weight_size              = 0.0
  weight_shared            = 0.0
  weight_tokenlen          = 0.0
  cluster_on               = final
  arcs_weighting           = uniform
  density_floor            = 0.0
  density_min_size         = 3
  arcs_factors             = {'length_weight': 0.0, 'numeric_factor': 1.0, 'word_factor': 1.0, 'density_weight': 0.0, 'density_sample_cap': 200, 'pair_sim_weight': 1.0}

[Records]
  total                    = 1912
  unique                   = 1912

[Predicted Clusters]
  total                    = 1243
  multi-record             = 562
  singletons               = 681
  size  min / max          = 1 / 6
  size  mean / median      = 1.538 / 1
  size distribution (size: count):
    size   1 : 681
    size   2 : 470
    size   3 : 81
    size   4 : 8
    size   5 : 2
    size   6 : 1

[Truth Clusters]  (../truthABCgoodDQ.txt)
  total                    = 1188
  size  min / max          = 1 / 6
  size  mean / median      = 1.609 / 1.0
  size distribution (size: count):
    size   1 : 678
    size   2 : 339
    size   3 : 136
    size   4 : 28
    size   5 : 6
    size   6 : 1

[Distribution Match]
  cluster count diff       = 55  (predicted - truth)
  size-distribution L1     = 213

[Pair-based Metrics]
  TP                       = 705
  FP                       = 91
  FN                       = 285
  Linked Pairs (L)         = 796
  Expected Pairs (E)       = 990
  Precision                = 0.8857
  Recall                   = 0.7121
  F1                       = 0.7895

[Timings (seconds)]
  recursive                = 0.538
  filter                   = 0.197
  cluster                  = 0.081

========================================================================
