Starting...
Loaded 6000 records
Replaced non-word characters with spaces in extracted tokens
Built token frequency dict with 14578 unique tokens
Stop-word removal: dropped 90 tokens with freq > 60
  Examples: ['CA', 'FL', 'TX', 'ST', 'DR', 'M', 'BOX', 'A', 'AVE', 'S', 'APT', 'E', 'D', 'PO', 'L']
Rebuilt token frequency dict: 14488 unique tokens remain

DF distribution percentiles (post-cleanup):
  p50=1, p90=7, p95=11, p99=24
Record-length percentiles (distinct tokens, post-cleanup):
  p50=7, p90=10, p95=10, p99=12
init_df_max derived from percentile 0.95: 11
[legacy] Mode token length: 7
[legacy] stop_k = floor(0.6 * 7) = 4
[diagnostic] Legacy heuristic stop_k(factor=0.6) = 4 (not used unless --stop-k* given)

Resolved parameters:
  init_df_max         = 11
  max_recursion_depth = 5
  min_intra_freq      = 2
  min_blk_token_len   = 4
  exclude_numeric     = True
  min_block_size      = 2
  top_k               = 3
  filter_mode         = keylen
  tau                 = 0.2
  arcs_weighting      = uniform
  density_floor       = 0.0 (min_size=3)
  cluster_on          = final

Creating initial blocks...
Blocking filters: min_blk_token_len=4, exclude_numeric_blocks=True, freq window=[2, 11]
Blocking gate counters (per-record token instances):
  too_short (< 4): 4375
  numeric (excluded):                17556
  freq < 2:                          3611
  freq > 11:                       9732
  kept (became block memberships):   10737
  unique blocking keys produced:     2481
Initial blocks created: 2481
[metrics] Auto-detected truth file: ../truthABCpoorDQ.txt

######################################################################
# RUN: merge=True, purge=True
######################################################################

--- depth=1, effective min_intra_freq=2, max_depth=5 (do_merge=True, do_purge=True) ---
Current number of blocks: 2481
Calling refine_blocks with min_intra_freq=2...
refine_blocks took 0.47 seconds, produced 13606 blocks
Merging blocks...
merge_blocks took 0.12 seconds, result: 6411 blocks
Purging subset blocks...
purge_subset_blocks took 0.10 seconds, dropped 4709, result: 1702 blocks

--- depth=2, effective min_intra_freq=2, max_depth=5 (do_merge=True, do_purge=True) ---
Current number of blocks: 1702
Calling refine_blocks with min_intra_freq=2...
refine_blocks took 0.31 seconds, produced 9353 blocks
Merging blocks...
merge_blocks took 0.10 seconds, result: 6249 blocks
Purging subset blocks...
purge_subset_blocks took 0.09 seconds, dropped 4547, result: 1702 blocks

--- depth=3, effective min_intra_freq=3, max_depth=5 (do_merge=True, do_purge=True) ---
Current number of blocks: 1702
Calling refine_blocks with min_intra_freq=3...
refine_blocks took 0.20 seconds, produced 3625 blocks
Merging blocks...
merge_blocks took 0.08 seconds, result: 3911 blocks
Purging subset blocks...
purge_subset_blocks took 0.06 seconds, dropped 2209, result: 1702 blocks

--- depth=4, effective min_intra_freq=4, max_depth=5 (do_merge=True, do_purge=True) ---
Current number of blocks: 1702
Calling refine_blocks with min_intra_freq=4...
refine_blocks took 0.16 seconds, produced 2218 blocks
Merging blocks...
merge_blocks took 0.05 seconds, result: 2995 blocks
Purging subset blocks...
purge_subset_blocks took 0.05 seconds, dropped 1293, result: 1702 blocks

--- depth=5, effective min_intra_freq=5, max_depth=5 (do_merge=True, do_purge=True) ---
Current number of blocks: 1702
Calling refine_blocks with min_intra_freq=5...
refine_blocks took 0.12 seconds, produced 937 blocks
Merging blocks...
merge_blocks took 0.03 seconds, result: 2362 blocks
Purging subset blocks...
purge_subset_blocks took 0.04 seconds, dropped 660, result: 1702 blocks

--- depth=6, effective min_intra_freq=6, max_depth=5 (do_merge=True, do_purge=True) ---
Current number of blocks: 1702
Stopping: depth > max_recursion_depth

Peak block count during recursion: 2481 (at depth=0)
Clustering on FINAL snapshot (1702 blocks)

Building ARCS weighted graph (weighting=uniform)...
  [pair similarity] pair_sim_weight=1.0: each pair's ARCS contribution scaled by shared_tokens / (|A| + |B| - shared_tokens)
  Graph built in 0.61s — 20542 edges
  ARCS edge-weight histogram (20542 edges, range [0.0038, 0.6762]):
    [0.0038, 0.0710): 16179
    [0.0710, 0.1383): 2596
    [0.1383, 0.2055): 1131
    [0.2055, 0.2727): 404
    [0.2727, 0.3400): 166
    [0.3400, 0.4072): 47
    [0.4072, 0.4745): 11
    [0.4745, 0.5417): 3
    [0.5417, 0.6090): 2
    [0.6090, 0.6762): 3
  Edges kept (weight >= 0.2): 693 / 20542
  Clusters (pre-density): 501 multi-record, 4872 singletons
  Wrote 5373 clusters to ablation_filter_mode/keylen_m1_p1.json
  Wrote metrics JSON to ablation_filter_mode/keylen_m1_p1.metrics.json
  Wrote metrics log  to ablation_filter_mode/keylen_m1_p1.metrics.log

######################################################################
# RUN: merge=True, purge=False
######################################################################

--- depth=1, effective min_intra_freq=2, max_depth=5 (do_merge=True, do_purge=False) ---
Current number of blocks: 2481
Calling refine_blocks with min_intra_freq=2...
refine_blocks took 0.45 seconds, produced 13606 blocks
Merging blocks...
merge_blocks took 0.14 seconds, result: 6411 blocks
Skipping purge_subset_blocks (do_purge=False)

--- depth=2, effective min_intra_freq=2, max_depth=5 (do_merge=True, do_purge=False) ---
Current number of blocks: 6411
Calling refine_blocks with min_intra_freq=2...
refine_blocks took 0.77 seconds, produced 21059 blocks
Merging blocks...
merge_blocks took 0.17 seconds, result: 7132 blocks
Skipping purge_subset_blocks (do_purge=False)

--- depth=3, effective min_intra_freq=3, max_depth=5 (do_merge=True, do_purge=False) ---
Current number of blocks: 7132
Calling refine_blocks with min_intra_freq=3...
refine_blocks took 0.47 seconds, produced 6400 blocks
Merging blocks...
merge_blocks took 0.12 seconds, result: 7171 blocks
Skipping purge_subset_blocks (do_purge=False)

--- depth=4, effective min_intra_freq=4, max_depth=5 (do_merge=True, do_purge=False) ---
Current number of blocks: 7171
Calling refine_blocks with min_intra_freq=4...
refine_blocks took 0.36 seconds, produced 3324 blocks
Merging blocks...
merge_blocks took 0.12 seconds, result: 7177 blocks
Skipping purge_subset_blocks (do_purge=False)

--- depth=5, effective min_intra_freq=5, max_depth=5 (do_merge=True, do_purge=False) ---
Current number of blocks: 7177
Calling refine_blocks with min_intra_freq=5...
refine_blocks took 0.28 seconds, produced 1305 blocks
Merging blocks...
merge_blocks took 0.11 seconds, result: 7177 blocks
Skipping purge_subset_blocks (do_purge=False)

--- depth=6, effective min_intra_freq=6, max_depth=5 (do_merge=True, do_purge=False) ---
Current number of blocks: 7177
Stopping: depth > max_recursion_depth

Peak block count during recursion: 7177 (at depth=4)
Clustering on FINAL snapshot (7177 blocks)

Building ARCS weighted graph (weighting=uniform)...
  [pair similarity] pair_sim_weight=1.0: each pair's ARCS contribution scaled by shared_tokens / (|A| + |B| - shared_tokens)
  Graph built in 0.44s — 8598 edges
  ARCS edge-weight histogram (8598 edges, range [0.0065, 1.1667]):
    [0.0065, 0.1225): 3672
    [0.1225, 0.2385): 2179
    [0.2385, 0.3545): 1136
    [0.3545, 0.4706): 715
    [0.4706, 0.5866): 488
    [0.5866, 0.7026): 231
    [0.7026, 0.8186): 77
    [0.8186, 0.9346): 39
    [0.9346, 1.0506): 33
    [1.0506, 1.1667): 28
  Edges kept (weight >= 0.2): 3410 / 8598
  Clusters (pre-density): 1289 multi-record, 1927 singletons
  Wrote 3216 clusters to ablation_filter_mode/keylen_m1_p0.json
  Wrote metrics JSON to ablation_filter_mode/keylen_m1_p0.metrics.json
  Wrote metrics log  to ablation_filter_mode/keylen_m1_p0.metrics.log

######################################################################
# RUN: merge=False, purge=True
######################################################################

--- depth=1, effective min_intra_freq=2, max_depth=5 (do_merge=False, do_purge=True) ---
Current number of blocks: 2481
Calling refine_blocks with min_intra_freq=2...
refine_blocks took 0.45 seconds, produced 13606 blocks
Skipping merge_blocks (do_merge=False); naive concat...
  result: 16087 blocks
Purging subset blocks...
purge_subset_blocks took 0.24 seconds, dropped 14385, result: 1702 blocks

--- depth=2, effective min_intra_freq=2, max_depth=5 (do_merge=False, do_purge=True) ---
Current number of blocks: 1702
Calling refine_blocks with min_intra_freq=2...
refine_blocks took 0.36 seconds, produced 10834 blocks
Skipping merge_blocks (do_merge=False); naive concat...
  result: 12536 blocks
Purging subset blocks...
purge_subset_blocks took 0.21 seconds, dropped 10834, result: 1702 blocks

--- depth=3, effective min_intra_freq=3, max_depth=5 (do_merge=False, do_purge=True) ---
Current number of blocks: 1702
Calling refine_blocks with min_intra_freq=3...
refine_blocks took 0.24 seconds, produced 4428 blocks
Skipping merge_blocks (do_merge=False); naive concat...
  result: 6130 blocks
Purging subset blocks...
purge_subset_blocks took 0.11 seconds, dropped 4428, result: 1702 blocks

--- depth=4, effective min_intra_freq=4, max_depth=5 (do_merge=False, do_purge=True) ---
Current number of blocks: 1702
Calling refine_blocks with min_intra_freq=4...
refine_blocks took 0.20 seconds, produced 2815 blocks
Skipping merge_blocks (do_merge=False); naive concat...
  result: 4517 blocks
Purging subset blocks...
purge_subset_blocks took 0.09 seconds, dropped 2815, result: 1702 blocks

--- depth=5, effective min_intra_freq=5, max_depth=5 (do_merge=False, do_purge=True) ---
Current number of blocks: 1702
Calling refine_blocks with min_intra_freq=5...
refine_blocks took 0.14 seconds, produced 1363 blocks
Skipping merge_blocks (do_merge=False); naive concat...
  result: 3065 blocks
Purging subset blocks...
purge_subset_blocks took 0.06 seconds, dropped 1363, result: 1702 blocks

--- depth=6, effective min_intra_freq=6, max_depth=5 (do_merge=False, do_purge=True) ---
Current number of blocks: 1702
Stopping: depth > max_recursion_depth

Peak block count during recursion: 2481 (at depth=0)
Clustering on FINAL snapshot (1702 blocks)

Building ARCS weighted graph (weighting=uniform)...
  [pair similarity] pair_sim_weight=1.0: each pair's ARCS contribution scaled by shared_tokens / (|A| + |B| - shared_tokens)
  Graph built in 0.61s — 20539 edges
  ARCS edge-weight histogram (20539 edges, range [0.0038, 0.6762]):
    [0.0038, 0.0710): 16175
    [0.0710, 0.1383): 2597
    [0.1383, 0.2055): 1131
    [0.2055, 0.2727): 404
    [0.2727, 0.3400): 166
    [0.3400, 0.4072): 47
    [0.4072, 0.4745): 11
    [0.4745, 0.5417): 3
    [0.5417, 0.6090): 2
    [0.6090, 0.6762): 3
  Edges kept (weight >= 0.2): 694 / 20539
  Clusters (pre-density): 501 multi-record, 4871 singletons
  Wrote 5372 clusters to ablation_filter_mode/keylen_m0_p1.json
  Wrote metrics JSON to ablation_filter_mode/keylen_m0_p1.metrics.json
  Wrote metrics log  to ablation_filter_mode/keylen_m0_p1.metrics.log

######################################################################
# RUN: merge=False, purge=False
######################################################################

--- depth=1, effective min_intra_freq=2, max_depth=5 (do_merge=False, do_purge=False) ---
Current number of blocks: 2481
Calling refine_blocks with min_intra_freq=2...
refine_blocks took 0.45 seconds, produced 13606 blocks
Skipping merge_blocks (do_merge=False); naive concat...
  result: 16087 blocks
Skipping purge_subset_blocks (do_purge=False)

--- depth=2, effective min_intra_freq=2, max_depth=5 (do_merge=False, do_purge=False) ---
Current number of blocks: 16087
Calling refine_blocks with min_intra_freq=2...
refine_blocks took 2.04 seconds, produced 39432 blocks
Skipping merge_blocks (do_merge=False); naive concat...
  result: 41913 blocks
Skipping purge_subset_blocks (do_purge=False)

--- depth=3, effective min_intra_freq=3, max_depth=5 (do_merge=False, do_purge=False) ---
Current number of blocks: 41913
Calling refine_blocks with min_intra_freq=3...
refine_blocks took 2.40 seconds, produced 20244 blocks
Skipping merge_blocks (do_merge=False); naive concat...
  result: 49029 blocks
Skipping purge_subset_blocks (do_purge=False)

--- depth=4, effective min_intra_freq=4, max_depth=5 (do_merge=False, do_purge=False) ---
Current number of blocks: 49029
Calling refine_blocks with min_intra_freq=4...
refine_blocks took 2.31 seconds, produced 11983 blocks
Skipping merge_blocks (do_merge=False); naive concat...
  result: 50433 blocks
Skipping purge_subset_blocks (do_purge=False)

--- depth=5, effective min_intra_freq=5, max_depth=5 (do_merge=False, do_purge=False) ---
Current number of blocks: 50433
Calling refine_blocks with min_intra_freq=5...
refine_blocks took 1.69 seconds, produced 4509 blocks
Skipping merge_blocks (do_merge=False); naive concat...
  result: 50516 blocks
Skipping purge_subset_blocks (do_purge=False)

--- depth=6, effective min_intra_freq=6, max_depth=5 (do_merge=False, do_purge=False) ---
Current number of blocks: 50516
Stopping: depth > max_recursion_depth

Peak block count during recursion: 50516 (at depth=5)
Clustering on FINAL snapshot (50516 blocks)

Building ARCS weighted graph (weighting=uniform)...
  [pair similarity] pair_sim_weight=1.0: each pair's ARCS contribution scaled by shared_tokens / (|A| + |B| - shared_tokens)
  Graph built in 0.38s — 5118 edges
  ARCS edge-weight histogram (5118 edges, range [0.0118, 1.5000]):
    [0.0118, 0.1606): 1641
    [0.1606, 0.3094): 696
    [0.3094, 0.4582): 840
    [0.4582, 0.6071): 948
    [0.6071, 0.7559): 615
    [0.7559, 0.9047): 217
    [0.9047, 1.0535): 101
    [1.0535, 1.2024): 39
    [1.2024, 1.3512): 15
    [1.3512, 1.5000): 6
  Edges kept (weight >= 0.2): 3162 / 5118
  Clusters (pre-density): 1484 multi-record, 2162 singletons
  Wrote 3646 clusters to ablation_filter_mode/keylen_m0_p0.json
  Wrote metrics JSON to ablation_filter_mode/keylen_m0_p0.metrics.json
  Wrote metrics log  to ablation_filter_mode/keylen_m0_p0.metrics.log


==============================================================================================================
ABLATION SUMMARY
mode=default, init_df_max=11, max_recursion_depth=5, min_intra_freq=2, tau=0.2, top_k=3, filter_mode=keylen, min_block_size=2, arcs_weighting=uniform, density_floor=0.0, cluster_on=final
==============================================================================================================
merge purge  blks(rec)   pairs(rec)  blks(flt)   pairs(flt)  clusters  multi  single  t_rec(s)  t_flt(s)  t_clu(s)  peak(MB)
--------------------------------------------------------------------------------------------------------------
    T     T       1702        23309       1699        22830      5373    501    4872      2.02      0.08      0.72      73.9
    T     F       7177        45531       5251        11462      3216   1289    1927      3.04      0.22      0.49      76.9
    F     T       1702        23309       1699        22827      5372    501    4871      2.12      0.08      0.71      73.8
    F     F      50516       187889       4815        10447      3646   1484    2162      8.94      0.69      0.42      88.3
==============================================================================================================
