========================================================================
  RUN METRICS
========================================================================

[Configuration]
  blocking_mode            = default
  do_merge                 = True
  do_purge                 = False
  max_recursion_depth      = 5
  min_intra_freq           = 2
  top_k                    = 3
  tau                      = 0.2
  min_block_size           = 2
  filter_mode              = composite
  weight_size              = 0.0
  weight_shared            = 0.0
  weight_tokenlen          = 1.0
  cluster_on               = final
  arcs_weighting           = uniform
  density_floor            = 0.0
  density_min_size         = 3
  arcs_factors             = {'length_weight': 0.0, 'numeric_factor': 1.0, 'word_factor': 1.0, 'density_weight': 0.0, 'density_sample_cap': 200, 'pair_sim_weight': 1.0}

[Records]
  total                    = 5000
  unique                   = 5000

[Predicted Clusters]
  total                    = 2747
  multi-record             = 1311
  singletons               = 1436
  size  min / max          = 1 / 6
  size  mean / median      = 1.82 / 1
  size distribution (size: count):
    size   1 : 1436
    size   2 : 656
    size   3 : 427
    size   4 : 177
    size   5 : 43
    size   6 : 8

[Truth Clusters]  (../truthABCgoodDQ.txt)
  total                    = 2183
  size  min / max          = 1 / 6
  size  mean / median      = 2.29 / 2
  size distribution (size: count):
    size   1 : 741
    size   2 : 597
    size   3 : 440
    size   4 : 298
    size   5 : 89
    size   6 : 18

[Distribution Match]
  cluster count diff       = 564  (predicted - truth)
  size-distribution L1     = 944

[Pair-based Metrics]
  TP                       = 3389
  FP                       = 160
  FN                       = 1476
  Linked Pairs (L)         = 3549
  Expected Pairs (E)       = 4865
  Precision                = 0.9549
  Recall                   = 0.6966
  F1                       = 0.8056

[Timings (seconds)]
  recursive                = 0.989
  filter                   = 0.146
  cluster                  = 0.361

========================================================================
