# group=C_composite config_id=w=tokenlen_only
# label=composite/tokenlen_only
# cmd=/usr/local/bin/python recursive_algo1_2_v2.py --input ../S8P.txt --truth-dir .. --clusters-json /home/user/blockingandEmbeddinginER/RESULTS/runs/C_composite/w=tokenlen_only/clusters.json --filter-mode composite --filter-weight-size 0.0 --filter-weight-shared 0.0 --filter-weight-tokenlen 1.0

Starting...
Loaded 1000 records
Replaced non-word characters with spaces in extracted tokens
Built token frequency dict with 3942 unique tokens
Stop-word removal: dropped 20 tokens with freq > 60
  Examples: ['CA', 'FL', 'BOX', 'APT', 'TX', 'PO', 'L', 'DR', 'ST', 'A', 'E', 'AVE', 'C', 'M', 'W']
Rebuilt token frequency dict: 3922 unique tokens remain

DF distribution percentiles (post-cleanup):
  p50=1, p90=5, p95=7, p99=17
Record-length percentiles (distinct tokens, post-cleanup):
  p50=9, p90=12, p95=13, p99=15
init_df_max derived from percentile 0.95: 7
[legacy] Mode token length: 8
[legacy] stop_k = floor(0.6 * 8) = 4
[diagnostic] Legacy heuristic stop_k(factor=0.6) = 4 (not used unless --stop-k* given)

Resolved parameters:
  init_df_max         = 7
  max_recursion_depth = 5
  min_intra_freq      = 2
  min_blk_token_len   = 4
  exclude_numeric     = True
  min_block_size      = 2
  top_k               = 3
  filter_mode         = composite
  tau                 = 0.2
  arcs_weighting      = uniform
  density_floor       = 0.0 (min_size=3)
  cluster_on          = final

Creating initial blocks...
Blocking filters: min_blk_token_len=4, exclude_numeric_blocks=True, freq window=[2, 7]
Blocking gate counters (per-record token instances):
  too_short (< 4): 1367
  numeric (excluded):                3137
  freq < 2:                          994
  freq > 7:                       1592
  kept (became block memberships):   2400
  unique blocking keys produced:     728
Initial blocks created: 728
[metrics] Auto-detected truth file: ../truthABCpoorDQ.txt

######################################################################
# RUN: merge=True, purge=True
######################################################################

--- depth=1, effective min_intra_freq=2, max_depth=5 (do_merge=True, do_purge=True) ---
Current number of blocks: 728
Calling refine_blocks with min_intra_freq=2...
refine_blocks took 0.08 seconds, produced 3477 blocks
Merging blocks...
merge_blocks took 0.02 seconds, result: 1333 blocks
Purging subset blocks...
purge_subset_blocks took 0.01 seconds, dropped 888, result: 445 blocks

--- depth=2, effective min_intra_freq=2, max_depth=5 (do_merge=True, do_purge=True) ---
Current number of blocks: 445
Calling refine_blocks with min_intra_freq=2...
refine_blocks took 0.05 seconds, produced 2085 blocks
Merging blocks...
merge_blocks took 0.02 seconds, result: 1271 blocks
Purging subset blocks...
purge_subset_blocks took 0.01 seconds, dropped 826, result: 445 blocks

--- depth=3, effective min_intra_freq=3, max_depth=5 (do_merge=True, do_purge=True) ---
Current number of blocks: 445
Calling refine_blocks with min_intra_freq=3...
refine_blocks took 0.03 seconds, produced 619 blocks
Merging blocks...
merge_blocks took 0.01 seconds, result: 752 blocks
Purging subset blocks...
purge_subset_blocks took 0.01 seconds, dropped 307, result: 445 blocks

--- depth=4, effective min_intra_freq=4, max_depth=5 (do_merge=True, do_purge=True) ---
Current number of blocks: 445
Calling refine_blocks with min_intra_freq=4...
refine_blocks took 0.02 seconds, produced 137 blocks
Merging blocks...
merge_blocks took 0.00 seconds, result: 542 blocks
Purging subset blocks...
purge_subset_blocks took 0.01 seconds, dropped 97, result: 445 blocks

--- depth=5, effective min_intra_freq=5, max_depth=5 (do_merge=True, do_purge=True) ---
Current number of blocks: 445
Calling refine_blocks with min_intra_freq=5...
refine_blocks took 0.02 seconds, produced 31 blocks
Merging blocks...
merge_blocks took 0.00 seconds, result: 475 blocks
Purging subset blocks...
purge_subset_blocks took 0.00 seconds, dropped 30, result: 445 blocks

--- depth=6, effective min_intra_freq=6, max_depth=5 (do_merge=True, do_purge=True) ---
Current number of blocks: 445
Stopping: depth > max_recursion_depth

Peak block count during recursion: 728 (at depth=0)
Clustering on FINAL snapshot (445 blocks)

Building ARCS weighted graph (weighting=uniform)...
  [pair similarity] pair_sim_weight=1.0: each pair's ARCS contribution scaled by shared_tokens / (|A| + |B| - shared_tokens)
  Graph built in 0.06s — 2612 edges
  ARCS edge-weight histogram (2612 edges, range [0.0053, 0.6562]):
    [0.0053, 0.0704): 1985
    [0.0704, 0.1355): 306
    [0.1355, 0.2006): 175
    [0.2006, 0.2657): 79
    [0.2657, 0.3308): 33
    [0.3308, 0.3959): 23
    [0.3959, 0.4610): 7
    [0.4610, 0.5261): 3
    [0.5261, 0.5912): 0
    [0.5912, 0.6562): 1
  Edges kept (weight >= 0.2): 151 / 2612
  Clusters (pre-density): 117 multi-record, 739 singletons
  Wrote 856 clusters to /home/user/blockingandEmbeddinginER/RESULTS/runs/C_composite/w=tokenlen_only/clusters_m1_p1.json
  Wrote metrics JSON to /home/user/blockingandEmbeddinginER/RESULTS/runs/C_composite/w=tokenlen_only/clusters_m1_p1.metrics.json
  Wrote metrics log  to /home/user/blockingandEmbeddinginER/RESULTS/runs/C_composite/w=tokenlen_only/clusters_m1_p1.metrics.log

######################################################################
# RUN: merge=True, purge=False
######################################################################

--- depth=1, effective min_intra_freq=2, max_depth=5 (do_merge=True, do_purge=False) ---
Current number of blocks: 728
Calling refine_blocks with min_intra_freq=2...
refine_blocks took 0.08 seconds, produced 3477 blocks
Merging blocks...
merge_blocks took 0.02 seconds, result: 1333 blocks
Skipping purge_subset_blocks (do_purge=False)

--- depth=2, effective min_intra_freq=2, max_depth=5 (do_merge=True, do_purge=False) ---
Current number of blocks: 1333
Calling refine_blocks with min_intra_freq=2...
refine_blocks took 0.09 seconds, produced 3633 blocks
Merging blocks...
merge_blocks took 0.02 seconds, result: 1367 blocks
Skipping purge_subset_blocks (do_purge=False)

--- depth=3, effective min_intra_freq=3, max_depth=5 (do_merge=True, do_purge=False) ---
Current number of blocks: 1367
Calling refine_blocks with min_intra_freq=3...
refine_blocks took 0.05 seconds, produced 743 blocks
Merging blocks...
merge_blocks took 0.01 seconds, result: 1367 blocks
Skipping purge_subset_blocks (do_purge=False)

--- depth=4, effective min_intra_freq=4, max_depth=5 (do_merge=True, do_purge=False) ---
Current number of blocks: 1367
Calling refine_blocks with min_intra_freq=4...
refine_blocks took 0.04 seconds, produced 150 blocks
Merging blocks...
merge_blocks took 0.01 seconds, result: 1367 blocks
Skipping purge_subset_blocks (do_purge=False)

--- depth=5, effective min_intra_freq=5, max_depth=5 (do_merge=True, do_purge=False) ---
Current number of blocks: 1367
Calling refine_blocks with min_intra_freq=5...
refine_blocks took 0.04 seconds, produced 31 blocks
Merging blocks...
merge_blocks took 0.02 seconds, result: 1367 blocks
Skipping purge_subset_blocks (do_purge=False)

--- depth=6, effective min_intra_freq=6, max_depth=5 (do_merge=True, do_purge=False) ---
Current number of blocks: 1367
Stopping: depth > max_recursion_depth

Peak block count during recursion: 1367 (at depth=2)
Clustering on FINAL snapshot (1367 blocks)

Building ARCS weighted graph (weighting=uniform)...
  [pair similarity] pair_sim_weight=1.0: each pair's ARCS contribution scaled by shared_tokens / (|A| + |B| - shared_tokens)
  Graph built in 0.06s — 1921 edges
  ARCS edge-weight histogram (1921 edges, range [0.0053, 1.1250]):
    [0.0053, 0.1173): 1394
    [0.1173, 0.2292): 247
    [0.2292, 0.3412): 124
    [0.3412, 0.4532): 80
    [0.4532, 0.5651): 49
    [0.5651, 0.6771): 13
    [0.6771, 0.7891): 8
    [0.7891, 0.9011): 3
    [0.9011, 1.0130): 1
    [1.0130, 1.1250): 2
  Edges kept (weight >= 0.2): 327 / 1921
  Clusters (pre-density): 222 multi-record, 482 singletons
  Wrote 704 clusters to /home/user/blockingandEmbeddinginER/RESULTS/runs/C_composite/w=tokenlen_only/clusters_m1_p0.json
  Wrote metrics JSON to /home/user/blockingandEmbeddinginER/RESULTS/runs/C_composite/w=tokenlen_only/clusters_m1_p0.metrics.json
  Wrote metrics log  to /home/user/blockingandEmbeddinginER/RESULTS/runs/C_composite/w=tokenlen_only/clusters_m1_p0.metrics.log

######################################################################
# RUN: merge=False, purge=True
######################################################################

--- depth=1, effective min_intra_freq=2, max_depth=5 (do_merge=False, do_purge=True) ---
Current number of blocks: 728
Calling refine_blocks with min_intra_freq=2...
refine_blocks took 0.08 seconds, produced 3477 blocks
Skipping merge_blocks (do_merge=False); naive concat...
  result: 4205 blocks
Purging subset blocks...
purge_subset_blocks took 0.04 seconds, dropped 3760, result: 445 blocks

--- depth=2, effective min_intra_freq=2, max_depth=5 (do_merge=False, do_purge=True) ---
Current number of blocks: 445
Calling refine_blocks with min_intra_freq=2...
refine_blocks took 0.06 seconds, produced 2542 blocks
Skipping merge_blocks (do_merge=False); naive concat...
  result: 2987 blocks
Purging subset blocks...
purge_subset_blocks took 0.03 seconds, dropped 2542, result: 445 blocks

--- depth=3, effective min_intra_freq=3, max_depth=5 (do_merge=False, do_purge=True) ---
Current number of blocks: 445
Calling refine_blocks with min_intra_freq=3...
refine_blocks took 0.04 seconds, produced 870 blocks
Skipping merge_blocks (do_merge=False); naive concat...
  result: 1315 blocks
Purging subset blocks...
purge_subset_blocks took 0.01 seconds, dropped 870, result: 445 blocks

--- depth=4, effective min_intra_freq=4, max_depth=5 (do_merge=False, do_purge=True) ---
Current number of blocks: 445
Calling refine_blocks with min_intra_freq=4...
refine_blocks took 0.02 seconds, produced 230 blocks
Skipping merge_blocks (do_merge=False); naive concat...
  result: 675 blocks
Purging subset blocks...
purge_subset_blocks took 0.01 seconds, dropped 230, result: 445 blocks

--- depth=5, effective min_intra_freq=5, max_depth=5 (do_merge=False, do_purge=True) ---
Current number of blocks: 445
Calling refine_blocks with min_intra_freq=5...
refine_blocks took 0.02 seconds, produced 88 blocks
Skipping merge_blocks (do_merge=False); naive concat...
  result: 533 blocks
Purging subset blocks...
purge_subset_blocks took 0.01 seconds, dropped 88, result: 445 blocks

--- depth=6, effective min_intra_freq=6, max_depth=5 (do_merge=False, do_purge=True) ---
Current number of blocks: 445
Stopping: depth > max_recursion_depth

Peak block count during recursion: 728 (at depth=0)
Clustering on FINAL snapshot (445 blocks)

Building ARCS weighted graph (weighting=uniform)...
  [pair similarity] pair_sim_weight=1.0: each pair's ARCS contribution scaled by shared_tokens / (|A| + |B| - shared_tokens)
  Graph built in 0.06s — 2605 edges
  ARCS edge-weight histogram (2605 edges, range [0.0053, 0.5833]):
    [0.0053, 0.0631): 1909
    [0.0631, 0.1209): 331
    [0.1209, 0.1787): 163
    [0.1787, 0.2365): 113
    [0.2365, 0.2943): 47
    [0.2943, 0.3521): 22
    [0.3521, 0.4099): 9
    [0.4099, 0.4677): 9
    [0.4677, 0.5255): 1
    [0.5255, 0.5833): 1
  Edges kept (weight >= 0.2): 152 / 2605
  Clusters (pre-density): 118 multi-record, 737 singletons
  Wrote 855 clusters to /home/user/blockingandEmbeddinginER/RESULTS/runs/C_composite/w=tokenlen_only/clusters_m0_p1.json
  Wrote metrics JSON to /home/user/blockingandEmbeddinginER/RESULTS/runs/C_composite/w=tokenlen_only/clusters_m0_p1.metrics.json
  Wrote metrics log  to /home/user/blockingandEmbeddinginER/RESULTS/runs/C_composite/w=tokenlen_only/clusters_m0_p1.metrics.log

######################################################################
# RUN: merge=False, purge=False
######################################################################

--- depth=1, effective min_intra_freq=2, max_depth=5 (do_merge=False, do_purge=False) ---
Current number of blocks: 728
Calling refine_blocks with min_intra_freq=2...
refine_blocks took 0.08 seconds, produced 3477 blocks
Skipping merge_blocks (do_merge=False); naive concat...
  result: 4205 blocks
Skipping purge_subset_blocks (do_purge=False)

--- depth=2, effective min_intra_freq=2, max_depth=5 (do_merge=False, do_purge=False) ---
Current number of blocks: 4205
Calling refine_blocks with min_intra_freq=2...
refine_blocks took 0.36 seconds, produced 10203 blocks
Skipping merge_blocks (do_merge=False); naive concat...
  result: 10931 blocks
Skipping purge_subset_blocks (do_purge=False)

--- depth=3, effective min_intra_freq=3, max_depth=5 (do_merge=False, do_purge=False) ---
Current number of blocks: 10931
Calling refine_blocks with min_intra_freq=3...
refine_blocks took 0.39 seconds, produced 4059 blocks
Skipping merge_blocks (do_merge=False); naive concat...
  result: 12277 blocks
Skipping purge_subset_blocks (do_purge=False)

--- depth=4, effective min_intra_freq=4, max_depth=5 (do_merge=False, do_purge=False) ---
Current number of blocks: 12277
Calling refine_blocks with min_intra_freq=4...
refine_blocks took 0.30 seconds, produced 803 blocks
Skipping merge_blocks (do_merge=False); naive concat...
  result: 12363 blocks
Skipping purge_subset_blocks (do_purge=False)

--- depth=5, effective min_intra_freq=5, max_depth=5 (do_merge=False, do_purge=False) ---
Current number of blocks: 12363
Calling refine_blocks with min_intra_freq=5...
refine_blocks took 0.27 seconds, produced 201 blocks
Skipping merge_blocks (do_merge=False); naive concat...
  result: 12364 blocks
Skipping purge_subset_blocks (do_purge=False)

--- depth=6, effective min_intra_freq=6, max_depth=5 (do_merge=False, do_purge=False) ---
Current number of blocks: 12364
Stopping: depth > max_recursion_depth

Peak block count during recursion: 12364 (at depth=5)
Clustering on FINAL snapshot (12364 blocks)

Building ARCS weighted graph (weighting=uniform)...
  [pair similarity] pair_sim_weight=1.0: each pair's ARCS contribution scaled by shared_tokens / (|A| + |B| - shared_tokens)
  Graph built in 0.05s — 1211 edges
  ARCS edge-weight histogram (1211 edges, range [0.0053, 1.5000]):
    [0.0053, 0.1548): 795
    [0.1548, 0.3042): 136
    [0.3042, 0.4537): 93
    [0.4537, 0.6032): 77
    [0.6032, 0.7526): 55
    [0.7526, 0.9021): 35
    [0.9021, 1.0516): 12
    [1.0516, 1.2011): 5
    [1.2011, 1.3505): 1
    [1.3505, 1.5000): 2
  Edges kept (weight >= 0.2): 370 / 1211
  Clusters (pre-density): 264 multi-record, 410 singletons
  Wrote 674 clusters to /home/user/blockingandEmbeddinginER/RESULTS/runs/C_composite/w=tokenlen_only/clusters_m0_p0.json
  Wrote metrics JSON to /home/user/blockingandEmbeddinginER/RESULTS/runs/C_composite/w=tokenlen_only/clusters_m0_p0.metrics.json
  Wrote metrics log  to /home/user/blockingandEmbeddinginER/RESULTS/runs/C_composite/w=tokenlen_only/clusters_m0_p0.metrics.log


==============================================================================================================
ABLATION SUMMARY
mode=default, init_df_max=7, max_recursion_depth=5, min_intra_freq=2, tau=0.2, top_k=3, filter_mode=composite, min_block_size=2, arcs_weighting=uniform, density_floor=0.0, cluster_on=final
==============================================================================================================
merge purge  blks(rec)   pairs(rec)  blks(flt)   pairs(flt)  clusters  multi  single  t_rec(s)  t_flt(s)  t_clu(s)  peak(MB)
--------------------------------------------------------------------------------------------------------------
    T     T        445         2996        433         2916       856    117     739      0.30      0.02      0.07      72.0
    T     F       1367         4980        805         2561       704    222     482      0.39      0.04      0.07      72.4
    F     T        445         2996        433         2912       855    118     737      0.32      0.02      0.07      71.8
    F     F      12364        26984        892         1881       674    264     410      1.40      0.24      0.06      75.0
==============================================================================================================
