========================================================================
  RUN METRICS
========================================================================

[Configuration]
  blocking_mode            = default
  do_merge                 = False
  do_purge                 = False
  max_recursion_depth      = 5
  min_intra_freq           = 2
  top_k                    = 5
  tau                      = 0.2
  min_block_size           = 2
  filter_mode              = size
  weight_size              = 0.0
  weight_shared            = 0.0
  weight_tokenlen          = 0.0
  cluster_on               = final
  arcs_weighting           = uniform
  density_floor            = 0.0
  density_min_size         = 3
  arcs_factors             = {'length_weight': 0.0, 'numeric_factor': 1.0, 'word_factor': 1.0, 'density_weight': 0.0, 'density_sample_cap': 200, 'pair_sim_weight': 1.0}

[Records]
  total                    = 5000
  unique                   = 5000

[Predicted Clusters]
  total                    = 3002
  multi-record             = 1491
  singletons               = 1511
  size  min / max          = 1 / 6
  size  mean / median      = 1.666 / 1.0
  size distribution (size: count):
    size   1 : 1511
    size   2 : 1096
    size   3 : 300
    size   4 : 81
    size   5 : 11
    size   6 : 3

[Truth Clusters]  (../truthABCgoodDQ.txt)
  total                    = 2183
  size  min / max          = 1 / 6
  size  mean / median      = 2.29 / 2
  size distribution (size: count):
    size   1 : 741
    size   2 : 597
    size   3 : 440
    size   4 : 298
    size   5 : 89
    size   6 : 18

[Distribution Match]
  cluster count diff       = 819  (predicted - truth)
  size-distribution L1     = 1719

[Pair-based Metrics]
  TP                       = 2454
  FP                       = 183
  FN                       = 2411
  Linked Pairs (L)         = 2637
  Expected Pairs (E)       = 4865
  Precision                = 0.9306
  Recall                   = 0.5044
  F1                       = 0.6542

[Timings (seconds)]
  recursive                = 3.421
  filter                   = 0.534
  cluster                  = 0.326

========================================================================
