========================================================================
  RUN METRICS
========================================================================

[Configuration]
  blocking_mode            = default
  do_merge                 = True
  do_purge                 = True
  max_recursion_depth      = 5
  min_intra_freq           = 2
  top_k                    = 5
  tau                      = 0.2
  min_block_size           = 2
  filter_mode              = size
  weight_size              = 0.0
  weight_shared            = 0.0
  weight_tokenlen          = 0.0
  cluster_on               = final
  arcs_weighting           = uniform
  density_floor            = 0.0
  density_min_size         = 3
  arcs_factors             = {'length_weight': 0.0, 'numeric_factor': 1.0, 'word_factor': 1.0, 'density_weight': 0.0, 'density_sample_cap': 200, 'pair_sim_weight': 1.0}

[Records]
  total                    = 1912
  unique                   = 1912

[Predicted Clusters]
  total                    = 1430
  multi-record             = 382
  singletons               = 1048
  size  min / max          = 1 / 4
  size  mean / median      = 1.337 / 1.0
  size distribution (size: count):
    size   1 : 1048
    size   2 : 288
    size   3 : 88
    size   4 : 6

[Truth Clusters]  (../truthABCgoodDQ.txt)
  total                    = 1188
  size  min / max          = 1 / 6
  size  mean / median      = 1.609 / 1.0
  size distribution (size: count):
    size   1 : 678
    size   2 : 339
    size   3 : 136
    size   4 : 28
    size   5 : 6
    size   6 : 1

[Distribution Match]
  cluster count diff       = 242  (predicted - truth)
  size-distribution L1     = 498

[Pair-based Metrics]
  TP                       = 570
  FP                       = 18
  FN                       = 420
  Linked Pairs (L)         = 588
  Expected Pairs (E)       = 990
  Precision                = 0.9694
  Recall                   = 0.5758
  F1                       = 0.7224

[Timings (seconds)]
  recursive                = 0.373
  filter                   = 0.031
  cluster                  = 0.092

========================================================================
