========================================================================
  RUN METRICS
========================================================================

[Configuration]
  blocking_mode            = default
  do_merge                 = True
  do_purge                 = False
  max_recursion_depth      = 5
  min_intra_freq           = 2
  top_k                    = 5
  tau                      = 0.2
  min_block_size           = 2
  filter_mode              = size
  weight_size              = 0.0
  weight_shared            = 0.0
  weight_tokenlen          = 0.0
  cluster_on               = final
  arcs_weighting           = uniform
  density_floor            = 0.0
  density_min_size         = 3
  arcs_factors             = {'length_weight': 0.0, 'numeric_factor': 1.0, 'word_factor': 1.0, 'density_weight': 0.0, 'density_sample_cap': 200, 'pair_sim_weight': 1.0}

[Records]
  total                    = 6000
  unique                   = 6000

[Predicted Clusters]
  total                    = 2968
  multi-record             = 1226
  singletons               = 1742
  size  min / max          = 1 / 12
  size  mean / median      = 2.022 / 1.0
  size distribution (size: count):
    size   1 : 1742
    size   2 : 560
    size   3 : 167
    size   4 : 206
    size   5 : 66
    size   6 : 172
    size   7 : 26
    size   8 : 12
    size   9 : 2
    size  10 : 11
    size  11 : 3
    size  12 : 1

[Truth Clusters]  (../truthABCpoorDQ.txt)
  total                    = 693
  size  min / max          = 1 / 35
  size  mean / median      = 8.658 / 8
  size distribution (size: count):
    size   1 : 17
    size   2 : 40
    size   3 : 39
    size   4 : 65
    size   5 : 52
    size   6 : 51
    size   7 : 58
    size   8 : 55
    size   9 : 51
    size  10 : 60
    size  11 : 33
    size  12 : 32
    size  13 : 26
    size  14 : 21
    size  15 : 19
    size  16 : 13
    size  17 : 18
    size  18 : 14
    size  19 : 11
    size  20 : 3
    size  21 : 5
    size  22 : 3
    size  23 : 2
    size  25 : 2
    size  26 : 1
    size  28 : 1
    size  35 : 1

[Distribution Match]
  cluster count diff       = 2275  (predicted - truth)
  size-distribution L1     = 3023

[Pair-based Metrics]
  TP                       = 5852
  FP                       = 1365
  FN                       = 25883
  Linked Pairs (L)         = 7217
  Expected Pairs (E)       = 31735
  Precision                = 0.8109
  Recall                   = 0.1844
  F1                       = 0.3005

[Timings (seconds)]
  recursive                = 2.309
  filter                   = 0.267
  cluster                  = 0.61

========================================================================
