# group=E_top_k config_id=k=5
# label=top_k=5
# cmd=/usr/local/bin/python3 recursive_algo1_2_v2.py --input ../S5G.txt --truth-dir .. --clusters-json /home/user/blockingandEmbeddinginER/RESULTS/runs/E_top_k/k=5/clusters.json --top-k 5

Starting...
Loaded 3004 records
Replaced non-word characters with spaces in extracted tokens
Built token frequency dict with 6789 unique tokens
Stop-word removal: dropped 40 tokens with freq > 60
  Examples: ['NC', 'SALEM', 'WINSTON', 'DR', 'RD', 'ADAMS', 'KERNERSVILLE', '27284', '27106', 'CT', 'ST', '27105', '27103', 'LN', 'ALEXANDER']
Rebuilt token frequency dict: 6749 unique tokens remain

DF distribution percentiles (post-cleanup):
  p50=2, p90=5, p95=7, p99=22
Record-length percentiles (distinct tokens, post-cleanup):
  p50=6, p90=8, p95=8, p99=10
init_df_max derived from percentile 0.95: 7
[legacy] Mode token length: 6
[legacy] stop_k = floor(0.6 * 6) = 3
[diagnostic] Legacy heuristic stop_k(factor=0.6) = 3 (not used unless --stop-k* given)

Resolved parameters:
  init_df_max         = 7
  max_recursion_depth = 5
  min_intra_freq      = 2
  min_blk_token_len   = 4
  exclude_numeric     = True
  min_block_size      = 2
  top_k               = 5
  filter_mode         = size
  tau                 = 0.2
  arcs_weighting      = uniform
  density_floor       = 0.0 (min_size=3)
  cluster_on          = final

Creating initial blocks...
Blocking filters: min_blk_token_len=4, exclude_numeric_blocks=True, freq window=[2, 7]
Blocking gate counters (per-record token instances):
  too_short (< 4): 2334
  numeric (excluded):                5343
  freq < 2:                          1440
  freq > 7:                       4217
  kept (became block memberships):   4864
  unique blocking keys produced:     1523
Initial blocks created: 1523
[metrics] Auto-detected truth file: ../truthABCgoodDQ.txt

######################################################################
# RUN: merge=True, purge=True
######################################################################

--- depth=1, effective min_intra_freq=2, max_depth=5 (do_merge=True, do_purge=True) ---
Current number of blocks: 1523
Calling refine_blocks with min_intra_freq=2...
refine_blocks took 0.18 seconds, produced 5951 blocks
Merging blocks...
merge_blocks took 0.04 seconds, result: 1873 blocks
Purging subset blocks...
purge_subset_blocks took 0.02 seconds, dropped 884, result: 989 blocks

--- depth=2, effective min_intra_freq=2, max_depth=5 (do_merge=True, do_purge=True) ---
Current number of blocks: 989
Calling refine_blocks with min_intra_freq=2...
refine_blocks took 0.10 seconds, produced 3164 blocks
Merging blocks...
merge_blocks took 0.03 seconds, result: 1862 blocks
Purging subset blocks...
purge_subset_blocks took 0.02 seconds, dropped 873, result: 989 blocks

--- depth=3, effective min_intra_freq=3, max_depth=5 (do_merge=True, do_purge=True) ---
Current number of blocks: 989
Calling refine_blocks with min_intra_freq=3...
refine_blocks took 0.05 seconds, produced 941 blocks
Merging blocks...
merge_blocks took 0.02 seconds, result: 1275 blocks
Purging subset blocks...
purge_subset_blocks took 0.02 seconds, dropped 286, result: 989 blocks

--- depth=4, effective min_intra_freq=4, max_depth=5 (do_merge=True, do_purge=True) ---
Current number of blocks: 989
Calling refine_blocks with min_intra_freq=4...
refine_blocks took 0.04 seconds, produced 184 blocks
Merging blocks...
merge_blocks took 0.01 seconds, result: 1063 blocks
Purging subset blocks...
purge_subset_blocks took 0.02 seconds, dropped 74, result: 989 blocks

--- depth=5, effective min_intra_freq=5, max_depth=5 (do_merge=True, do_purge=True) ---
Current number of blocks: 989
Calling refine_blocks with min_intra_freq=5...
refine_blocks took 0.03 seconds, produced 41 blocks
Merging blocks...
merge_blocks took 0.01 seconds, result: 1008 blocks
Purging subset blocks...
purge_subset_blocks took 0.01 seconds, dropped 19, result: 989 blocks

--- depth=6, effective min_intra_freq=6, max_depth=5 (do_merge=True, do_purge=True) ---
Current number of blocks: 989
Stopping: depth > max_recursion_depth

Peak block count during recursion: 1523 (at depth=0)
Clustering on FINAL snapshot (989 blocks)

Building ARCS weighted graph (weighting=uniform)...
  [pair similarity] pair_sim_weight=1.0: each pair's ARCS contribution scaled by shared_tokens / (|A| + |B| - shared_tokens)
  Graph built in 0.18s — 5517 edges
  ARCS edge-weight histogram (5517 edges, range [0.0067, 0.8333]):
    [0.0067, 0.0893): 4035
    [0.0893, 0.1720): 596
    [0.1720, 0.2547): 343
    [0.2547, 0.3373): 260
    [0.3373, 0.4200): 112
    [0.4200, 0.5027): 119
    [0.5027, 0.5853): 34
    [0.5853, 0.6680): 6
    [0.6680, 0.7507): 11
    [0.7507, 0.8333): 1
  Edges kept (weight >= 0.2): 838 / 5517
  Clusters (pre-density): 529 multi-record, 1793 singletons
  Wrote 2322 clusters to /home/user/blockingandEmbeddinginER/RESULTS/runs/E_top_k/k=5/clusters_m1_p1.json
  Wrote metrics JSON to /home/user/blockingandEmbeddinginER/RESULTS/runs/E_top_k/k=5/clusters_m1_p1.metrics.json
  Wrote metrics log  to /home/user/blockingandEmbeddinginER/RESULTS/runs/E_top_k/k=5/clusters_m1_p1.metrics.log

######################################################################
# RUN: merge=True, purge=False
######################################################################

--- depth=1, effective min_intra_freq=2, max_depth=5 (do_merge=True, do_purge=False) ---
Current number of blocks: 1523
Calling refine_blocks with min_intra_freq=2...
refine_blocks took 0.17 seconds, produced 5951 blocks
Merging blocks...
merge_blocks took 0.04 seconds, result: 1873 blocks
Skipping purge_subset_blocks (do_purge=False)

--- depth=2, effective min_intra_freq=2, max_depth=5 (do_merge=True, do_purge=False) ---
Current number of blocks: 1873
Calling refine_blocks with min_intra_freq=2...
refine_blocks took 0.13 seconds, produced 4045 blocks
Merging blocks...
merge_blocks took 0.04 seconds, result: 1877 blocks
Skipping purge_subset_blocks (do_purge=False)

--- depth=3, effective min_intra_freq=3, max_depth=5 (do_merge=True, do_purge=False) ---
Current number of blocks: 1877
Calling refine_blocks with min_intra_freq=3...
refine_blocks took 0.07 seconds, produced 1047 blocks
Merging blocks...
merge_blocks took 0.03 seconds, result: 1877 blocks
Skipping purge_subset_blocks (do_purge=False)

--- depth=4, effective min_intra_freq=4, max_depth=5 (do_merge=True, do_purge=False) ---
Current number of blocks: 1877
Calling refine_blocks with min_intra_freq=4...
refine_blocks took 0.05 seconds, produced 192 blocks
Merging blocks...
merge_blocks took 0.02 seconds, result: 1877 blocks
Skipping purge_subset_blocks (do_purge=False)

--- depth=5, effective min_intra_freq=5, max_depth=5 (do_merge=True, do_purge=False) ---
Current number of blocks: 1877
Calling refine_blocks with min_intra_freq=5...
refine_blocks took 0.04 seconds, produced 41 blocks
Merging blocks...
merge_blocks took 0.02 seconds, result: 1877 blocks
Skipping purge_subset_blocks (do_purge=False)

--- depth=6, effective min_intra_freq=6, max_depth=5 (do_merge=True, do_purge=False) ---
Current number of blocks: 1877
Stopping: depth > max_recursion_depth

Peak block count during recursion: 1877 (at depth=2)
Clustering on FINAL snapshot (1877 blocks)

Building ARCS weighted graph (weighting=uniform)...
  [pair similarity] pair_sim_weight=1.0: each pair's ARCS contribution scaled by shared_tokens / (|A| + |B| - shared_tokens)
  Graph built in 0.23s — 5423 edges
  ARCS edge-weight histogram (5423 edges, range [0.0071, 1.6667]):
    [0.0071, 0.1731): 4017
    [0.1731, 0.3390): 400
    [0.3390, 0.5050): 290
    [0.5050, 0.6710): 241
    [0.6710, 0.8369): 254
    [0.8369, 1.0029): 100
    [1.0029, 1.1688): 74
    [1.1688, 1.3348): 25
    [1.3348, 1.5007): 13
    [1.5007, 1.6667): 9
  Edges kept (weight >= 0.2): 1331 / 5423
  Clusters (pre-density): 742 multi-record, 1231 singletons
  Wrote 1973 clusters to /home/user/blockingandEmbeddinginER/RESULTS/runs/E_top_k/k=5/clusters_m1_p0.json
  Wrote metrics JSON to /home/user/blockingandEmbeddinginER/RESULTS/runs/E_top_k/k=5/clusters_m1_p0.metrics.json
  Wrote metrics log  to /home/user/blockingandEmbeddinginER/RESULTS/runs/E_top_k/k=5/clusters_m1_p0.metrics.log

######################################################################
# RUN: merge=False, purge=True
######################################################################

--- depth=1, effective min_intra_freq=2, max_depth=5 (do_merge=False, do_purge=True) ---
Current number of blocks: 1523
Calling refine_blocks with min_intra_freq=2...
refine_blocks took 0.17 seconds, produced 5951 blocks
Skipping merge_blocks (do_merge=False); naive concat...
  result: 7474 blocks
Purging subset blocks...
purge_subset_blocks took 0.10 seconds, dropped 6485, result: 989 blocks

--- depth=2, effective min_intra_freq=2, max_depth=5 (do_merge=False, do_purge=True) ---
Current number of blocks: 989
Calling refine_blocks with min_intra_freq=2...
refine_blocks took 0.12 seconds, produced 4191 blocks
Skipping merge_blocks (do_merge=False); naive concat...
  result: 5180 blocks
Purging subset blocks...
purge_subset_blocks took 0.07 seconds, dropped 4191, result: 989 blocks

--- depth=3, effective min_intra_freq=3, max_depth=5 (do_merge=False, do_purge=True) ---
Current number of blocks: 989
Calling refine_blocks with min_intra_freq=3...
refine_blocks took 0.07 seconds, produced 1411 blocks
Skipping merge_blocks (do_merge=False); naive concat...
  result: 2400 blocks
Purging subset blocks...
purge_subset_blocks took 0.04 seconds, dropped 1411, result: 989 blocks

--- depth=4, effective min_intra_freq=4, max_depth=5 (do_merge=False, do_purge=True) ---
Current number of blocks: 989
Calling refine_blocks with min_intra_freq=4...
refine_blocks took 0.04 seconds, produced 350 blocks
Skipping merge_blocks (do_merge=False); naive concat...
  result: 1339 blocks
Purging subset blocks...
purge_subset_blocks took 0.02 seconds, dropped 350, result: 989 blocks

--- depth=5, effective min_intra_freq=5, max_depth=5 (do_merge=False, do_purge=True) ---
Current number of blocks: 989
Calling refine_blocks with min_intra_freq=5...
refine_blocks took 0.03 seconds, produced 122 blocks
Skipping merge_blocks (do_merge=False); naive concat...
  result: 1111 blocks
Purging subset blocks...
purge_subset_blocks took 0.02 seconds, dropped 122, result: 989 blocks

--- depth=6, effective min_intra_freq=6, max_depth=5 (do_merge=False, do_purge=True) ---
Current number of blocks: 989
Stopping: depth > max_recursion_depth

Peak block count during recursion: 1523 (at depth=0)
Clustering on FINAL snapshot (989 blocks)

Building ARCS weighted graph (weighting=uniform)...
  [pair similarity] pair_sim_weight=1.0: each pair's ARCS contribution scaled by shared_tokens / (|A| + |B| - shared_tokens)
  Graph built in 0.17s — 5517 edges
  ARCS edge-weight histogram (5517 edges, range [0.0067, 0.8333]):
    [0.0067, 0.0893): 4035
    [0.0893, 0.1720): 596
    [0.1720, 0.2547): 343
    [0.2547, 0.3373): 260
    [0.3373, 0.4200): 112
    [0.4200, 0.5027): 119
    [0.5027, 0.5853): 34
    [0.5853, 0.6680): 6
    [0.6680, 0.7507): 11
    [0.7507, 0.8333): 1
  Edges kept (weight >= 0.2): 838 / 5517
  Clusters (pre-density): 529 multi-record, 1793 singletons
  Wrote 2322 clusters to /home/user/blockingandEmbeddinginER/RESULTS/runs/E_top_k/k=5/clusters_m0_p1.json
  Wrote metrics JSON to /home/user/blockingandEmbeddinginER/RESULTS/runs/E_top_k/k=5/clusters_m0_p1.metrics.json
  Wrote metrics log  to /home/user/blockingandEmbeddinginER/RESULTS/runs/E_top_k/k=5/clusters_m0_p1.metrics.log

######################################################################
# RUN: merge=False, purge=False
######################################################################

--- depth=1, effective min_intra_freq=2, max_depth=5 (do_merge=False, do_purge=False) ---
Current number of blocks: 1523
Calling refine_blocks with min_intra_freq=2...
refine_blocks took 0.20 seconds, produced 5951 blocks
Skipping merge_blocks (do_merge=False); naive concat...
  result: 7474 blocks
Skipping purge_subset_blocks (do_purge=False)

--- depth=2, effective min_intra_freq=2, max_depth=5 (do_merge=False, do_purge=False) ---
Current number of blocks: 7474
Calling refine_blocks with min_intra_freq=2...
refine_blocks took 0.72 seconds, produced 15769 blocks
Skipping merge_blocks (do_merge=False); naive concat...
  result: 17292 blocks
Skipping purge_subset_blocks (do_purge=False)

--- depth=3, effective min_intra_freq=3, max_depth=5 (do_merge=False, do_purge=False) ---
Current number of blocks: 17292
Calling refine_blocks with min_intra_freq=3...
refine_blocks took 0.73 seconds, produced 7243 blocks
Skipping merge_blocks (do_merge=False); naive concat...
  result: 19850 blocks
Skipping purge_subset_blocks (do_purge=False)

--- depth=4, effective min_intra_freq=4, max_depth=5 (do_merge=False, do_purge=False) ---
Current number of blocks: 19850
Calling refine_blocks with min_intra_freq=4...
refine_blocks took 0.46 seconds, produced 1299 blocks
Skipping merge_blocks (do_merge=False); naive concat...
  result: 19972 blocks
Skipping purge_subset_blocks (do_purge=False)

--- depth=5, effective min_intra_freq=5, max_depth=5 (do_merge=False, do_purge=False) ---
Current number of blocks: 19972
Calling refine_blocks with min_intra_freq=5...
refine_blocks took 0.40 seconds, produced 421 blocks
Skipping merge_blocks (do_merge=False); naive concat...
  result: 19982 blocks
Skipping purge_subset_blocks (do_purge=False)

--- depth=6, effective min_intra_freq=6, max_depth=5 (do_merge=False, do_purge=False) ---
Current number of blocks: 19982
Stopping: depth > max_recursion_depth

Peak block count during recursion: 19982 (at depth=5)
Clustering on FINAL snapshot (19982 blocks)

Building ARCS weighted graph (weighting=uniform)...
  [pair similarity] pair_sim_weight=1.0: each pair's ARCS contribution scaled by shared_tokens / (|A| + |B| - shared_tokens)
  Graph built in 0.25s — 1807 edges
  ARCS edge-weight histogram (1807 edges, range [0.0104, 2.5000]):
    [0.0104, 0.2594): 668
    [0.2594, 0.5083): 86
    [0.5083, 0.7573): 66
    [0.7573, 1.0062): 85
    [1.0063, 1.2552): 72
    [1.2552, 1.5042): 53
    [1.5042, 1.7531): 286
    [1.7531, 2.0021): 90
    [2.0021, 2.2510): 76
    [2.2510, 2.5000): 325
  Edges kept (weight >= 0.2): 1184 / 1807
  Clusters (pre-density): 832 multi-record, 1158 singletons
  Wrote 1990 clusters to /home/user/blockingandEmbeddinginER/RESULTS/runs/E_top_k/k=5/clusters_m0_p0.json
  Wrote metrics JSON to /home/user/blockingandEmbeddinginER/RESULTS/runs/E_top_k/k=5/clusters_m0_p0.metrics.json
  Wrote metrics log  to /home/user/blockingandEmbeddinginER/RESULTS/runs/E_top_k/k=5/clusters_m0_p0.metrics.log


==============================================================================================================
ABLATION SUMMARY
mode=default, init_df_max=7, max_recursion_depth=5, min_intra_freq=2, tau=0.2, top_k=5, filter_mode=size, min_block_size=2, arcs_weighting=uniform, density_floor=0.0, cluster_on=final
==============================================================================================================
merge purge  blks(rec)   pairs(rec)  blks(flt)   pairs(flt)  clusters  multi  single  t_rec(s)  t_flt(s)  t_clu(s)  peak(MB)
--------------------------------------------------------------------------------------------------------------
    T     T        989         5872        989         5872      2322    529    1793      0.62      0.08      0.21     247.1
    T     F       1877         7647       1877         7452      1973    742    1231      0.62      0.09      0.26     247.6
    F     T        989         5872        989         5872      2322    529    1793      0.69      0.07      0.20     247.0
    F     F      19982        46513       4344         6116      1990    832    1158      2.51      0.47      0.26     252.6
==============================================================================================================
