========================================================================
  RUN METRICS
========================================================================

[Configuration]
  blocking_mode            = default
  do_merge                 = True
  do_purge                 = False
  max_recursion_depth      = 5
  min_intra_freq           = 2
  top_k                    = 3
  tau                      = 0.2
  min_block_size           = 2
  filter_mode              = size
  weight_size              = 0.0
  weight_shared            = 0.0
  weight_tokenlen          = 0.0
  cluster_on               = final
  arcs_weighting           = uniform
  density_floor            = 0.0
  density_min_size         = 3
  arcs_factors             = {'length_weight': 0.0, 'numeric_factor': 1.0, 'word_factor': 1.0, 'density_weight': 0.0, 'density_sample_cap': 200, 'pair_sim_weight': 1.0}

[Records]
  total                    = 2912
  unique                   = 2912

[Predicted Clusters]
  total                    = 1898
  multi-record             = 735
  singletons               = 1163
  size  min / max          = 1 / 5
  size  mean / median      = 1.534 / 1.0
  size distribution (size: count):
    size   1 : 1163
    size   2 : 506
    size   3 : 187
    size   4 : 34
    size   5 : 8

[Truth Clusters]  (../truthABCgoodDQ.txt)
  total                    = 1827
  size  min / max          = 1 / 6
  size  mean / median      = 1.594 / 1
  size distribution (size: count):
    size   1 : 1056
    size   2 : 516
    size   3 : 205
    size   4 : 42
    size   5 : 7
    size   6 : 1

[Distribution Match]
  cluster count diff       = 71  (predicted - truth)
  size-distribution L1     = 145

[Pair-based Metrics]
  TP                       = 1219
  FP                       = 132
  FN                       = 249
  Linked Pairs (L)         = 1351
  Expected Pairs (E)       = 1468
  Precision                = 0.9023
  Recall                   = 0.8304
  F1                       = 0.8648

[Timings (seconds)]
  recursive                = 0.516
  filter                   = 0.08
  cluster                  = 0.17

========================================================================
