========================================================================
  RUN METRICS
========================================================================

[Configuration]
  blocking_mode            = default
  do_merge                 = True
  do_purge                 = False
  max_recursion_depth      = 5
  min_intra_freq           = 2
  top_k                    = 3
  tau                      = 0.4
  min_block_size           = 2
  filter_mode              = size
  weight_size              = 0.0
  weight_shared            = 0.0
  weight_tokenlen          = 0.0
  cluster_on               = final
  arcs_weighting           = idf
  density_floor            = 0.0
  density_min_size         = 3
  arcs_factors             = {'length_weight': 0.0, 'numeric_factor': 1.0, 'word_factor': 1.0, 'density_weight': 0.0, 'density_sample_cap': 200, 'pair_sim_weight': 1.0}

[Records]
  total                    = 3004
  unique                   = 3004

[Predicted Clusters]
  total                    = 1670
  multi-record             = 797
  singletons               = 873
  size  min / max          = 1 / 9
  size  mean / median      = 1.799 / 1.0
  size distribution (size: count):
    size   1 : 873
    size   2 : 448
    size   3 : 224
    size   4 : 76
    size   5 : 38
    size   6 : 10
    size   9 : 1

[Truth Clusters]  (../truthABCgoodDQ.txt)
  total                    = 1877
  size  min / max          = 1 / 6
  size  mean / median      = 1.6 / 1
  size distribution (size: count):
    size   1 : 1076
    size   2 : 538
    size   3 : 209
    size   4 : 46
    size   5 : 7
    size   6 : 1

[Distribution Match]
  cluster count diff       = -207  (predicted - truth)
  size-distribution L1     = 379

[Pair-based Metrics]
  TP                       = 1333
  FP                       = 809
  FN                       = 193
  Linked Pairs (L)         = 2142
  Expected Pairs (E)       = 1526
  Precision                = 0.6223
  Recall                   = 0.8735
  F1                       = 0.7268

[Timings (seconds)]
  recursive                = 0.675
  filter                   = 0.1
  cluster                  = 0.229

========================================================================
