========================================================================
  RUN METRICS
========================================================================

[Configuration]
  blocking_mode            = default
  do_merge                 = False
  do_purge                 = False
  max_recursion_depth      = 5
  min_intra_freq           = 2
  top_k                    = 3
  tau                      = 0.4
  min_block_size           = 2
  filter_mode              = size
  weight_size              = 0.0
  weight_shared            = 0.0
  weight_tokenlen          = 0.0
  cluster_on               = final
  arcs_weighting           = idf
  density_floor            = 0.0
  density_min_size         = 3
  arcs_factors             = {'length_weight': 0.0, 'numeric_factor': 1.0, 'word_factor': 1.0, 'density_weight': 0.0, 'density_sample_cap': 200, 'pair_sim_weight': 1.0}

[Records]
  total                    = 5000
  unique                   = 5000

[Predicted Clusters]
  total                    = 3012
  multi-record             = 1561
  singletons               = 1451
  size  min / max          = 1 / 6
  size  mean / median      = 1.66 / 2.0
  size distribution (size: count):
    size   1 : 1451
    size   2 : 1221
    size   3 : 268
    size   4 : 58
    size   5 : 13
    size   6 : 1

[Truth Clusters]  (../truthABCgoodDQ.txt)
  total                    = 2183
  size  min / max          = 1 / 6
  size  mean / median      = 2.29 / 2
  size distribution (size: count):
    size   1 : 741
    size   2 : 597
    size   3 : 440
    size   4 : 298
    size   5 : 89
    size   6 : 18

[Distribution Match]
  cluster count diff       = 829  (predicted - truth)
  size-distribution L1     = 1839

[Pair-based Metrics]
  TP                       = 2248
  FP                       = 270
  FN                       = 2617
  Linked Pairs (L)         = 2518
  Expected Pairs (E)       = 4865
  Precision                = 0.8928
  Recall                   = 0.4621
  F1                       = 0.609

[Timings (seconds)]
  recursive                = 3.445
  filter                   = 0.532
  cluster                  = 0.213

========================================================================
