========================================================================
  RUN METRICS
========================================================================

[Configuration]
  blocking_mode            = default
  do_merge                 = True
  do_purge                 = True
  max_recursion_depth      = 5
  min_intra_freq           = 2
  top_k                    = 3
  tau                      = 0.4
  min_block_size           = 2
  filter_mode              = size
  weight_size              = 0.0
  weight_shared            = 0.0
  weight_tokenlen          = 0.0
  cluster_on               = final
  arcs_weighting           = idf
  density_floor            = 0.0
  density_min_size         = 3
  arcs_factors             = {'length_weight': 0.0, 'numeric_factor': 1.0, 'word_factor': 1.0, 'density_weight': 0.0, 'density_sample_cap': 200, 'pair_sim_weight': 1.0}

[Records]
  total                    = 5000
  unique                   = 5000

[Predicted Clusters]
  total                    = 2384
  multi-record             = 1260
  singletons               = 1124
  size  min / max          = 1 / 8
  size  mean / median      = 2.097 / 2.0
  size distribution (size: count):
    size   1 : 1124
    size   2 : 490
    size   3 : 373
    size   4 : 266
    size   5 : 89
    size   6 : 30
    size   7 : 8
    size   8 : 4

[Truth Clusters]  (../truthABCgoodDQ.txt)
  total                    = 2183
  size  min / max          = 1 / 6
  size  mean / median      = 2.29 / 2
  size distribution (size: count):
    size   1 : 741
    size   2 : 597
    size   3 : 440
    size   4 : 298
    size   5 : 89
    size   6 : 18

[Distribution Match]
  cluster count diff       = 201  (predicted - truth)
  size-distribution L1     = 613

[Pair-based Metrics]
  TP                       = 3906
  FP                       = 919
  FN                       = 959
  Linked Pairs (L)         = 4825
  Expected Pairs (E)       = 4865
  Precision                = 0.8095
  Recall                   = 0.8029
  F1                       = 0.8062

[Timings (seconds)]
  recursive                = 0.873
  filter                   = 0.076
  cluster                  = 0.319

========================================================================
