# group=F_arcs_idf config_id=tau=0.4
# label=arcs=idf,tau=0.4
# cmd=/usr/local/bin/python3 recursive_algo1_2_v2.py --input ../S5G.txt --truth-dir .. --clusters-json /home/user/blockingandEmbeddinginER/RESULTS/runs/F_arcs_idf/tau=0.4/clusters.json --arcs-weighting idf --tau 0.4

Starting...
Loaded 3004 records
Replaced non-word characters with spaces in extracted tokens
Built token frequency dict with 6789 unique tokens
Stop-word removal: dropped 40 tokens with freq > 60
  Examples: ['NC', 'SALEM', 'WINSTON', 'DR', 'RD', 'ADAMS', '27284', 'KERNERSVILLE', '27106', 'CT', 'ST', '27105', '27103', 'LN', 'ALEXANDER']
Rebuilt token frequency dict: 6749 unique tokens remain

DF distribution percentiles (post-cleanup):
  p50=2, p90=5, p95=7, p99=22
Record-length percentiles (distinct tokens, post-cleanup):
  p50=6, p90=8, p95=8, p99=10
init_df_max derived from percentile 0.95: 7
[legacy] Mode token length: 6
[legacy] stop_k = floor(0.6 * 6) = 3
[diagnostic] Legacy heuristic stop_k(factor=0.6) = 3 (not used unless --stop-k* given)

Resolved parameters:
  init_df_max         = 7
  max_recursion_depth = 5
  min_intra_freq      = 2
  min_blk_token_len   = 4
  exclude_numeric     = True
  min_block_size      = 2
  top_k               = 3
  filter_mode         = size
  tau                 = 0.4
  arcs_weighting      = idf
  density_floor       = 0.0 (min_size=3)
  cluster_on          = final

Creating initial blocks...
Blocking filters: min_blk_token_len=4, exclude_numeric_blocks=True, freq window=[2, 7]
Blocking gate counters (per-record token instances):
  too_short (< 4): 2334
  numeric (excluded):                5343
  freq < 2:                          1440
  freq > 7:                       4217
  kept (became block memberships):   4864
  unique blocking keys produced:     1523
Initial blocks created: 1523
[metrics] Auto-detected truth file: ../truthABCgoodDQ.txt

######################################################################
# RUN: merge=True, purge=True
######################################################################

--- depth=1, effective min_intra_freq=2, max_depth=5 (do_merge=True, do_purge=True) ---
Current number of blocks: 1523
Calling refine_blocks with min_intra_freq=2...
refine_blocks took 0.19 seconds, produced 5951 blocks
Merging blocks...
merge_blocks took 0.04 seconds, result: 1873 blocks
Purging subset blocks...
purge_subset_blocks took 0.03 seconds, dropped 884, result: 989 blocks

--- depth=2, effective min_intra_freq=2, max_depth=5 (do_merge=True, do_purge=True) ---
Current number of blocks: 989
Calling refine_blocks with min_intra_freq=2...
refine_blocks took 0.10 seconds, produced 3164 blocks
Merging blocks...
merge_blocks took 0.03 seconds, result: 1862 blocks
Purging subset blocks...
purge_subset_blocks took 0.03 seconds, dropped 873, result: 989 blocks

--- depth=3, effective min_intra_freq=3, max_depth=5 (do_merge=True, do_purge=True) ---
Current number of blocks: 989
Calling refine_blocks with min_intra_freq=3...
refine_blocks took 0.06 seconds, produced 941 blocks
Merging blocks...
merge_blocks took 0.02 seconds, result: 1275 blocks
Purging subset blocks...
purge_subset_blocks took 0.02 seconds, dropped 286, result: 989 blocks

--- depth=4, effective min_intra_freq=4, max_depth=5 (do_merge=True, do_purge=True) ---
Current number of blocks: 989
Calling refine_blocks with min_intra_freq=4...
refine_blocks took 0.04 seconds, produced 184 blocks
Merging blocks...
merge_blocks took 0.01 seconds, result: 1063 blocks
Purging subset blocks...
purge_subset_blocks took 0.02 seconds, dropped 74, result: 989 blocks

--- depth=5, effective min_intra_freq=5, max_depth=5 (do_merge=True, do_purge=True) ---
Current number of blocks: 989
Calling refine_blocks with min_intra_freq=5...
refine_blocks took 0.03 seconds, produced 41 blocks
Merging blocks...
merge_blocks took 0.01 seconds, result: 1008 blocks
Purging subset blocks...
purge_subset_blocks took 0.02 seconds, dropped 19, result: 989 blocks

--- depth=6, effective min_intra_freq=6, max_depth=5 (do_merge=True, do_purge=True) ---
Current number of blocks: 989
Stopping: depth > max_recursion_depth

Peak block count during recursion: 1523 (at depth=0)
Clustering on FINAL snapshot (989 blocks)

Building ARCS weighted graph (weighting=idf)...
  [pair similarity] pair_sim_weight=1.0: each pair's ARCS contribution scaled by shared_tokens / (|A| + |B| - shared_tokens)
  Graph built in 0.19s — 5450 edges
  ARCS edge-weight histogram (5450 edges, range [0.0414, 5.6137]):
    [0.0414, 0.5987): 3981
    [0.5987, 1.1559): 568
    [1.1559, 1.7131): 354
    [1.7131, 2.2704): 154
    [2.2704, 2.8276): 204
    [2.8276, 3.3848): 90
    [3.3848, 3.9420): 73
    [3.9420, 4.4993): 15
    [4.4993, 5.0565): 10
    [5.0565, 5.6137): 1
  Edges kept (weight >= 0.4): 1733 / 5450
  Clusters (pre-density): 793 multi-record, 993 singletons
  Wrote 1786 clusters to /home/user/blockingandEmbeddinginER/RESULTS/runs/F_arcs_idf/tau=0.4/clusters_m1_p1.json
  Wrote metrics JSON to /home/user/blockingandEmbeddinginER/RESULTS/runs/F_arcs_idf/tau=0.4/clusters_m1_p1.metrics.json
  Wrote metrics log  to /home/user/blockingandEmbeddinginER/RESULTS/runs/F_arcs_idf/tau=0.4/clusters_m1_p1.metrics.log

######################################################################
# RUN: merge=True, purge=False
######################################################################

--- depth=1, effective min_intra_freq=2, max_depth=5 (do_merge=True, do_purge=False) ---
Current number of blocks: 1523
Calling refine_blocks with min_intra_freq=2...
refine_blocks took 0.17 seconds, produced 5951 blocks
Merging blocks...
merge_blocks took 0.04 seconds, result: 1873 blocks
Skipping purge_subset_blocks (do_purge=False)

--- depth=2, effective min_intra_freq=2, max_depth=5 (do_merge=True, do_purge=False) ---
Current number of blocks: 1873
Calling refine_blocks with min_intra_freq=2...
refine_blocks took 0.13 seconds, produced 4045 blocks
Merging blocks...
merge_blocks took 0.04 seconds, result: 1877 blocks
Skipping purge_subset_blocks (do_purge=False)

--- depth=3, effective min_intra_freq=3, max_depth=5 (do_merge=True, do_purge=False) ---
Current number of blocks: 1877
Calling refine_blocks with min_intra_freq=3...
refine_blocks took 0.07 seconds, produced 1047 blocks
Merging blocks...
merge_blocks took 0.03 seconds, result: 1877 blocks
Skipping purge_subset_blocks (do_purge=False)

--- depth=4, effective min_intra_freq=4, max_depth=5 (do_merge=True, do_purge=False) ---
Current number of blocks: 1877
Calling refine_blocks with min_intra_freq=4...
refine_blocks took 0.06 seconds, produced 192 blocks
Merging blocks...
merge_blocks took 0.03 seconds, result: 1877 blocks
Skipping purge_subset_blocks (do_purge=False)

--- depth=5, effective min_intra_freq=5, max_depth=5 (do_merge=True, do_purge=False) ---
Current number of blocks: 1877
Calling refine_blocks with min_intra_freq=5...
refine_blocks took 0.05 seconds, produced 41 blocks
Merging blocks...
merge_blocks took 0.03 seconds, result: 1877 blocks
Skipping purge_subset_blocks (do_purge=False)

--- depth=6, effective min_intra_freq=6, max_depth=5 (do_merge=True, do_purge=False) ---
Current number of blocks: 1877
Stopping: depth > max_recursion_depth

Peak block count during recursion: 1877 (at depth=2)
Clustering on FINAL snapshot (1877 blocks)

Building ARCS weighted graph (weighting=idf)...
  [pair similarity] pair_sim_weight=1.0: each pair's ARCS contribution scaled by shared_tokens / (|A| + |B| - shared_tokens)
  Graph built in 0.20s — 4623 edges
  ARCS edge-weight histogram (4623 edges, range [0.0576, 8.2633]):
    [0.0576, 0.8781): 3101
    [0.8781, 1.6987): 356
    [1.6987, 2.5193): 249
    [2.5193, 3.3399): 196
    [3.3399, 4.1604): 183
    [4.1604, 4.9810): 160
    [4.9810, 5.8016): 141
    [5.8016, 6.6222): 113
    [6.6222, 7.4428): 53
    [7.4428, 8.2633): 71
  Edges kept (weight >= 0.4): 1943 / 4623
  Clusters (pre-density): 797 multi-record, 873 singletons
  Wrote 1670 clusters to /home/user/blockingandEmbeddinginER/RESULTS/runs/F_arcs_idf/tau=0.4/clusters_m1_p0.json
  Wrote metrics JSON to /home/user/blockingandEmbeddinginER/RESULTS/runs/F_arcs_idf/tau=0.4/clusters_m1_p0.metrics.json
  Wrote metrics log  to /home/user/blockingandEmbeddinginER/RESULTS/runs/F_arcs_idf/tau=0.4/clusters_m1_p0.metrics.log

######################################################################
# RUN: merge=False, purge=True
######################################################################

--- depth=1, effective min_intra_freq=2, max_depth=5 (do_merge=False, do_purge=True) ---
Current number of blocks: 1523
Calling refine_blocks with min_intra_freq=2...
refine_blocks took 0.17 seconds, produced 5951 blocks
Skipping merge_blocks (do_merge=False); naive concat...
  result: 7474 blocks
Purging subset blocks...
purge_subset_blocks took 0.10 seconds, dropped 6485, result: 989 blocks

--- depth=2, effective min_intra_freq=2, max_depth=5 (do_merge=False, do_purge=True) ---
Current number of blocks: 989
Calling refine_blocks with min_intra_freq=2...
refine_blocks took 0.13 seconds, produced 4191 blocks
Skipping merge_blocks (do_merge=False); naive concat...
  result: 5180 blocks
Purging subset blocks...
purge_subset_blocks took 0.07 seconds, dropped 4191, result: 989 blocks

--- depth=3, effective min_intra_freq=3, max_depth=5 (do_merge=False, do_purge=True) ---
Current number of blocks: 989
Calling refine_blocks with min_intra_freq=3...
refine_blocks took 0.07 seconds, produced 1411 blocks
Skipping merge_blocks (do_merge=False); naive concat...
  result: 2400 blocks
Purging subset blocks...
purge_subset_blocks took 0.04 seconds, dropped 1411, result: 989 blocks

--- depth=4, effective min_intra_freq=4, max_depth=5 (do_merge=False, do_purge=True) ---
Current number of blocks: 989
Calling refine_blocks with min_intra_freq=4...
refine_blocks took 0.04 seconds, produced 350 blocks
Skipping merge_blocks (do_merge=False); naive concat...
  result: 1339 blocks
Purging subset blocks...
purge_subset_blocks took 0.02 seconds, dropped 350, result: 989 blocks

--- depth=5, effective min_intra_freq=5, max_depth=5 (do_merge=False, do_purge=True) ---
Current number of blocks: 989
Calling refine_blocks with min_intra_freq=5...
refine_blocks took 0.03 seconds, produced 122 blocks
Skipping merge_blocks (do_merge=False); naive concat...
  result: 1111 blocks
Purging subset blocks...
purge_subset_blocks took 0.02 seconds, dropped 122, result: 989 blocks

--- depth=6, effective min_intra_freq=6, max_depth=5 (do_merge=False, do_purge=True) ---
Current number of blocks: 989
Stopping: depth > max_recursion_depth

Peak block count during recursion: 1523 (at depth=0)
Clustering on FINAL snapshot (989 blocks)

Building ARCS weighted graph (weighting=idf)...
  [pair similarity] pair_sim_weight=1.0: each pair's ARCS contribution scaled by shared_tokens / (|A| + |B| - shared_tokens)
  Graph built in 0.17s — 5450 edges
  ARCS edge-weight histogram (5450 edges, range [0.0414, 5.6137]):
    [0.0414, 0.5987): 3981
    [0.5987, 1.1559): 568
    [1.1559, 1.7131): 354
    [1.7131, 2.2704): 154
    [2.2704, 2.8276): 204
    [2.8276, 3.3848): 90
    [3.3848, 3.9420): 73
    [3.9420, 4.4993): 15
    [4.4993, 5.0565): 10
    [5.0565, 5.6137): 1
  Edges kept (weight >= 0.4): 1733 / 5450
  Clusters (pre-density): 793 multi-record, 993 singletons
  Wrote 1786 clusters to /home/user/blockingandEmbeddinginER/RESULTS/runs/F_arcs_idf/tau=0.4/clusters_m0_p1.json
  Wrote metrics JSON to /home/user/blockingandEmbeddinginER/RESULTS/runs/F_arcs_idf/tau=0.4/clusters_m0_p1.metrics.json
  Wrote metrics log  to /home/user/blockingandEmbeddinginER/RESULTS/runs/F_arcs_idf/tau=0.4/clusters_m0_p1.metrics.log

######################################################################
# RUN: merge=False, purge=False
######################################################################

--- depth=1, effective min_intra_freq=2, max_depth=5 (do_merge=False, do_purge=False) ---
Current number of blocks: 1523
Calling refine_blocks with min_intra_freq=2...
refine_blocks took 0.18 seconds, produced 5951 blocks
Skipping merge_blocks (do_merge=False); naive concat...
  result: 7474 blocks
Skipping purge_subset_blocks (do_purge=False)

--- depth=2, effective min_intra_freq=2, max_depth=5 (do_merge=False, do_purge=False) ---
Current number of blocks: 7474
Calling refine_blocks with min_intra_freq=2...
refine_blocks took 0.69 seconds, produced 15769 blocks
Skipping merge_blocks (do_merge=False); naive concat...
  result: 17292 blocks
Skipping purge_subset_blocks (do_purge=False)

--- depth=3, effective min_intra_freq=3, max_depth=5 (do_merge=False, do_purge=False) ---
Current number of blocks: 17292
Calling refine_blocks with min_intra_freq=3...
refine_blocks took 0.71 seconds, produced 7243 blocks
Skipping merge_blocks (do_merge=False); naive concat...
  result: 19850 blocks
Skipping purge_subset_blocks (do_purge=False)

--- depth=4, effective min_intra_freq=4, max_depth=5 (do_merge=False, do_purge=False) ---
Current number of blocks: 19850
Calling refine_blocks with min_intra_freq=4...
refine_blocks took 0.46 seconds, produced 1299 blocks
Skipping merge_blocks (do_merge=False); naive concat...
  result: 19972 blocks
Skipping purge_subset_blocks (do_purge=False)

--- depth=5, effective min_intra_freq=5, max_depth=5 (do_merge=False, do_purge=False) ---
Current number of blocks: 19972
Calling refine_blocks with min_intra_freq=5...
refine_blocks took 0.40 seconds, produced 421 blocks
Skipping merge_blocks (do_merge=False); naive concat...
  result: 19982 blocks
Skipping purge_subset_blocks (do_purge=False)

--- depth=6, effective min_intra_freq=6, max_depth=5 (do_merge=False, do_purge=False) ---
Current number of blocks: 19982
Stopping: depth > max_recursion_depth

Peak block count during recursion: 19982 (at depth=5)
Clustering on FINAL snapshot (19982 blocks)

Building ARCS weighted graph (weighting=idf)...
  [pair similarity] pair_sim_weight=1.0: each pair's ARCS contribution scaled by shared_tokens / (|A| + |B| - shared_tokens)
  Graph built in 0.17s — 1623 edges
  ARCS edge-weight histogram (1623 edges, range [0.0690, 10.9718]):
    [0.0690, 1.1593): 463
    [1.1593, 2.2495): 88
    [2.2495, 3.3398): 105
    [3.3398, 4.4301): 60
    [4.4301, 5.5204): 84
    [5.5204, 6.6107): 53
    [6.6107, 7.7010): 273
    [7.7010, 8.7913): 93
    [8.7913, 9.8815): 77
    [9.8815, 10.9718): 327
  Edges kept (weight >= 0.4): 1241 / 1623
  Clusters (pre-density): 879 multi-record, 1047 singletons
  Wrote 1926 clusters to /home/user/blockingandEmbeddinginER/RESULTS/runs/F_arcs_idf/tau=0.4/clusters_m0_p0.json
  Wrote metrics JSON to /home/user/blockingandEmbeddinginER/RESULTS/runs/F_arcs_idf/tau=0.4/clusters_m0_p0.metrics.json
  Wrote metrics log  to /home/user/blockingandEmbeddinginER/RESULTS/runs/F_arcs_idf/tau=0.4/clusters_m0_p0.metrics.log


==============================================================================================================
ABLATION SUMMARY
mode=default, init_df_max=7, max_recursion_depth=5, min_intra_freq=2, tau=0.4, top_k=3, filter_mode=size, min_block_size=2, arcs_weighting=idf, density_floor=0.0, cluster_on=final
==============================================================================================================
merge purge  blks(rec)   pairs(rec)  blks(flt)   pairs(flt)  clusters  multi  single  t_rec(s)  t_flt(s)  t_clu(s)  peak(MB)
--------------------------------------------------------------------------------------------------------------
    T     T        989         5872        989         5794      1786    793     993      0.66      0.09      0.22     247.2
    T     F       1877         7647       1861         6082      1670    797     873      0.68      0.10      0.23     247.6
    F     T        989         5872        989         5794      1786    793     993      0.70      0.07      0.20     247.0
    F     F      19982        46513       2730         3757      1926    879    1047      2.48      0.47      0.19     252.4
==============================================================================================================
