========================================================================
  RUN METRICS
========================================================================

[Configuration]
  blocking_mode            = default
  do_merge                 = True
  do_purge                 = False
  max_recursion_depth      = 5
  min_intra_freq           = 2
  top_k                    = 3
  tau                      = 0.05
  min_block_size           = 2
  filter_mode              = size
  weight_size              = 0.0
  weight_shared            = 0.0
  weight_tokenlen          = 0.0
  cluster_on               = final
  arcs_weighting           = uniform
  density_floor            = 0.0
  density_min_size         = 3
  arcs_factors             = {'length_weight': 0.0, 'numeric_factor': 1.0, 'word_factor': 1.0, 'density_weight': 0.0, 'density_sample_cap': 200, 'pair_sim_weight': 1.0}

[Records]
  total                    = 2912
  unique                   = 2912

[Predicted Clusters]
  total                    = 1506
  multi-record             = 793
  singletons               = 713
  size  min / max          = 1 / 11
  size  mean / median      = 1.934 / 2.0
  size distribution (size: count):
    size   1 : 713
    size   2 : 439
    size   3 : 205
    size   4 : 81
    size   5 : 39
    size   6 : 22
    size   7 : 4
    size   8 : 2
    size  11 : 1

[Truth Clusters]  (../truthABCgoodDQ.txt)
  total                    = 1827
  size  min / max          = 1 / 6
  size  mean / median      = 1.594 / 1
  size distribution (size: count):
    size   1 : 1056
    size   2 : 516
    size   3 : 205
    size   4 : 42
    size   5 : 7
    size   6 : 1

[Distribution Match]
  cluster count diff       = -321  (predicted - truth)
  size-distribution L1     = 519

[Pair-based Metrics]
  TP                       = 1353
  FP                       = 1102
  FN                       = 115
  Linked Pairs (L)         = 2455
  Expected Pairs (E)       = 1468
  Precision                = 0.5511
  Recall                   = 0.9217
  F1                       = 0.6898

[Timings (seconds)]
  recursive                = 0.534
  filter                   = 0.079
  cluster                  = 0.173

========================================================================
