========================================================================
  RUN METRICS
========================================================================

[Configuration]
  blocking_mode            = default
  do_merge                 = True
  do_purge                 = True
  max_recursion_depth      = 5
  min_intra_freq           = 2
  top_k                    = 3
  tau                      = 0.05
  min_block_size           = 2
  filter_mode              = size
  weight_size              = 0.0
  weight_shared            = 0.0
  weight_tokenlen          = 0.0
  cluster_on               = final
  arcs_weighting           = uniform
  density_floor            = 0.0
  density_min_size         = 3
  arcs_factors             = {'length_weight': 0.0, 'numeric_factor': 1.0, 'word_factor': 1.0, 'density_weight': 0.0, 'density_sample_cap': 200, 'pair_sim_weight': 1.0}

[Records]
  total                    = 100
  unique                   = 100

[Predicted Clusters]
  total                    = 46
  multi-record             = 28
  singletons               = 18
  size  min / max          = 1 / 6
  size  mean / median      = 2.174 / 2.0
  size distribution (size: count):
    size   1 : 18
    size   2 : 10
    size   3 : 12
    size   4 : 5
    size   6 : 1

[Truth Clusters]  (../truthABCgoodDQ.txt)
  total                    = 62
  size  min / max          = 1 / 4
  size  mean / median      = 1.613 / 1.0
  size distribution (size: count):
    size   1 : 33
    size   2 : 21
    size   3 : 7
    size   4 : 1

[Distribution Match]
  cluster count diff       = -16  (predicted - truth)
  size-distribution L1     = 36

[Pair-based Metrics]
  TP                       = 48
  FP                       = 43
  FN                       = 0
  Linked Pairs (L)         = 91
  Expected Pairs (E)       = 48
  Precision                = 0.5275
  Recall                   = 1.0
  F1                       = 0.6906

[Timings (seconds)]
  recursive                = 0.036
  filter                   = 0.002
  cluster                  = 0.005

========================================================================
