========================================================================
  RUN METRICS
========================================================================

[Configuration]
  blocking_mode            = default
  do_merge                 = False
  do_purge                 = False
  max_recursion_depth      = 5
  min_intra_freq           = 2
  top_k                    = 3
  tau                      = 0.5
  min_block_size           = 2
  filter_mode              = size
  weight_size              = 0.0
  weight_shared            = 0.0
  weight_tokenlen          = 0.0
  cluster_on               = final
  arcs_weighting           = uniform
  density_floor            = 0.0
  density_min_size         = 3
  arcs_factors             = {'length_weight': 0.0, 'numeric_factor': 1.0, 'word_factor': 1.0, 'density_weight': 0.0, 'density_sample_cap': 200, 'pair_sim_weight': 1.0}

[Records]
  total                    = 3004
  unique                   = 3004

[Predicted Clusters]
  total                    = 2158
  multi-record             = 727
  singletons               = 1431
  size  min / max          = 1 / 6
  size  mean / median      = 1.392 / 1.0
  size distribution (size: count):
    size   1 : 1431
    size   2 : 622
    size   3 : 95
    size   4 : 7
    size   5 : 2
    size   6 : 1

[Truth Clusters]  (../truthABCgoodDQ.txt)
  total                    = 1877
  size  min / max          = 1 / 6
  size  mean / median      = 1.6 / 1
  size distribution (size: count):
    size   1 : 1076
    size   2 : 538
    size   3 : 209
    size   4 : 46
    size   5 : 7
    size   6 : 1

[Distribution Match]
  cluster count diff       = 281  (predicted - truth)
  size-distribution L1     = 597

[Pair-based Metrics]
  TP                       = 937
  FP                       = 47
  FN                       = 589
  Linked Pairs (L)         = 984
  Expected Pairs (E)       = 1526
  Precision                = 0.9522
  Recall                   = 0.614
  F1                       = 0.7466

[Timings (seconds)]
  recursive                = 2.405
  filter                   = 0.43
  cluster                  = 0.172

========================================================================
