========================================================================
  RUN METRICS
========================================================================

[Configuration]
  blocking_mode            = default
  do_merge                 = False
  do_purge                 = True
  max_recursion_depth      = 5
  min_intra_freq           = 2
  top_k                    = 3
  tau                      = 0.5
  min_block_size           = 2
  filter_mode              = size
  weight_size              = 0.0
  weight_shared            = 0.0
  weight_tokenlen          = 0.0
  cluster_on               = final
  arcs_weighting           = uniform
  density_floor            = 0.0
  density_min_size         = 3
  arcs_factors             = {'length_weight': 0.0, 'numeric_factor': 1.0, 'word_factor': 1.0, 'density_weight': 0.0, 'density_sample_cap': 200, 'pair_sim_weight': 1.0}

[Records]
  total                    = 5000
  unique                   = 5000

[Predicted Clusters]
  total                    = 4929
  multi-record             = 68
  singletons               = 4861
  size  min / max          = 1 / 3
  size  mean / median      = 1.014 / 1
  size distribution (size: count):
    size   1 : 4861
    size   2 : 65
    size   3 : 3

[Truth Clusters]  (../truthABCgoodDQ.txt)
  total                    = 2183
  size  min / max          = 1 / 6
  size  mean / median      = 2.29 / 2
  size distribution (size: count):
    size   1 : 741
    size   2 : 597
    size   3 : 440
    size   4 : 298
    size   5 : 89
    size   6 : 18

[Distribution Match]
  cluster count diff       = 2746  (predicted - truth)
  size-distribution L1     = 5494

[Pair-based Metrics]
  TP                       = 74
  FP                       = 0
  FN                       = 4791
  Linked Pairs (L)         = 74
  Expected Pairs (E)       = 4865
  Precision                = 1.0
  Recall                   = 0.0152
  F1                       = 0.03

[Timings (seconds)]
  recursive                = 0.951
  filter                   = 0.075
  cluster                  = 0.314

========================================================================
