========================================================================
  RUN METRICS
========================================================================

[Configuration]
  blocking_mode            = default
  do_merge                 = True
  do_purge                 = False
  max_recursion_depth      = 5
  min_intra_freq           = 2
  top_k                    = 3
  tau                      = 0.5
  min_block_size           = 2
  filter_mode              = size
  weight_size              = 0.0
  weight_shared            = 0.0
  weight_tokenlen          = 0.0
  cluster_on               = final
  arcs_weighting           = uniform
  density_floor            = 0.0
  density_min_size         = 3
  arcs_factors             = {'length_weight': 0.0, 'numeric_factor': 1.0, 'word_factor': 1.0, 'density_weight': 0.0, 'density_sample_cap': 200, 'pair_sim_weight': 1.0}

[Records]
  total                    = 5000
  unique                   = 5000

[Predicted Clusters]
  total                    = 3680
  multi-record             = 1122
  singletons               = 2558
  size  min / max          = 1 / 5
  size  mean / median      = 1.359 / 1.0
  size distribution (size: count):
    size   1 : 2558
    size   2 : 934
    size   3 : 179
    size   4 : 8
    size   5 : 1

[Truth Clusters]  (../truthABCgoodDQ.txt)
  total                    = 2183
  size  min / max          = 1 / 6
  size  mean / median      = 2.29 / 2
  size distribution (size: count):
    size   1 : 741
    size   2 : 597
    size   3 : 440
    size   4 : 298
    size   5 : 89
    size   6 : 18

[Distribution Match]
  cluster count diff       = 1497  (predicted - truth)
  size-distribution L1     = 2811

[Pair-based Metrics]
  TP                       = 1527
  FP                       = 2
  FN                       = 3338
  Linked Pairs (L)         = 1529
  Expected Pairs (E)       = 4865
  Precision                = 0.9987
  Recall                   = 0.3139
  F1                       = 0.4776

[Timings (seconds)]
  recursive                = 1.008
  filter                   = 0.131
  cluster                  = 0.319

========================================================================
