========================================================================
  RUN METRICS
========================================================================

[Configuration]
  blocking_mode            = default
  do_merge                 = True
  do_purge                 = True
  max_recursion_depth      = 5
  min_intra_freq           = 2
  top_k                    = 3
  tau                      = 0.5
  min_block_size           = 2
  filter_mode              = size
  weight_size              = 0.0
  weight_shared            = 0.0
  weight_tokenlen          = 0.0
  cluster_on               = final
  arcs_weighting           = uniform
  density_floor            = 0.0
  density_min_size         = 3
  arcs_factors             = {'length_weight': 0.0, 'numeric_factor': 1.0, 'word_factor': 1.0, 'density_weight': 0.0, 'density_sample_cap': 200, 'pair_sim_weight': 1.0}

[Records]
  total                    = 50
  unique                   = 50

[Predicted Clusters]
  total                    = 49
  multi-record             = 1
  singletons               = 48
  size  min / max          = 1 / 2
  size  mean / median      = 1.02 / 1
  size distribution (size: count):
    size   1 : 48
    size   2 : 1

[Truth Clusters]  (../truthABCgoodDQ.txt)
  total                    = 30
  size  min / max          = 1 / 4
  size  mean / median      = 1.667 / 1.0
  size distribution (size: count):
    size   1 : 16
    size   2 : 9
    size   3 : 4
    size   4 : 1

[Distribution Match]
  cluster count diff       = 19  (predicted - truth)
  size-distribution L1     = 45

[Pair-based Metrics]
  TP                       = 1
  FP                       = 0
  FN                       = 26
  Linked Pairs (L)         = 1
  Expected Pairs (E)       = 27
  Precision                = 1.0
  Recall                   = 0.037
  F1                       = 0.0714

[Timings (seconds)]
  recursive                = 0.015
  filter                   = 0.001
  cluster                  = 0.002

========================================================================
