========================================================================
  RUN METRICS
========================================================================

[Configuration]
  blocking_mode            = hierarchical
  do_merge                 = False
  do_purge                 = False
  max_recursion_depth      = 0
  min_intra_freq           = 0
  top_k                    = 3
  tau                      = 0.2
  min_block_size           = 2
  filter_mode              = size
  weight_size              = 0.0
  weight_shared            = 0.0
  weight_tokenlen          = 0.0
  cluster_on               = final
  arcs_weighting           = uniform
  density_floor            = 0.0
  density_min_size         = 3
  arcs_factors             = {'length_weight': 0.0, 'numeric_factor': 1.0, 'word_factor': 1.0, 'density_weight': 0.0, 'density_sample_cap': 200, 'pair_sim_weight': 1.0}

[Records]
  total                    = 100
  unique                   = 100

[Predicted Clusters]
  total                    = 62
  multi-record             = 28
  singletons               = 34
  size  min / max          = 1 / 4
  size  mean / median      = 1.613 / 1.0
  size distribution (size: count):
    size   1 : 34
    size   2 : 19
    size   3 : 8
    size   4 : 1

[Truth Clusters]  (../truthABCgoodDQ.txt)
  total                    = 62
  size  min / max          = 1 / 4
  size  mean / median      = 1.613 / 1.0
  size distribution (size: count):
    size   1 : 33
    size   2 : 21
    size   3 : 7
    size   4 : 1

[Distribution Match]
  cluster count diff       = 0  (predicted - truth)
  size-distribution L1     = 4

[Pair-based Metrics]
  TP                       = 36
  FP                       = 13
  FN                       = 12
  Linked Pairs (L)         = 49
  Expected Pairs (E)       = 48
  Precision                = 0.7347
  Recall                   = 0.75
  F1                       = 0.7423

[Timings (seconds)]
  recursive                = 0.0
  filter                   = 0.007
  cluster                  = 0.008

========================================================================
