# group=G_blocking config_id=hierarchical
# label=hierarchical blocking
# cmd=/usr/local/bin/python recursive_algo1_2_v2.py --input ../S8P.txt --truth-dir .. --clusters-json /home/user/blockingandEmbeddinginER/RESULTS/runs/G_blocking/hierarchical/clusters.json --hierarchical-blocking

Starting...
Loaded 1000 records
Replaced non-word characters with spaces in extracted tokens
Built token frequency dict with 3942 unique tokens
Stop-word removal: dropped 20 tokens with freq > 60
  Examples: ['CA', 'FL', 'BOX', 'APT', 'TX', 'PO', 'L', 'DR', 'ST', 'A', 'E', 'AVE', 'C', 'M', 'W']
Rebuilt token frequency dict: 3922 unique tokens remain

DF distribution percentiles (post-cleanup):
  p50=1, p90=5, p95=7, p99=17
Record-length percentiles (distinct tokens, post-cleanup):
  p50=9, p90=12, p95=13, p99=15

Resolved parameters (hierarchical mode):
  n_levels            = 3922 (== unique tokens after stop-word removal)
  min_block_size      = 2
  top_k               = 3
  filter_mode         = size
  tau                 = 0.2
  arcs_weighting      = uniform
  density_floor       = 0.0 (min_size=3)
  cluster_on          = final (forced)

Building hierarchical block tree...
Hierarchical blocking: 3922 tokens, starting from 1 universe block of 1000 records
  level 1/3922 (token='D', DF=55): frontier=2 (split=1, carry_singleton=0, carry_no_partition=0), tree=3, max_size=945, singletons=0
  level 2/3922 (token='TEXAS', DF=54): frontier=4 (split=2, carry_singleton=0, carry_no_partition=0), tree=7, max_size=897, singletons=0
  level 3/3922 (token='CALI', DF=51): frontier=6 (split=2, carry_singleton=0, carry_no_partition=2), tree=11, max_size=852, singletons=0
  level 4/3922 (token='RD', DF=50): frontier=10 (split=4, carry_singleton=0, carry_no_partition=2), tree=19, max_size=816, singletons=0
  level 5/3922 (token='LN', DF=46): frontier=14 (split=4, carry_singleton=0, carry_no_partition=6), tree=27, max_size=777, singletons=1
  level 1000/3922 (token='FORT', DF=3): frontier=971 (split=0, carry_singleton=944, carry_no_partition=27), tree=1941, max_size=3, singletons=944
  level 2000/3922 (token='110489', DF=1): frontier=993 (split=0, carry_singleton=987, carry_no_partition=6), tree=1985, max_size=3, singletons=987
  level 3000/3922 (token='ANGELICA', DF=1): frontier=997 (split=0, carry_singleton=994, carry_no_partition=3), tree=1993, max_size=2, singletons=994
  level 3922/3922 (token='ZUCCARELLO', DF=1): frontier=998 (split=0, carry_singleton=996, carry_no_partition=2), tree=1995, max_size=2, singletons=996
Hierarchical blocking finished: 1995 total blocks across the tree (frontier at last level: 998)
Hierarchical tree blocks: 1995
[metrics] Auto-detected truth file: ../truthABCpoorDQ.txt

######################################################################
# RUN: mode=hierarchical
######################################################################

Hierarchical mode: 1995 blocks already produced upstream; recursion / merge / purge skipped.
Clustering on FINAL snapshot (1995 blocks)

Building ARCS weighted graph (weighting=uniform)...
  [pair similarity] pair_sim_weight=1.0: each pair's ARCS contribution scaled by shared_tokens / (|A| + |B| - shared_tokens)
  Graph built in 0.04s — 1000 edges
  ARCS edge-weight histogram (1000 edges, range [0.0000, 1.0833]):
    [0.0000, 0.1083): 760
    [0.1083, 0.2167): 95
    [0.2167, 0.3250): 23
    [0.3250, 0.4333): 41
    [0.4333, 0.5417): 42
    [0.5417, 0.6500): 22
    [0.6500, 0.7583): 13
    [0.7583, 0.8667): 0
    [0.8667, 0.9750): 2
    [0.9750, 1.0833): 2
  Edges kept (weight >= 0.2): 151 / 1000
  Clusters (pre-density): 140 multi-record, 713 singletons
  Wrote 853 clusters to /home/user/blockingandEmbeddinginER/RESULTS/runs/G_blocking/hierarchical/clusters.json
  Wrote metrics JSON to /home/user/blockingandEmbeddinginER/RESULTS/runs/G_blocking/hierarchical/clusters.metrics.json
  Wrote metrics log  to /home/user/blockingandEmbeddinginER/RESULTS/runs/G_blocking/hierarchical/clusters.metrics.log


==============================================================================================================
RUN SUMMARY
mode=hierarchical, n_levels=3922, tau=0.2, top_k=3, min_block_size=2, arcs_weighting=uniform, density_floor=0.0
==============================================================================================================
merge purge  blks(rec)   pairs(rec)  blks(flt)   pairs(flt)  clusters  multi  single  t_rec(s)  t_flt(s)  t_clu(s)  peak(MB)
--------------------------------------------------------------------------------------------------------------
    F     F       1995      7381538        805         1259       853    140     713      0.00      0.14      0.04      72.0
==============================================================================================================
