========================================================================
  RUN METRICS
========================================================================

[Configuration]
  blocking_mode            = default
  do_merge                 = True
  do_purge                 = True
  max_recursion_depth      = 5
  min_intra_freq           = 2
  top_k                    = 3
  tau                      = 0.2
  min_block_size           = 2
  filter_mode              = specificity
  weight_size              = 0.0
  weight_shared            = 0.0
  weight_tokenlen          = 0.0
  cluster_on               = final
  arcs_weighting           = uniform
  density_floor            = 0.0
  density_min_size         = 3
  arcs_factors             = {'length_weight': 0.0, 'numeric_factor': 1.0, 'word_factor': 1.0, 'density_weight': 0.0, 'density_sample_cap': 200, 'pair_sim_weight': 1.0}

[Records]
  total                    = 1000
  unique                   = 1000

[Predicted Clusters]
  total                    = 854
  multi-record             = 118
  singletons               = 736
  size  min / max          = 1 / 4
  size  mean / median      = 1.171 / 1.0
  size distribution (size: count):
    size   1 : 736
    size   2 : 91
    size   3 : 26
    size   4 : 1

[Truth Clusters]  (../truthABCpoorDQ.txt)
  total                    = 195
  size  min / max          = 1 / 17
  size  mean / median      = 5.128 / 5
  size distribution (size: count):
    size   1 : 16
    size   2 : 15
    size   3 : 30
    size   4 : 25
    size   5 : 33
    size   6 : 26
    size   7 : 10
    size   8 : 19
    size   9 : 9
    size  10 : 4
    size  11 : 3
    size  12 : 3
    size  14 : 1
    size  17 : 1

[Distribution Match]
  cluster count diff       = 659  (predicted - truth)
  size-distribution L1     = 933

[Pair-based Metrics]
  TP                       = 160
  FP                       = 15
  FN                       = 2651
  Linked Pairs (L)         = 175
  Expected Pairs (E)       = 2811
  Precision                = 0.9143
  Recall                   = 0.0569
  F1                       = 0.1072

[Timings (seconds)]
  recursive                = 0.292
  filter                   = 0.02
  cluster                  = 0.068

========================================================================
