========================================================================
  RUN METRICS
========================================================================

[Configuration]
  blocking_mode            = default
  do_merge                 = False
  do_purge                 = True
  max_recursion_depth      = 5
  min_intra_freq           = 2
  top_k                    = 3
  tau                      = 0.2
  min_block_size           = 2
  filter_mode              = specificity
  weight_size              = 0.0
  weight_shared            = 0.0
  weight_tokenlen          = 0.0
  cluster_on               = final
  arcs_weighting           = uniform
  density_floor            = 0.0
  density_min_size         = 3
  arcs_factors             = {'length_weight': 0.0, 'numeric_factor': 1.0, 'word_factor': 1.0, 'density_weight': 0.0, 'density_sample_cap': 200, 'pair_sim_weight': 1.0}

[Records]
  total                    = 5000
  unique                   = 5000

[Predicted Clusters]
  total                    = 3923
  multi-record             = 752
  singletons               = 3171
  size  min / max          = 1 / 6
  size  mean / median      = 1.275 / 1
  size distribution (size: count):
    size   1 : 3171
    size   2 : 486
    size   3 : 216
    size   4 : 43
    size   5 : 5
    size   6 : 2

[Truth Clusters]  (../truthABCgoodDQ.txt)
  total                    = 2183
  size  min / max          = 1 / 6
  size  mean / median      = 2.29 / 2
  size distribution (size: count):
    size   1 : 741
    size   2 : 597
    size   3 : 440
    size   4 : 298
    size   5 : 89
    size   6 : 18

[Distribution Match]
  cluster count diff       = 1740  (predicted - truth)
  size-distribution L1     = 3120

[Pair-based Metrics]
  TP                       = 1460
  FP                       = 12
  FN                       = 3405
  Linked Pairs (L)         = 1472
  Expected Pairs (E)       = 4865
  Precision                = 0.9918
  Recall                   = 0.3001
  F1                       = 0.4608

[Timings (seconds)]
  recursive                = 0.946
  filter                   = 0.075
  cluster                  = 0.311

========================================================================
