========================================================================
  RUN METRICS
========================================================================

[Configuration]
  blocking_mode            = default
  do_merge                 = False
  do_purge                 = False
  max_recursion_depth      = 5
  min_intra_freq           = 2
  top_k                    = 3
  tau                      = 0.2
  min_block_size           = 2
  filter_mode              = specificity
  weight_size              = 0.0
  weight_shared            = 0.0
  weight_tokenlen          = 0.0
  cluster_on               = final
  arcs_weighting           = uniform
  density_floor            = 0.0
  density_min_size         = 3
  arcs_factors             = {'length_weight': 0.0, 'numeric_factor': 1.0, 'word_factor': 1.0, 'density_weight': 0.0, 'density_sample_cap': 200, 'pair_sim_weight': 1.0}

[Records]
  total                    = 5000
  unique                   = 5000

[Predicted Clusters]
  total                    = 3152
  multi-record             = 1500
  singletons               = 1652
  size  min / max          = 1 / 6
  size  mean / median      = 1.586 / 1.0
  size distribution (size: count):
    size   1 : 1652
    size   2 : 1205
    size   3 : 249
    size   4 : 40
    size   5 : 5
    size   6 : 1

[Truth Clusters]  (../truthABCgoodDQ.txt)
  total                    = 2183
  size  min / max          = 1 / 6
  size  mean / median      = 2.29 / 2
  size distribution (size: count):
    size   1 : 741
    size   2 : 597
    size   3 : 440
    size   4 : 298
    size   5 : 89
    size   6 : 18

[Distribution Match]
  cluster count diff       = 969  (predicted - truth)
  size-distribution L1     = 2069

[Pair-based Metrics]
  TP                       = 2143
  FP                       = 114
  FN                       = 2722
  Linked Pairs (L)         = 2257
  Expected Pairs (E)       = 4865
  Precision                = 0.9495
  Recall                   = 0.4405
  F1                       = 0.6018

[Timings (seconds)]
  recursive                = 3.513
  filter                   = 0.54
  cluster                  = 0.204

========================================================================
