========================================================================
  RUN METRICS
========================================================================

[Configuration]
  blocking_mode            = default
  do_merge                 = False
  do_purge                 = False
  max_recursion_depth      = 5
  min_intra_freq           = 2
  top_k                    = 3
  tau                      = 0.2
  min_block_size           = 2
  filter_mode              = size
  weight_size              = 0.0
  weight_shared            = 0.0
  weight_tokenlen          = 0.0
  cluster_on               = final
  arcs_weighting           = uniform
  density_floor            = 0.0
  density_min_size         = 3
  arcs_factors             = {'length_weight': 0.0, 'numeric_factor': 1.0, 'word_factor': 1.0, 'density_weight': 0.0, 'density_sample_cap': 200, 'pair_sim_weight': 0.25}

[Records]
  total                    = 2912
  unique                   = 2912

[Predicted Clusters]
  total                    = 1574
  multi-record             = 918
  singletons               = 656
  size  min / max          = 1 / 20
  size  mean / median      = 1.85 / 2.0
  size distribution (size: count):
    size   1 : 656
    size   2 : 697
    size   3 : 153
    size   4 : 33
    size   5 : 12
    size   6 : 10
    size   7 : 3
    size   8 : 2
    size  10 : 2
    size  12 : 1
    size  13 : 2
    size  17 : 1
    size  19 : 1
    size  20 : 1

[Truth Clusters]  (../truthABCgoodDQ.txt)
  total                    = 1827
  size  min / max          = 1 / 6
  size  mean / median      = 1.594 / 1
  size distribution (size: count):
    size   1 : 1056
    size   2 : 516
    size   3 : 205
    size   4 : 42
    size   5 : 7
    size   6 : 1

[Distribution Match]
  cluster count diff       = -253  (predicted - truth)
  size-distribution L1     = 669

[Pair-based Metrics]
  TP                       = 1027
  FP                       = 1525
  FN                       = 441
  Linked Pairs (L)         = 2552
  Expected Pairs (E)       = 1468
  Precision                = 0.4024
  Recall                   = 0.6996
  F1                       = 0.5109

[Timings (seconds)]
  recursive                = 2.095
  filter                   = 0.387
  cluster                  = 0.121

========================================================================
