========================================================================
  RUN METRICS
========================================================================

[Configuration]
  blocking_mode            = default
  do_merge                 = False
  do_purge                 = True
  max_recursion_depth      = 5
  min_intra_freq           = 2
  top_k                    = 3
  tau                      = 0.2
  min_block_size           = 2
  filter_mode              = size
  weight_size              = 0.0
  weight_shared            = 0.0
  weight_tokenlen          = 0.0
  cluster_on               = final
  arcs_weighting           = uniform
  density_floor            = 0.0
  density_min_size         = 3
  arcs_factors             = {'length_weight': 0.0, 'numeric_factor': 1.0, 'word_factor': 1.0, 'density_weight': 0.0, 'density_sample_cap': 200, 'pair_sim_weight': 0.25}

[Records]
  total                    = 1912
  unique                   = 1912

[Predicted Clusters]
  total                    = 1051
  multi-record             = 447
  singletons               = 604
  size  min / max          = 1 / 13
  size  mean / median      = 1.819 / 1
  size distribution (size: count):
    size   1 : 604
    size   2 : 217
    size   3 : 153
    size   4 : 39
    size   5 : 14
    size   6 : 8
    size   7 : 3
    size   8 : 7
    size   9 : 3
    size  12 : 2
    size  13 : 1

[Truth Clusters]  (../truthABCgoodDQ.txt)
  total                    = 1188
  size  min / max          = 1 / 6
  size  mean / median      = 1.609 / 1.0
  size distribution (size: count):
    size   1 : 678
    size   2 : 339
    size   3 : 136
    size   4 : 28
    size   5 : 6
    size   6 : 1

[Distribution Match]
  cluster count diff       = -137  (predicted - truth)
  size-distribution L1     = 255

[Pair-based Metrics]
  TP                       = 670
  FP                       = 1077
  FN                       = 320
  Linked Pairs (L)         = 1747
  Expected Pairs (E)       = 990
  Precision                = 0.3835
  Recall                   = 0.6768
  F1                       = 0.4896

[Timings (seconds)]
  recursive                = 0.385
  filter                   = 0.031
  cluster                  = 0.098

========================================================================
