========================================================================
  RUN METRICS
========================================================================

[Configuration]
  blocking_mode            = default
  do_merge                 = True
  do_purge                 = False
  max_recursion_depth      = 5
  min_intra_freq           = 2
  top_k                    = 3
  tau                      = 0.2
  min_block_size           = 2
  filter_mode              = size
  weight_size              = 0.0
  weight_shared            = 0.0
  weight_tokenlen          = 0.0
  cluster_on               = final
  arcs_weighting           = uniform
  density_floor            = 0.0
  density_min_size         = 3
  arcs_factors             = {'length_weight': 0.0, 'numeric_factor': 1.0, 'word_factor': 1.0, 'density_weight': 0.0, 'density_sample_cap': 200, 'pair_sim_weight': 0.25}

[Records]
  total                    = 5000
  unique                   = 5000

[Predicted Clusters]
  total                    = 1837
  multi-record             = 1120
  singletons               = 717
  size  min / max          = 1 / 39
  size  mean / median      = 2.722 / 2
  size distribution (size: count):
    size   1 : 717
    size   2 : 338
    size   3 : 306
    size   4 : 238
    size   5 : 94
    size   6 : 53
    size   7 : 27
    size   8 : 16
    size   9 : 14
    size  10 : 4
    size  11 : 9
    size  12 : 7
    size  14 : 3
    size  15 : 2
    size  16 : 2
    size  18 : 1
    size  20 : 1
    size  21 : 1
    size  23 : 1
    size  27 : 1
    size  31 : 1
    size  39 : 1

[Truth Clusters]  (../truthABCgoodDQ.txt)
  total                    = 2183
  size  min / max          = 1 / 6
  size  mean / median      = 2.29 / 2
  size distribution (size: count):
    size   1 : 741
    size   2 : 597
    size   3 : 440
    size   4 : 298
    size   5 : 89
    size   6 : 18

[Distribution Match]
  cluster count diff       = -346  (predicted - truth)
  size-distribution L1     = 608

[Pair-based Metrics]
  TP                       = 4067
  FP                       = 6094
  FN                       = 798
  Linked Pairs (L)         = 10161
  Expected Pairs (E)       = 4865
  Precision                = 0.4003
  Recall                   = 0.836
  F1                       = 0.5413

[Timings (seconds)]
  recursive                = 0.985
  filter                   = 0.133
  cluster                  = 0.323

========================================================================
