# group=J_pair_sim_w config_id=psw=0.25
# label=pair_sim_weight=0.25
# cmd=/usr/local/bin/python recursive_algo1_2_v2.py --input ../S8P.txt --truth-dir .. --clusters-json /home/user/blockingandEmbeddinginER/RESULTS/runs/J_pair_sim_w/psw=0.25/clusters.json --arcs-pair-sim-weight 0.25

Starting...
Loaded 1000 records
Replaced non-word characters with spaces in extracted tokens
Built token frequency dict with 3942 unique tokens
Stop-word removal: dropped 20 tokens with freq > 60
  Examples: ['CA', 'FL', 'BOX', 'APT', 'TX', 'PO', 'L', 'DR', 'ST', 'A', 'E', 'AVE', 'C', 'M', 'W']
Rebuilt token frequency dict: 3922 unique tokens remain

DF distribution percentiles (post-cleanup):
  p50=1, p90=5, p95=7, p99=17
Record-length percentiles (distinct tokens, post-cleanup):
  p50=9, p90=12, p95=13, p99=15
init_df_max derived from percentile 0.95: 7
[legacy] Mode token length: 8
[legacy] stop_k = floor(0.6 * 8) = 4
[diagnostic] Legacy heuristic stop_k(factor=0.6) = 4 (not used unless --stop-k* given)

Resolved parameters:
  init_df_max         = 7
  max_recursion_depth = 5
  min_intra_freq      = 2
  min_blk_token_len   = 4
  exclude_numeric     = True
  min_block_size      = 2
  top_k               = 3
  filter_mode         = size
  tau                 = 0.2
  arcs_weighting      = uniform
  density_floor       = 0.0 (min_size=3)
  cluster_on          = final

Creating initial blocks...
Blocking filters: min_blk_token_len=4, exclude_numeric_blocks=True, freq window=[2, 7]
Blocking gate counters (per-record token instances):
  too_short (< 4): 1367
  numeric (excluded):                3137
  freq < 2:                          994
  freq > 7:                       1592
  kept (became block memberships):   2400
  unique blocking keys produced:     728
Initial blocks created: 728
[metrics] Auto-detected truth file: ../truthABCpoorDQ.txt

######################################################################
# RUN: merge=True, purge=True
######################################################################

--- depth=1, effective min_intra_freq=2, max_depth=5 (do_merge=True, do_purge=True) ---
Current number of blocks: 728
Calling refine_blocks with min_intra_freq=2...
refine_blocks took 0.08 seconds, produced 3477 blocks
Merging blocks...
merge_blocks took 0.02 seconds, result: 1333 blocks
Purging subset blocks...
purge_subset_blocks took 0.01 seconds, dropped 888, result: 445 blocks

--- depth=2, effective min_intra_freq=2, max_depth=5 (do_merge=True, do_purge=True) ---
Current number of blocks: 445
Calling refine_blocks with min_intra_freq=2...
refine_blocks took 0.05 seconds, produced 2085 blocks
Merging blocks...
merge_blocks took 0.01 seconds, result: 1271 blocks
Purging subset blocks...
purge_subset_blocks took 0.01 seconds, dropped 826, result: 445 blocks

--- depth=3, effective min_intra_freq=3, max_depth=5 (do_merge=True, do_purge=True) ---
Current number of blocks: 445
Calling refine_blocks with min_intra_freq=3...
refine_blocks took 0.03 seconds, produced 619 blocks
Merging blocks...
merge_blocks took 0.01 seconds, result: 752 blocks
Purging subset blocks...
purge_subset_blocks took 0.01 seconds, dropped 307, result: 445 blocks

--- depth=4, effective min_intra_freq=4, max_depth=5 (do_merge=True, do_purge=True) ---
Current number of blocks: 445
Calling refine_blocks with min_intra_freq=4...
refine_blocks took 0.02 seconds, produced 137 blocks
Merging blocks...
merge_blocks took 0.00 seconds, result: 542 blocks
Purging subset blocks...
purge_subset_blocks took 0.01 seconds, dropped 97, result: 445 blocks

--- depth=5, effective min_intra_freq=5, max_depth=5 (do_merge=True, do_purge=True) ---
Current number of blocks: 445
Calling refine_blocks with min_intra_freq=5...
refine_blocks took 0.02 seconds, produced 31 blocks
Merging blocks...
merge_blocks took 0.00 seconds, result: 475 blocks
Purging subset blocks...
purge_subset_blocks took 0.00 seconds, dropped 30, result: 445 blocks

--- depth=6, effective min_intra_freq=6, max_depth=5 (do_merge=True, do_purge=True) ---
Current number of blocks: 445
Stopping: depth > max_recursion_depth

Peak block count during recursion: 728 (at depth=0)
Clustering on FINAL snapshot (445 blocks)

Building ARCS weighted graph (weighting=uniform)...
  [pair similarity] pair_sim_weight=0.25: each pair's ARCS contribution scaled by shared_tokens / (|A| + |B| - shared_tokens)
  Graph built in 0.06s — 2595 edges
  ARCS edge-weight histogram (2595 edges, range [0.1085, 0.7118]):
    [0.1085, 0.1688): 1522
    [0.1688, 0.2291): 460
    [0.2291, 0.2895): 223
    [0.2895, 0.3498): 141
    [0.3498, 0.4101): 134
    [0.4101, 0.4705): 75
    [0.4705, 0.5308): 21
    [0.5308, 0.5911): 12
    [0.5911, 0.6515): 5
    [0.6515, 0.7118): 2
  Edges kept (weight >= 0.2): 716 / 2595
  Clusters (pre-density): 186 multi-record, 303 singletons
  Wrote 489 clusters to /home/user/blockingandEmbeddinginER/RESULTS/runs/J_pair_sim_w/psw=0.25/clusters_m1_p1.json
  Wrote metrics JSON to /home/user/blockingandEmbeddinginER/RESULTS/runs/J_pair_sim_w/psw=0.25/clusters_m1_p1.metrics.json
  Wrote metrics log  to /home/user/blockingandEmbeddinginER/RESULTS/runs/J_pair_sim_w/psw=0.25/clusters_m1_p1.metrics.log

######################################################################
# RUN: merge=True, purge=False
######################################################################

--- depth=1, effective min_intra_freq=2, max_depth=5 (do_merge=True, do_purge=False) ---
Current number of blocks: 728
Calling refine_blocks with min_intra_freq=2...
refine_blocks took 0.08 seconds, produced 3477 blocks
Merging blocks...
merge_blocks took 0.02 seconds, result: 1333 blocks
Skipping purge_subset_blocks (do_purge=False)

--- depth=2, effective min_intra_freq=2, max_depth=5 (do_merge=True, do_purge=False) ---
Current number of blocks: 1333
Calling refine_blocks with min_intra_freq=2...
refine_blocks took 0.09 seconds, produced 3633 blocks
Merging blocks...
merge_blocks took 0.02 seconds, result: 1367 blocks
Skipping purge_subset_blocks (do_purge=False)

--- depth=3, effective min_intra_freq=3, max_depth=5 (do_merge=True, do_purge=False) ---
Current number of blocks: 1367
Calling refine_blocks with min_intra_freq=3...
refine_blocks took 0.05 seconds, produced 743 blocks
Merging blocks...
merge_blocks took 0.01 seconds, result: 1367 blocks
Skipping purge_subset_blocks (do_purge=False)

--- depth=4, effective min_intra_freq=4, max_depth=5 (do_merge=True, do_purge=False) ---
Current number of blocks: 1367
Calling refine_blocks with min_intra_freq=4...
refine_blocks took 0.04 seconds, produced 150 blocks
Merging blocks...
merge_blocks took 0.01 seconds, result: 1367 blocks
Skipping purge_subset_blocks (do_purge=False)

--- depth=5, effective min_intra_freq=5, max_depth=5 (do_merge=True, do_purge=False) ---
Current number of blocks: 1367
Calling refine_blocks with min_intra_freq=5...
refine_blocks took 0.04 seconds, produced 31 blocks
Merging blocks...
merge_blocks took 0.02 seconds, result: 1367 blocks
Skipping purge_subset_blocks (do_purge=False)

--- depth=6, effective min_intra_freq=6, max_depth=5 (do_merge=True, do_purge=False) ---
Current number of blocks: 1367
Stopping: depth > max_recursion_depth

Peak block count during recursion: 1367 (at depth=2)
Clustering on FINAL snapshot (1367 blocks)

Building ARCS weighted graph (weighting=uniform)...
  [pair similarity] pair_sim_weight=0.25: each pair's ARCS contribution scaled by shared_tokens / (|A| + |B| - shared_tokens)
  Graph built in 0.05s — 1282 edges
  ARCS edge-weight histogram (1282 edges, range [0.1521, 1.4062]):
    [0.1521, 0.2775): 351
    [0.2775, 0.4029): 361
    [0.4029, 0.5283): 315
    [0.5283, 0.6538): 51
    [0.6538, 0.7792): 140
    [0.7792, 0.9046): 44
    [0.9046, 1.0300): 7
    [1.0300, 1.1554): 11
    [1.1554, 1.2808): 1
    [1.2808, 1.4063): 1
  Edges kept (weight >= 0.2): 1161 / 1282
  Clusters (pre-density): 112 multi-record, 49 singletons
  Wrote 161 clusters to /home/user/blockingandEmbeddinginER/RESULTS/runs/J_pair_sim_w/psw=0.25/clusters_m1_p0.json
  Wrote metrics JSON to /home/user/blockingandEmbeddinginER/RESULTS/runs/J_pair_sim_w/psw=0.25/clusters_m1_p0.metrics.json
  Wrote metrics log  to /home/user/blockingandEmbeddinginER/RESULTS/runs/J_pair_sim_w/psw=0.25/clusters_m1_p0.metrics.log

######################################################################
# RUN: merge=False, purge=True
######################################################################

--- depth=1, effective min_intra_freq=2, max_depth=5 (do_merge=False, do_purge=True) ---
Current number of blocks: 728
Calling refine_blocks with min_intra_freq=2...
refine_blocks took 0.08 seconds, produced 3477 blocks
Skipping merge_blocks (do_merge=False); naive concat...
  result: 4205 blocks
Purging subset blocks...
purge_subset_blocks took 0.04 seconds, dropped 3760, result: 445 blocks

--- depth=2, effective min_intra_freq=2, max_depth=5 (do_merge=False, do_purge=True) ---
Current number of blocks: 445
Calling refine_blocks with min_intra_freq=2...
refine_blocks took 0.06 seconds, produced 2542 blocks
Skipping merge_blocks (do_merge=False); naive concat...
  result: 2987 blocks
Purging subset blocks...
purge_subset_blocks took 0.03 seconds, dropped 2542, result: 445 blocks

--- depth=3, effective min_intra_freq=3, max_depth=5 (do_merge=False, do_purge=True) ---
Current number of blocks: 445
Calling refine_blocks with min_intra_freq=3...
refine_blocks took 0.04 seconds, produced 870 blocks
Skipping merge_blocks (do_merge=False); naive concat...
  result: 1315 blocks
Purging subset blocks...
purge_subset_blocks took 0.01 seconds, dropped 870, result: 445 blocks

--- depth=4, effective min_intra_freq=4, max_depth=5 (do_merge=False, do_purge=True) ---
Current number of blocks: 445
Calling refine_blocks with min_intra_freq=4...
refine_blocks took 0.02 seconds, produced 230 blocks
Skipping merge_blocks (do_merge=False); naive concat...
  result: 675 blocks
Purging subset blocks...
purge_subset_blocks took 0.01 seconds, dropped 230, result: 445 blocks

--- depth=5, effective min_intra_freq=5, max_depth=5 (do_merge=False, do_purge=True) ---
Current number of blocks: 445
Calling refine_blocks with min_intra_freq=5...
refine_blocks took 0.02 seconds, produced 88 blocks
Skipping merge_blocks (do_merge=False); naive concat...
  result: 533 blocks
Purging subset blocks...
purge_subset_blocks took 0.01 seconds, dropped 88, result: 445 blocks

--- depth=6, effective min_intra_freq=6, max_depth=5 (do_merge=False, do_purge=True) ---
Current number of blocks: 445
Stopping: depth > max_recursion_depth

Peak block count during recursion: 728 (at depth=0)
Clustering on FINAL snapshot (445 blocks)

Building ARCS weighted graph (weighting=uniform)...
  [pair similarity] pair_sim_weight=0.25: each pair's ARCS contribution scaled by shared_tokens / (|A| + |B| - shared_tokens)
  Graph built in 0.06s — 2595 edges
  ARCS edge-weight histogram (2595 edges, range [0.1085, 0.7118]):
    [0.1085, 0.1688): 1522
    [0.1688, 0.2291): 460
    [0.2291, 0.2895): 223
    [0.2895, 0.3498): 141
    [0.3498, 0.4101): 134
    [0.4101, 0.4705): 75
    [0.4705, 0.5308): 21
    [0.5308, 0.5911): 12
    [0.5911, 0.6515): 5
    [0.6515, 0.7118): 2
  Edges kept (weight >= 0.2): 716 / 2595
  Clusters (pre-density): 186 multi-record, 303 singletons
  Wrote 489 clusters to /home/user/blockingandEmbeddinginER/RESULTS/runs/J_pair_sim_w/psw=0.25/clusters_m0_p1.json
  Wrote metrics JSON to /home/user/blockingandEmbeddinginER/RESULTS/runs/J_pair_sim_w/psw=0.25/clusters_m0_p1.metrics.json
  Wrote metrics log  to /home/user/blockingandEmbeddinginER/RESULTS/runs/J_pair_sim_w/psw=0.25/clusters_m0_p1.metrics.log

######################################################################
# RUN: merge=False, purge=False
######################################################################

--- depth=1, effective min_intra_freq=2, max_depth=5 (do_merge=False, do_purge=False) ---
Current number of blocks: 728
Calling refine_blocks with min_intra_freq=2...
refine_blocks took 0.08 seconds, produced 3477 blocks
Skipping merge_blocks (do_merge=False); naive concat...
  result: 4205 blocks
Skipping purge_subset_blocks (do_purge=False)

--- depth=2, effective min_intra_freq=2, max_depth=5 (do_merge=False, do_purge=False) ---
Current number of blocks: 4205
Calling refine_blocks with min_intra_freq=2...
refine_blocks took 0.35 seconds, produced 10203 blocks
Skipping merge_blocks (do_merge=False); naive concat...
  result: 10931 blocks
Skipping purge_subset_blocks (do_purge=False)

--- depth=3, effective min_intra_freq=3, max_depth=5 (do_merge=False, do_purge=False) ---
Current number of blocks: 10931
Calling refine_blocks with min_intra_freq=3...
refine_blocks took 0.40 seconds, produced 4059 blocks
Skipping merge_blocks (do_merge=False); naive concat...
  result: 12277 blocks
Skipping purge_subset_blocks (do_purge=False)

--- depth=4, effective min_intra_freq=4, max_depth=5 (do_merge=False, do_purge=False) ---
Current number of blocks: 12277
Calling refine_blocks with min_intra_freq=4...
refine_blocks took 0.30 seconds, produced 803 blocks
Skipping merge_blocks (do_merge=False); naive concat...
  result: 12363 blocks
Skipping purge_subset_blocks (do_purge=False)

--- depth=5, effective min_intra_freq=5, max_depth=5 (do_merge=False, do_purge=False) ---
Current number of blocks: 12363
Calling refine_blocks with min_intra_freq=5...
refine_blocks took 0.26 seconds, produced 201 blocks
Skipping merge_blocks (do_merge=False); naive concat...
  result: 12364 blocks
Skipping purge_subset_blocks (do_purge=False)

--- depth=6, effective min_intra_freq=6, max_depth=5 (do_merge=False, do_purge=False) ---
Current number of blocks: 12364
Stopping: depth > max_recursion_depth

Peak block count during recursion: 12364 (at depth=5)
Clustering on FINAL snapshot (12364 blocks)

Building ARCS weighted graph (weighting=uniform)...
  [pair similarity] pair_sim_weight=0.25: each pair's ARCS contribution scaled by shared_tokens / (|A| + |B| - shared_tokens)
  Graph built in 0.04s — 566 edges
  ARCS edge-weight histogram (566 edges, range [0.2546, 1.5000]):
    [0.2546, 0.3792): 17
    [0.3792, 0.5037): 239
    [0.5037, 0.6282): 10
    [0.6282, 0.7528): 4
    [0.7528, 0.8773): 90
    [0.8773, 1.0019): 62
    [1.0019, 1.1264): 2
    [1.1264, 1.2509): 20
    [1.2509, 1.3755): 95
    [1.3755, 1.5000): 27
  Edges kept (weight >= 0.2): 566 / 566
  Clusters (pre-density): 301 multi-record, 158 singletons
  Wrote 459 clusters to /home/user/blockingandEmbeddinginER/RESULTS/runs/J_pair_sim_w/psw=0.25/clusters_m0_p0.json
  Wrote metrics JSON to /home/user/blockingandEmbeddinginER/RESULTS/runs/J_pair_sim_w/psw=0.25/clusters_m0_p0.metrics.json
  Wrote metrics log  to /home/user/blockingandEmbeddinginER/RESULTS/runs/J_pair_sim_w/psw=0.25/clusters_m0_p0.metrics.log


==============================================================================================================
ABLATION SUMMARY
mode=default, init_df_max=7, max_recursion_depth=5, min_intra_freq=2, tau=0.2, top_k=3, filter_mode=size, min_block_size=2, arcs_weighting=uniform, density_floor=0.0, cluster_on=final
==============================================================================================================
merge purge  blks(rec)   pairs(rec)  blks(flt)   pairs(flt)  clusters  multi  single  t_rec(s)  t_flt(s)  t_clu(s)  peak(MB)
--------------------------------------------------------------------------------------------------------------
    T     T        445         2996        436         2888       489    186     303      0.29      0.02      0.07      72.0
    T     F       1367         4980       1041         1608       161    112      49      0.39      0.04      0.06      75.8
    F     T        445         2996        436         2888       489    186     303      0.32      0.02      0.07      71.8
    F     F      12364        26984        983         1027       459    301     158      1.40      0.18      0.04      75.1
==============================================================================================================
