========================================================================
  RUN METRICS
========================================================================

[Configuration]
  blocking_mode            = default
  do_merge                 = False
  do_purge                 = True
  max_recursion_depth      = 5
  min_intra_freq           = 2
  top_k                    = 3
  tau                      = 0.2
  min_block_size           = 2
  filter_mode              = size
  weight_size              = 0.0
  weight_shared            = 0.0
  weight_tokenlen          = 0.0
  cluster_on               = final
  arcs_weighting           = idf
  density_floor            = 0.0
  density_min_size         = 3
  arcs_factors             = {'length_weight': 0.0, 'numeric_factor': 1.0, 'word_factor': 1.0, 'density_weight': 0.0, 'density_sample_cap': 200, 'pair_sim_weight': 1.0}

[Records]
  total                    = 5000
  unique                   = 5000

[Predicted Clusters]
  total                    = 1900
  multi-record             = 1127
  singletons               = 773
  size  min / max          = 1 / 19
  size  mean / median      = 2.632 / 2.0
  size distribution (size: count):
    size   1 : 773
    size   2 : 323
    size   3 : 290
    size   4 : 243
    size   5 : 124
    size   6 : 61
    size   7 : 35
    size   8 : 16
    size   9 : 16
    size  10 : 4
    size  11 : 5
    size  12 : 5
    size  14 : 2
    size  17 : 2
    size  19 : 1

[Truth Clusters]  (../truthABCgoodDQ.txt)
  total                    = 2183
  size  min / max          = 1 / 6
  size  mean / median      = 2.29 / 2
  size distribution (size: count):
    size   1 : 741
    size   2 : 597
    size   3 : 440
    size   4 : 298
    size   5 : 89
    size   6 : 18

[Distribution Match]
  cluster count diff       = -283  (predicted - truth)
  size-distribution L1     = 675

[Pair-based Metrics]
  TP                       = 4105
  FP                       = 3870
  FN                       = 760
  Linked Pairs (L)         = 7975
  Expected Pairs (E)       = 4865
  Precision                = 0.5147
  Recall                   = 0.8438
  F1                       = 0.6394

[Timings (seconds)]
  recursive                = 0.985
  filter                   = 0.075
  cluster                  = 0.326

========================================================================
