========================================================================
  RUN METRICS
========================================================================

[Configuration]
  blocking_mode            = default
  do_merge                 = False
  do_purge                 = False
  max_recursion_depth      = 5
  min_intra_freq           = 2
  top_k                    = 3
  tau                      = 0.2
  min_block_size           = 2
  filter_mode              = size
  weight_size              = 0.0
  weight_shared            = 0.0
  weight_tokenlen          = 0.0
  cluster_on               = final
  arcs_weighting           = idf
  density_floor            = 0.0
  density_min_size         = 3
  arcs_factors             = {'length_weight': 0.0, 'numeric_factor': 1.0, 'word_factor': 1.0, 'density_weight': 0.0, 'density_sample_cap': 200, 'pair_sim_weight': 1.0}

[Records]
  total                    = 5000
  unique                   = 5000

[Predicted Clusters]
  total                    = 2851
  multi-record             = 1591
  singletons               = 1260
  size  min / max          = 1 / 11
  size  mean / median      = 1.754 / 2
  size distribution (size: count):
    size   1 : 1260
    size   2 : 1199
    size   3 : 292
    size   4 : 66
    size   5 : 19
    size   6 : 6
    size   7 : 5
    size   8 : 2
    size   9 : 1
    size  11 : 1

[Truth Clusters]  (../truthABCgoodDQ.txt)
  total                    = 2183
  size  min / max          = 1 / 6
  size  mean / median      = 2.29 / 2
  size distribution (size: count):
    size   1 : 741
    size   2 : 597
    size   3 : 440
    size   4 : 298
    size   5 : 89
    size   6 : 18

[Distribution Match]
  cluster count diff       = 668  (predicted - truth)
  size-distribution L1     = 1592

[Pair-based Metrics]
  TP                       = 2258
  FP                       = 745
  FN                       = 2607
  Linked Pairs (L)         = 3003
  Expected Pairs (E)       = 4865
  Precision                = 0.7519
  Recall                   = 0.4641
  F1                       = 0.574

[Timings (seconds)]
  recursive                = 3.435
  filter                   = 0.532
  cluster                  = 0.226

========================================================================
