========================================================================
  RUN METRICS
========================================================================

[Configuration]
  blocking_mode            = default
  do_merge                 = True
  do_purge                 = False
  max_recursion_depth      = 5
  min_intra_freq           = 2
  top_k                    = 3
  tau                      = 0.2
  min_block_size           = 2
  filter_mode              = size
  weight_size              = 0.0
  weight_shared            = 0.0
  weight_tokenlen          = 0.0
  cluster_on               = final
  arcs_weighting           = idf
  density_floor            = 0.0
  density_min_size         = 3
  arcs_factors             = {'length_weight': 0.0, 'numeric_factor': 1.0, 'word_factor': 1.0, 'density_weight': 0.0, 'density_sample_cap': 200, 'pair_sim_weight': 1.0}

[Records]
  total                    = 5000
  unique                   = 5000

[Predicted Clusters]
  total                    = 1698
  multi-record             = 1029
  singletons               = 669
  size  min / max          = 1 / 31
  size  mean / median      = 2.945 / 2.0
  size distribution (size: count):
    size   1 : 669
    size   2 : 276
    size   3 : 251
    size   4 : 193
    size   5 : 117
    size   6 : 65
    size   7 : 37
    size   8 : 25
    size   9 : 23
    size  10 : 3
    size  11 : 8
    size  12 : 8
    size  13 : 3
    size  14 : 5
    size  15 : 1
    size  16 : 5
    size  17 : 2
    size  18 : 1
    size  19 : 1
    size  20 : 1
    size  23 : 1
    size  25 : 2
    size  31 : 1

[Truth Clusters]  (../truthABCgoodDQ.txt)
  total                    = 2183
  size  min / max          = 1 / 6
  size  mean / median      = 2.29 / 2
  size distribution (size: count):
    size   1 : 741
    size   2 : 597
    size   3 : 440
    size   4 : 298
    size   5 : 89
    size   6 : 18

[Distribution Match]
  cluster count diff       = -485  (predicted - truth)
  size-distribution L1     = 889

[Pair-based Metrics]
  TP                       = 4146
  FP                       = 7092
  FN                       = 719
  Linked Pairs (L)         = 11238
  Expected Pairs (E)       = 4865
  Precision                = 0.3689
  Recall                   = 0.8522
  F1                       = 0.5149

[Timings (seconds)]
  recursive                = 1.001
  filter                   = 0.131
  cluster                  = 0.399

========================================================================
