========================================================================
  RUN METRICS
========================================================================

[Configuration]
  blocking_mode            = default
  do_merge                 = False
  do_purge                 = True
  max_recursion_depth      = 5
  min_intra_freq           = 2
  top_k                    = 3
  tau                      = 0.2
  min_block_size           = 2
  filter_mode              = size
  weight_size              = 0.0
  weight_shared            = 0.0
  weight_tokenlen          = 0.0
  cluster_on               = final
  arcs_weighting           = uniform
  density_floor            = 0.0
  density_min_size         = 3
  arcs_factors             = {'length_weight': 0.0, 'numeric_factor': 1.0, 'word_factor': 1.0, 'density_weight': 0.0, 'density_sample_cap': 200, 'pair_sim_weight': 0.0}

[Records]
  total                    = 3004
  unique                   = 3004

[Predicted Clusters]
  total                    = 1272
  multi-record             = 447
  singletons               = 825
  size  min / max          = 1 / 162
  size  mean / median      = 2.362 / 1.0
  size distribution (size: count):
    size   1 : 825
    size   2 : 152
    size   3 : 116
    size   4 : 52
    size   5 : 48
    size   6 : 20
    size   7 : 13
    size   8 : 7
    size   9 : 5
    size  10 : 6
    size  11 : 4
    size  12 : 3
    size  13 : 6
    size  14 : 1
    size  15 : 3
    size  16 : 3
    size  17 : 1
    size  18 : 1
    size  26 : 1
    size  29 : 1
    size  40 : 1
    size  51 : 1
    size  99 : 1
    size 162 : 1

[Truth Clusters]  (../truthABCgoodDQ.txt)
  total                    = 1877
  size  min / max          = 1 / 6
  size  mean / median      = 1.6 / 1
  size distribution (size: count):
    size   1 : 1076
    size   2 : 538
    size   3 : 209
    size   4 : 46
    size   5 : 7
    size   6 : 1

[Distribution Match]
  cluster count diff       = -605  (predicted - truth)
  size-distribution L1     = 855

[Pair-based Metrics]
  TP                       = 1065
  FP                       = 24065
  FN                       = 461
  Linked Pairs (L)         = 25130
  Expected Pairs (E)       = 1526
  Precision                = 0.0424
  Recall                   = 0.6979
  F1                       = 0.0799

[Timings (seconds)]
  recursive                = 0.711
  filter                   = 0.068
  cluster                  = 0.122

========================================================================
