# group=J_pair_sim_w config_id=psw=0.0
# label=pair_sim_weight=0.0
# cmd=/usr/local/bin/python3 recursive_algo1_2_v2.py --input ../S2G.txt --truth-dir .. --clusters-json /home/user/blockingandEmbeddinginER/RESULTS/runs/J_pair_sim_w/psw=0.0/clusters.json --arcs-pair-sim-weight 0.0

Starting...
Loaded 100 records
Replaced non-word characters with spaces in extracted tokens
Built token frequency dict with 352 unique tokens
Stop-word removal: dropped 3 tokens with freq > 60
  Examples: ['NC', 'WINSTON', 'SALEM']
Rebuilt token frequency dict: 349 unique tokens remain

DF distribution percentiles (post-cleanup):
  p50=2, p90=4, p95=6, p99=17
Record-length percentiles (distinct tokens, post-cleanup):
  p50=8, p90=10, p95=10, p99=12
init_df_max derived from percentile 0.95: 6
[legacy] Mode token length: 8
[legacy] stop_k = floor(0.6 * 8) = 4
[diagnostic] Legacy heuristic stop_k(factor=0.6) = 4 (not used unless --stop-k* given)

Resolved parameters:
  init_df_max         = 6
  max_recursion_depth = 5
  min_intra_freq      = 2
  min_blk_token_len   = 4
  exclude_numeric     = True
  min_block_size      = 2
  top_k               = 3
  filter_mode         = size
  tau                 = 0.2
  arcs_weighting      = uniform
  density_floor       = 0.0 (min_size=3)
  cluster_on          = final

Creating initial blocks...
Blocking filters: min_blk_token_len=4, exclude_numeric_blocks=True, freq window=[2, 6]
Blocking gate counters (per-record token instances):
  too_short (< 4): 158
  numeric (excluded):                272
  freq < 2:                          88
  freq > 6:                       87
  kept (became block memberships):   256
  unique blocking keys produced:     95
Initial blocks created: 95
[metrics] Auto-detected truth file: ../truthABCgoodDQ.txt

######################################################################
# RUN: merge=True, purge=True
######################################################################

--- depth=1, effective min_intra_freq=2, max_depth=5 (do_merge=True, do_purge=True) ---
Current number of blocks: 95
Calling refine_blocks with min_intra_freq=2...
refine_blocks took 0.02 seconds, produced 566 blocks
Merging blocks...
merge_blocks took 0.00 seconds, result: 76 blocks
Purging subset blocks...
purge_subset_blocks took 0.00 seconds, dropped 39, result: 37 blocks

--- depth=2, effective min_intra_freq=2, max_depth=5 (do_merge=True, do_purge=True) ---
Current number of blocks: 37
Calling refine_blocks with min_intra_freq=2...
refine_blocks took 0.00 seconds, produced 155 blocks
Merging blocks...
merge_blocks took 0.00 seconds, result: 73 blocks
Purging subset blocks...
purge_subset_blocks took 0.00 seconds, dropped 36, result: 37 blocks

--- depth=3, effective min_intra_freq=3, max_depth=5 (do_merge=True, do_purge=True) ---
Current number of blocks: 37
Calling refine_blocks with min_intra_freq=3...
refine_blocks took 0.00 seconds, produced 55 blocks
Merging blocks...
merge_blocks took 0.00 seconds, result: 50 blocks
Purging subset blocks...
purge_subset_blocks took 0.00 seconds, dropped 13, result: 37 blocks

--- depth=4, effective min_intra_freq=4, max_depth=5 (do_merge=True, do_purge=True) ---
Current number of blocks: 37
Calling refine_blocks with min_intra_freq=4...
refine_blocks took 0.00 seconds, produced 10 blocks
Merging blocks...
merge_blocks took 0.00 seconds, result: 43 blocks
Purging subset blocks...
purge_subset_blocks took 0.00 seconds, dropped 6, result: 37 blocks

--- depth=5, effective min_intra_freq=5, max_depth=5 (do_merge=True, do_purge=True) ---
Current number of blocks: 37
Calling refine_blocks with min_intra_freq=5...
refine_blocks took 0.00 seconds, produced 2 blocks
Merging blocks...
merge_blocks took 0.00 seconds, result: 39 blocks
Purging subset blocks...
purge_subset_blocks took 0.00 seconds, dropped 2, result: 37 blocks

--- depth=6, effective min_intra_freq=6, max_depth=5 (do_merge=True, do_purge=True) ---
Current number of blocks: 37
Stopping: depth > max_recursion_depth

Peak block count during recursion: 95 (at depth=0)
Clustering on FINAL snapshot (37 blocks)

Building ARCS weighted graph (weighting=uniform)...
  Graph built in 0.00s — 144 edges
  ARCS edge-weight histogram (144 edges, range [0.1667, 0.9167]):
    [0.1667, 0.2417): 48
    [0.2417, 0.3167): 42
    [0.3167, 0.3917): 33
    [0.3917, 0.4667): 1
    [0.4667, 0.5417): 15
    [0.5417, 0.6167): 4
    [0.6167, 0.6917): 0
    [0.6917, 0.7667): 0
    [0.7667, 0.8417): 0
    [0.8417, 0.9167): 1
  Edges kept (weight >= 0.2): 103 / 144
  Clusters (pre-density): 22 multi-record, 19 singletons
  Wrote 41 clusters to /home/user/blockingandEmbeddinginER/RESULTS/runs/J_pair_sim_w/psw=0.0/clusters_m1_p1.json
  Wrote metrics JSON to /home/user/blockingandEmbeddinginER/RESULTS/runs/J_pair_sim_w/psw=0.0/clusters_m1_p1.metrics.json
  Wrote metrics log  to /home/user/blockingandEmbeddinginER/RESULTS/runs/J_pair_sim_w/psw=0.0/clusters_m1_p1.metrics.log

######################################################################
# RUN: merge=True, purge=False
######################################################################

--- depth=1, effective min_intra_freq=2, max_depth=5 (do_merge=True, do_purge=False) ---
Current number of blocks: 95
Calling refine_blocks with min_intra_freq=2...
refine_blocks took 0.02 seconds, produced 566 blocks
Merging blocks...
merge_blocks took 0.00 seconds, result: 76 blocks
Skipping purge_subset_blocks (do_purge=False)

--- depth=2, effective min_intra_freq=2, max_depth=5 (do_merge=True, do_purge=False) ---
Current number of blocks: 76
Calling refine_blocks with min_intra_freq=2...
refine_blocks took 0.01 seconds, produced 234 blocks
Merging blocks...
merge_blocks took 0.00 seconds, result: 77 blocks
Skipping purge_subset_blocks (do_purge=False)

--- depth=3, effective min_intra_freq=3, max_depth=5 (do_merge=True, do_purge=False) ---
Current number of blocks: 77
Calling refine_blocks with min_intra_freq=3...
refine_blocks took 0.00 seconds, produced 74 blocks
Merging blocks...
merge_blocks took 0.00 seconds, result: 77 blocks
Skipping purge_subset_blocks (do_purge=False)

--- depth=4, effective min_intra_freq=4, max_depth=5 (do_merge=True, do_purge=False) ---
Current number of blocks: 77
Calling refine_blocks with min_intra_freq=4...
refine_blocks took 0.00 seconds, produced 10 blocks
Merging blocks...
merge_blocks took 0.00 seconds, result: 77 blocks
Skipping purge_subset_blocks (do_purge=False)

--- depth=5, effective min_intra_freq=5, max_depth=5 (do_merge=True, do_purge=False) ---
Current number of blocks: 77
Calling refine_blocks with min_intra_freq=5...
refine_blocks took 0.00 seconds, produced 2 blocks
Merging blocks...
merge_blocks took 0.00 seconds, result: 77 blocks
Skipping purge_subset_blocks (do_purge=False)

--- depth=6, effective min_intra_freq=6, max_depth=5 (do_merge=True, do_purge=False) ---
Current number of blocks: 77
Stopping: depth > max_recursion_depth

Peak block count during recursion: 95 (at depth=0)
Clustering on FINAL snapshot (77 blocks)

Building ARCS weighted graph (weighting=uniform)...
  Graph built in 0.00s — 111 edges
  ARCS edge-weight histogram (111 edges, range [0.2500, 1.5000]):
    [0.2500, 0.3750): 55
    [0.3750, 0.5000): 0
    [0.5000, 0.6250): 33
    [0.6250, 0.7500): 0
    [0.7500, 0.8750): 14
    [0.8750, 1.0000): 0
    [1.0000, 1.1250): 6
    [1.1250, 1.2500): 1
    [1.2500, 1.3750): 1
    [1.3750, 1.5000): 1
  Edges kept (weight >= 0.2): 111 / 111
  Clusters (pre-density): 22 multi-record, 10 singletons
  Wrote 32 clusters to /home/user/blockingandEmbeddinginER/RESULTS/runs/J_pair_sim_w/psw=0.0/clusters_m1_p0.json
  Wrote metrics JSON to /home/user/blockingandEmbeddinginER/RESULTS/runs/J_pair_sim_w/psw=0.0/clusters_m1_p0.metrics.json
  Wrote metrics log  to /home/user/blockingandEmbeddinginER/RESULTS/runs/J_pair_sim_w/psw=0.0/clusters_m1_p0.metrics.log

######################################################################
# RUN: merge=False, purge=True
######################################################################

--- depth=1, effective min_intra_freq=2, max_depth=5 (do_merge=False, do_purge=True) ---
Current number of blocks: 95
Calling refine_blocks with min_intra_freq=2...
refine_blocks took 0.01 seconds, produced 566 blocks
Skipping merge_blocks (do_merge=False); naive concat...
  result: 661 blocks
Purging subset blocks...
purge_subset_blocks took 0.01 seconds, dropped 624, result: 37 blocks

--- depth=2, effective min_intra_freq=2, max_depth=5 (do_merge=False, do_purge=True) ---
Current number of blocks: 37
Calling refine_blocks with min_intra_freq=2...
refine_blocks took 0.01 seconds, produced 258 blocks
Skipping merge_blocks (do_merge=False); naive concat...
  result: 295 blocks
Purging subset blocks...
purge_subset_blocks took 0.00 seconds, dropped 258, result: 37 blocks

--- depth=3, effective min_intra_freq=3, max_depth=5 (do_merge=False, do_purge=True) ---
Current number of blocks: 37
Calling refine_blocks with min_intra_freq=3...
refine_blocks took 0.00 seconds, produced 106 blocks
Skipping merge_blocks (do_merge=False); naive concat...
  result: 143 blocks
Purging subset blocks...
purge_subset_blocks took 0.00 seconds, dropped 106, result: 37 blocks

--- depth=4, effective min_intra_freq=4, max_depth=5 (do_merge=False, do_purge=True) ---
Current number of blocks: 37
Calling refine_blocks with min_intra_freq=4...
refine_blocks took 0.00 seconds, produced 25 blocks
Skipping merge_blocks (do_merge=False); naive concat...
  result: 62 blocks
Purging subset blocks...
purge_subset_blocks took 0.00 seconds, dropped 25, result: 37 blocks

--- depth=5, effective min_intra_freq=5, max_depth=5 (do_merge=False, do_purge=True) ---
Current number of blocks: 37
Calling refine_blocks with min_intra_freq=5...
refine_blocks took 0.00 seconds, produced 6 blocks
Skipping merge_blocks (do_merge=False); naive concat...
  result: 43 blocks
Purging subset blocks...
purge_subset_blocks took 0.00 seconds, dropped 6, result: 37 blocks

--- depth=6, effective min_intra_freq=6, max_depth=5 (do_merge=False, do_purge=True) ---
Current number of blocks: 37
Stopping: depth > max_recursion_depth

Peak block count during recursion: 95 (at depth=0)
Clustering on FINAL snapshot (37 blocks)

Building ARCS weighted graph (weighting=uniform)...
  Graph built in 0.00s — 144 edges
  ARCS edge-weight histogram (144 edges, range [0.1667, 0.9167]):
    [0.1667, 0.2417): 48
    [0.2417, 0.3167): 42
    [0.3167, 0.3917): 33
    [0.3917, 0.4667): 1
    [0.4667, 0.5417): 15
    [0.5417, 0.6167): 4
    [0.6167, 0.6917): 0
    [0.6917, 0.7667): 0
    [0.7667, 0.8417): 0
    [0.8417, 0.9167): 1
  Edges kept (weight >= 0.2): 103 / 144
  Clusters (pre-density): 22 multi-record, 19 singletons
  Wrote 41 clusters to /home/user/blockingandEmbeddinginER/RESULTS/runs/J_pair_sim_w/psw=0.0/clusters_m0_p1.json
  Wrote metrics JSON to /home/user/blockingandEmbeddinginER/RESULTS/runs/J_pair_sim_w/psw=0.0/clusters_m0_p1.metrics.json
  Wrote metrics log  to /home/user/blockingandEmbeddinginER/RESULTS/runs/J_pair_sim_w/psw=0.0/clusters_m0_p1.metrics.log

######################################################################
# RUN: merge=False, purge=False
######################################################################

--- depth=1, effective min_intra_freq=2, max_depth=5 (do_merge=False, do_purge=False) ---
Current number of blocks: 95
Calling refine_blocks with min_intra_freq=2...
refine_blocks took 0.01 seconds, produced 566 blocks
Skipping merge_blocks (do_merge=False); naive concat...
  result: 661 blocks
Skipping purge_subset_blocks (do_purge=False)

--- depth=2, effective min_intra_freq=2, max_depth=5 (do_merge=False, do_purge=False) ---
Current number of blocks: 661
Calling refine_blocks with min_intra_freq=2...
refine_blocks took 0.09 seconds, produced 2071 blocks
Skipping merge_blocks (do_merge=False); naive concat...
  result: 2166 blocks
Skipping purge_subset_blocks (do_purge=False)

--- depth=3, effective min_intra_freq=3, max_depth=5 (do_merge=False, do_purge=False) ---
Current number of blocks: 2166
Calling refine_blocks with min_intra_freq=3...
refine_blocks took 0.13 seconds, produced 1327 blocks
Skipping merge_blocks (do_merge=False); naive concat...
  result: 2820 blocks
Skipping purge_subset_blocks (do_purge=False)

--- depth=4, effective min_intra_freq=4, max_depth=5 (do_merge=False, do_purge=False) ---
Current number of blocks: 2820
Calling refine_blocks with min_intra_freq=4...
refine_blocks took 0.07 seconds, produced 107 blocks
Skipping merge_blocks (do_merge=False); naive concat...
  result: 2829 blocks
Skipping purge_subset_blocks (do_purge=False)

--- depth=5, effective min_intra_freq=5, max_depth=5 (do_merge=False, do_purge=False) ---
Current number of blocks: 2829
Calling refine_blocks with min_intra_freq=5...
refine_blocks took 0.06 seconds, produced 18 blocks
Skipping merge_blocks (do_merge=False); naive concat...
  result: 2829 blocks
Skipping purge_subset_blocks (do_purge=False)

--- depth=6, effective min_intra_freq=6, max_depth=5 (do_merge=False, do_purge=False) ---
Current number of blocks: 2829
Stopping: depth > max_recursion_depth

Peak block count during recursion: 2829 (at depth=4)
Clustering on FINAL snapshot (2829 blocks)

Building ARCS weighted graph (weighting=uniform)...
  Graph built in 0.00s — 49 edges
  ARCS edge-weight histogram (49 edges, range [0.5000, 1.5000]):
    [0.5000, 0.6000): 9
    [0.6000, 0.7000): 0
    [0.7000, 0.8000): 0
    [0.8000, 0.9000): 0
    [0.9000, 1.0000): 0
    [1.0000, 1.1000): 20
    [1.1000, 1.2000): 0
    [1.2000, 1.3000): 0
    [1.3000, 1.4000): 0
    [1.4000, 1.5000): 20
  Edges kept (weight >= 0.2): 49 / 49
  Clusters (pre-density): 35 multi-record, 20 singletons
  Wrote 55 clusters to /home/user/blockingandEmbeddinginER/RESULTS/runs/J_pair_sim_w/psw=0.0/clusters_m0_p0.json
  Wrote metrics JSON to /home/user/blockingandEmbeddinginER/RESULTS/runs/J_pair_sim_w/psw=0.0/clusters_m0_p0.metrics.json
  Wrote metrics log  to /home/user/blockingandEmbeddinginER/RESULTS/runs/J_pair_sim_w/psw=0.0/clusters_m0_p0.metrics.log


==============================================================================================================
ABLATION SUMMARY
mode=default, init_df_max=6, max_recursion_depth=5, min_intra_freq=2, tau=0.2, top_k=3, filter_mode=size, min_block_size=2, arcs_weighting=uniform, density_floor=0.0, cluster_on=final
==============================================================================================================
merge purge  blks(rec)   pairs(rec)  blks(flt)   pairs(flt)  clusters  multi  single  t_rec(s)  t_flt(s)  t_clu(s)  peak(MB)
--------------------------------------------------------------------------------------------------------------
    T     T         37          157         37          157        41     22      19      0.04      0.00      0.00     245.9
    T     F         77          251         75          152        32     22      10      0.04      0.00      0.00     245.7
    F     T         37          157         37          157        41     22      19      0.04      0.00      0.00     245.7
    F     F       2829         6098         97          121        55     35      20      0.36      0.05      0.00     246.7
==============================================================================================================
