========================================================================
  RUN METRICS
========================================================================

[Configuration]
  blocking_mode            = default
  do_merge                 = False
  do_purge                 = False
  max_recursion_depth      = 5
  min_intra_freq           = 2
  top_k                    = 2
  tau                      = 0.2
  min_block_size           = 2
  filter_mode              = size
  weight_size              = 0.0
  weight_shared            = 0.0
  weight_tokenlen          = 0.0
  cluster_on               = final
  arcs_weighting           = uniform
  density_floor            = 0.0
  density_min_size         = 3
  arcs_factors             = {'length_weight': 0.0, 'numeric_factor': 1.0, 'word_factor': 1.0, 'density_weight': 0.0, 'density_sample_cap': 200, 'pair_sim_weight': 1.0}

[Records]
  total                    = 2912
  unique                   = 2912

[Predicted Clusters]
  total                    = 1989
  multi-record             = 797
  singletons               = 1192
  size  min / max          = 1 / 6
  size  mean / median      = 1.464 / 1
  size distribution (size: count):
    size   1 : 1192
    size   2 : 687
    size   3 : 99
    size   4 : 7
    size   5 : 3
    size   6 : 1

[Truth Clusters]  (../truthABCgoodDQ.txt)
  total                    = 1827
  size  min / max          = 1 / 6
  size  mean / median      = 1.594 / 1
  size distribution (size: count):
    size   1 : 1056
    size   2 : 516
    size   3 : 205
    size   4 : 42
    size   5 : 7
    size   6 : 1

[Distribution Match]
  cluster count diff       = 162  (predicted - truth)
  size-distribution L1     = 452

[Pair-based Metrics]
  TP                       = 966
  FP                       = 105
  FN                       = 502
  Linked Pairs (L)         = 1071
  Expected Pairs (E)       = 1468
  Precision                = 0.902
  Recall                   = 0.658
  F1                       = 0.7609

[Timings (seconds)]
  recursive                = 2.01
  filter                   = 0.37
  cluster                  = 0.103

========================================================================
