========================================================================
  RUN METRICS
========================================================================

[Configuration]
  blocking_mode            = default
  do_merge                 = False
  do_purge                 = True
  max_recursion_depth      = 5
  min_intra_freq           = 2
  top_k                    = 2
  tau                      = 0.2
  min_block_size           = 2
  filter_mode              = size
  weight_size              = 0.0
  weight_shared            = 0.0
  weight_tokenlen          = 0.0
  cluster_on               = final
  arcs_weighting           = uniform
  density_floor            = 0.0
  density_min_size         = 3
  arcs_factors             = {'length_weight': 0.0, 'numeric_factor': 1.0, 'word_factor': 1.0, 'density_weight': 0.0, 'density_sample_cap': 200, 'pair_sim_weight': 1.0}

[Records]
  total                    = 1912
  unique                   = 1912

[Predicted Clusters]
  total                    = 1423
  multi-record             = 387
  singletons               = 1036
  size  min / max          = 1 / 4
  size  mean / median      = 1.344 / 1
  size distribution (size: count):
    size   1 : 1036
    size   2 : 290
    size   3 : 92
    size   4 : 5

[Truth Clusters]  (../truthABCgoodDQ.txt)
  total                    = 1188
  size  min / max          = 1 / 6
  size  mean / median      = 1.609 / 1.0
  size distribution (size: count):
    size   1 : 678
    size   2 : 339
    size   3 : 136
    size   4 : 28
    size   5 : 6
    size   6 : 1

[Distribution Match]
  cluster count diff       = 235  (predicted - truth)
  size-distribution L1     = 481

[Pair-based Metrics]
  TP                       = 578
  FP                       = 18
  FN                       = 412
  Linked Pairs (L)         = 596
  Expected Pairs (E)       = 990
  Precision                = 0.9698
  Recall                   = 0.5838
  F1                       = 0.7289

[Timings (seconds)]
  recursive                = 0.454
  filter                   = 0.035
  cluster                  = 0.081

========================================================================
