========================================================================
  RUN METRICS
========================================================================

[Configuration]
  blocking_mode            = default
  do_merge                 = True
  do_purge                 = True
  max_recursion_depth      = 5
  min_intra_freq           = 2
  top_k                    = 2
  tau                      = 0.2
  min_block_size           = 2
  filter_mode              = size
  weight_size              = 0.0
  weight_shared            = 0.0
  weight_tokenlen          = 0.0
  cluster_on               = final
  arcs_weighting           = uniform
  density_floor            = 0.0
  density_min_size         = 3
  arcs_factors             = {'length_weight': 0.0, 'numeric_factor': 1.0, 'word_factor': 1.0, 'density_weight': 0.0, 'density_sample_cap': 200, 'pair_sim_weight': 1.0}

[Records]
  total                    = 2912
  unique                   = 2912

[Predicted Clusters]
  total                    = 2239
  multi-record             = 527
  singletons               = 1712
  size  min / max          = 1 / 5
  size  mean / median      = 1.301 / 1
  size distribution (size: count):
    size   1 : 1712
    size   2 : 393
    size   3 : 124
    size   4 : 8
    size   5 : 2

[Truth Clusters]  (../truthABCgoodDQ.txt)
  total                    = 1827
  size  min / max          = 1 / 6
  size  mean / median      = 1.594 / 1
  size distribution (size: count):
    size   1 : 1056
    size   2 : 516
    size   3 : 205
    size   4 : 42
    size   5 : 7
    size   6 : 1

[Distribution Match]
  cluster count diff       = 412  (predicted - truth)
  size-distribution L1     = 900

[Pair-based Metrics]
  TP                       = 816
  FP                       = 17
  FN                       = 652
  Linked Pairs (L)         = 833
  Expected Pairs (E)       = 1468
  Precision                = 0.9796
  Recall                   = 0.5559
  F1                       = 0.7093

[Timings (seconds)]
  recursive                = 0.5
  filter                   = 0.047
  cluster                  = 0.136

========================================================================
