# group=E_top_k config_id=k=2
# label=top_k=2
# cmd=/usr/local/bin/python3 recursive_algo1_2_v2.py --input ../S5G.txt --truth-dir .. --clusters-json /home/user/blockingandEmbeddinginER/RESULTS/runs/E_top_k/k=2/clusters.json --top-k 2

Starting...
Loaded 3004 records
Replaced non-word characters with spaces in extracted tokens
Built token frequency dict with 6789 unique tokens
Stop-word removal: dropped 40 tokens with freq > 60
  Examples: ['NC', 'SALEM', 'WINSTON', 'DR', 'RD', 'ADAMS', '27284', 'KERNERSVILLE', 'CT', '27106', 'ST', '27105', '27103', 'LN', 'ALEXANDER']
Rebuilt token frequency dict: 6749 unique tokens remain

DF distribution percentiles (post-cleanup):
  p50=2, p90=5, p95=7, p99=22
Record-length percentiles (distinct tokens, post-cleanup):
  p50=6, p90=8, p95=8, p99=10
init_df_max derived from percentile 0.95: 7
[legacy] Mode token length: 6
[legacy] stop_k = floor(0.6 * 6) = 3
[diagnostic] Legacy heuristic stop_k(factor=0.6) = 3 (not used unless --stop-k* given)

Resolved parameters:
  init_df_max         = 7
  max_recursion_depth = 5
  min_intra_freq      = 2
  min_blk_token_len   = 4
  exclude_numeric     = True
  min_block_size      = 2
  top_k               = 2
  filter_mode         = size
  tau                 = 0.2
  arcs_weighting      = uniform
  density_floor       = 0.0 (min_size=3)
  cluster_on          = final

Creating initial blocks...
Blocking filters: min_blk_token_len=4, exclude_numeric_blocks=True, freq window=[2, 7]
Blocking gate counters (per-record token instances):
  too_short (< 4): 2334
  numeric (excluded):                5343
  freq < 2:                          1440
  freq > 7:                       4217
  kept (became block memberships):   4864
  unique blocking keys produced:     1523
Initial blocks created: 1523
[metrics] Auto-detected truth file: ../truthABCgoodDQ.txt

######################################################################
# RUN: merge=True, purge=True
######################################################################

--- depth=1, effective min_intra_freq=2, max_depth=5 (do_merge=True, do_purge=True) ---
Current number of blocks: 1523
Calling refine_blocks with min_intra_freq=2...
refine_blocks took 0.18 seconds, produced 5951 blocks
Merging blocks...
merge_blocks took 0.04 seconds, result: 1873 blocks
Purging subset blocks...
purge_subset_blocks took 0.03 seconds, dropped 884, result: 989 blocks

--- depth=2, effective min_intra_freq=2, max_depth=5 (do_merge=True, do_purge=True) ---
Current number of blocks: 989
Calling refine_blocks with min_intra_freq=2...
refine_blocks took 0.10 seconds, produced 3164 blocks
Merging blocks...
merge_blocks took 0.03 seconds, result: 1862 blocks
Purging subset blocks...
purge_subset_blocks took 0.03 seconds, dropped 873, result: 989 blocks

--- depth=3, effective min_intra_freq=3, max_depth=5 (do_merge=True, do_purge=True) ---
Current number of blocks: 989
Calling refine_blocks with min_intra_freq=3...
refine_blocks took 0.06 seconds, produced 941 blocks
Merging blocks...
merge_blocks took 0.02 seconds, result: 1275 blocks
Purging subset blocks...
purge_subset_blocks took 0.02 seconds, dropped 286, result: 989 blocks

--- depth=4, effective min_intra_freq=4, max_depth=5 (do_merge=True, do_purge=True) ---
Current number of blocks: 989
Calling refine_blocks with min_intra_freq=4...
refine_blocks took 0.04 seconds, produced 184 blocks
Merging blocks...
merge_blocks took 0.01 seconds, result: 1063 blocks
Purging subset blocks...
purge_subset_blocks took 0.02 seconds, dropped 74, result: 989 blocks

--- depth=5, effective min_intra_freq=5, max_depth=5 (do_merge=True, do_purge=True) ---
Current number of blocks: 989
Calling refine_blocks with min_intra_freq=5...
refine_blocks took 0.03 seconds, produced 41 blocks
Merging blocks...
merge_blocks took 0.01 seconds, result: 1008 blocks
Purging subset blocks...
purge_subset_blocks took 0.02 seconds, dropped 19, result: 989 blocks

--- depth=6, effective min_intra_freq=6, max_depth=5 (do_merge=True, do_purge=True) ---
Current number of blocks: 989
Stopping: depth > max_recursion_depth

Peak block count during recursion: 1523 (at depth=0)
Clustering on FINAL snapshot (989 blocks)

Building ARCS weighted graph (weighting=uniform)...
  [pair similarity] pair_sim_weight=1.0: each pair's ARCS contribution scaled by shared_tokens / (|A| + |B| - shared_tokens)
  Graph built in 0.16s — 4951 edges
  ARCS edge-weight histogram (4951 edges, range [0.0075, 0.8333]):
    [0.0075, 0.0901): 3477
    [0.0901, 0.1727): 582
    [0.1727, 0.2553): 346
    [0.2553, 0.3378): 262
    [0.3378, 0.4204): 113
    [0.4204, 0.5030): 129
    [0.5030, 0.5856): 32
    [0.5856, 0.6682): 9
    [0.6682, 0.7508): 0
    [0.7508, 0.8333): 1
  Edges kept (weight >= 0.2): 841 / 4951
  Clusters (pre-density): 536 multi-record, 1781 singletons
  Wrote 2317 clusters to /home/user/blockingandEmbeddinginER/RESULTS/runs/E_top_k/k=2/clusters_m1_p1.json
  Wrote metrics JSON to /home/user/blockingandEmbeddinginER/RESULTS/runs/E_top_k/k=2/clusters_m1_p1.metrics.json
  Wrote metrics log  to /home/user/blockingandEmbeddinginER/RESULTS/runs/E_top_k/k=2/clusters_m1_p1.metrics.log

######################################################################
# RUN: merge=True, purge=False
######################################################################

--- depth=1, effective min_intra_freq=2, max_depth=5 (do_merge=True, do_purge=False) ---
Current number of blocks: 1523
Calling refine_blocks with min_intra_freq=2...
refine_blocks took 0.19 seconds, produced 5951 blocks
Merging blocks...
merge_blocks took 0.05 seconds, result: 1873 blocks
Skipping purge_subset_blocks (do_purge=False)

--- depth=2, effective min_intra_freq=2, max_depth=5 (do_merge=True, do_purge=False) ---
Current number of blocks: 1873
Calling refine_blocks with min_intra_freq=2...
refine_blocks took 0.13 seconds, produced 4045 blocks
Merging blocks...
merge_blocks took 0.04 seconds, result: 1877 blocks
Skipping purge_subset_blocks (do_purge=False)

--- depth=3, effective min_intra_freq=3, max_depth=5 (do_merge=True, do_purge=False) ---
Current number of blocks: 1877
Calling refine_blocks with min_intra_freq=3...
refine_blocks took 0.07 seconds, produced 1047 blocks
Merging blocks...
merge_blocks took 0.03 seconds, result: 1877 blocks
Skipping purge_subset_blocks (do_purge=False)

--- depth=4, effective min_intra_freq=4, max_depth=5 (do_merge=True, do_purge=False) ---
Current number of blocks: 1877
Calling refine_blocks with min_intra_freq=4...
refine_blocks took 0.05 seconds, produced 192 blocks
Merging blocks...
merge_blocks took 0.02 seconds, result: 1877 blocks
Skipping purge_subset_blocks (do_purge=False)

--- depth=5, effective min_intra_freq=5, max_depth=5 (do_merge=True, do_purge=False) ---
Current number of blocks: 1877
Calling refine_blocks with min_intra_freq=5...
refine_blocks took 0.04 seconds, produced 41 blocks
Merging blocks...
merge_blocks took 0.03 seconds, result: 1877 blocks
Skipping purge_subset_blocks (do_purge=False)

--- depth=6, effective min_intra_freq=6, max_depth=5 (do_merge=True, do_purge=False) ---
Current number of blocks: 1877
Stopping: depth > max_recursion_depth

Peak block count during recursion: 1877 (at depth=2)
Clustering on FINAL snapshot (1877 blocks)

Building ARCS weighted graph (weighting=uniform)...
  [pair similarity] pair_sim_weight=1.0: each pair's ARCS contribution scaled by shared_tokens / (|A| + |B| - shared_tokens)
  Graph built in 0.14s — 3082 edges
  ARCS edge-weight histogram (3082 edges, range [0.0104, 1.0000]):
    [0.0104, 0.1094): 1585
    [0.1094, 0.2083): 330
    [0.2083, 0.3073): 247
    [0.3073, 0.4062): 171
    [0.4063, 0.5052): 167
    [0.5052, 0.6042): 209
    [0.6042, 0.7031): 112
    [0.7031, 0.8021): 61
    [0.8021, 0.9010): 181
    [0.9010, 1.0000): 19
  Edges kept (weight >= 0.2): 1200 / 3082
  Clusters (pre-density): 732 multi-record, 1306 singletons
  Wrote 2038 clusters to /home/user/blockingandEmbeddinginER/RESULTS/runs/E_top_k/k=2/clusters_m1_p0.json
  Wrote metrics JSON to /home/user/blockingandEmbeddinginER/RESULTS/runs/E_top_k/k=2/clusters_m1_p0.metrics.json
  Wrote metrics log  to /home/user/blockingandEmbeddinginER/RESULTS/runs/E_top_k/k=2/clusters_m1_p0.metrics.log

######################################################################
# RUN: merge=False, purge=True
######################################################################

--- depth=1, effective min_intra_freq=2, max_depth=5 (do_merge=False, do_purge=True) ---
Current number of blocks: 1523
Calling refine_blocks with min_intra_freq=2...
refine_blocks took 0.17 seconds, produced 5951 blocks
Skipping merge_blocks (do_merge=False); naive concat...
  result: 7474 blocks
Purging subset blocks...
purge_subset_blocks took 0.10 seconds, dropped 6485, result: 989 blocks

--- depth=2, effective min_intra_freq=2, max_depth=5 (do_merge=False, do_purge=True) ---
Current number of blocks: 989
Calling refine_blocks with min_intra_freq=2...
refine_blocks took 0.12 seconds, produced 4191 blocks
Skipping merge_blocks (do_merge=False); naive concat...
  result: 5180 blocks
Purging subset blocks...
purge_subset_blocks took 0.07 seconds, dropped 4191, result: 989 blocks

--- depth=3, effective min_intra_freq=3, max_depth=5 (do_merge=False, do_purge=True) ---
Current number of blocks: 989
Calling refine_blocks with min_intra_freq=3...
refine_blocks took 0.07 seconds, produced 1411 blocks
Skipping merge_blocks (do_merge=False); naive concat...
  result: 2400 blocks
Purging subset blocks...
purge_subset_blocks took 0.04 seconds, dropped 1411, result: 989 blocks

--- depth=4, effective min_intra_freq=4, max_depth=5 (do_merge=False, do_purge=True) ---
Current number of blocks: 989
Calling refine_blocks with min_intra_freq=4...
refine_blocks took 0.04 seconds, produced 350 blocks
Skipping merge_blocks (do_merge=False); naive concat...
  result: 1339 blocks
Purging subset blocks...
purge_subset_blocks took 0.02 seconds, dropped 350, result: 989 blocks

--- depth=5, effective min_intra_freq=5, max_depth=5 (do_merge=False, do_purge=True) ---
Current number of blocks: 989
Calling refine_blocks with min_intra_freq=5...
refine_blocks took 0.04 seconds, produced 122 blocks
Skipping merge_blocks (do_merge=False); naive concat...
  result: 1111 blocks
Purging subset blocks...
purge_subset_blocks took 0.02 seconds, dropped 122, result: 989 blocks

--- depth=6, effective min_intra_freq=6, max_depth=5 (do_merge=False, do_purge=True) ---
Current number of blocks: 989
Stopping: depth > max_recursion_depth

Peak block count during recursion: 1523 (at depth=0)
Clustering on FINAL snapshot (989 blocks)

Building ARCS weighted graph (weighting=uniform)...
  [pair similarity] pair_sim_weight=1.0: each pair's ARCS contribution scaled by shared_tokens / (|A| + |B| - shared_tokens)
  Graph built in 0.16s — 4951 edges
  ARCS edge-weight histogram (4951 edges, range [0.0075, 0.8333]):
    [0.0075, 0.0901): 3477
    [0.0901, 0.1727): 582
    [0.1727, 0.2553): 346
    [0.2553, 0.3378): 262
    [0.3378, 0.4204): 113
    [0.4204, 0.5030): 129
    [0.5030, 0.5856): 32
    [0.5856, 0.6682): 9
    [0.6682, 0.7508): 0
    [0.7508, 0.8333): 1
  Edges kept (weight >= 0.2): 841 / 4951
  Clusters (pre-density): 536 multi-record, 1781 singletons
  Wrote 2317 clusters to /home/user/blockingandEmbeddinginER/RESULTS/runs/E_top_k/k=2/clusters_m0_p1.json
  Wrote metrics JSON to /home/user/blockingandEmbeddinginER/RESULTS/runs/E_top_k/k=2/clusters_m0_p1.metrics.json
  Wrote metrics log  to /home/user/blockingandEmbeddinginER/RESULTS/runs/E_top_k/k=2/clusters_m0_p1.metrics.log

######################################################################
# RUN: merge=False, purge=False
######################################################################

--- depth=1, effective min_intra_freq=2, max_depth=5 (do_merge=False, do_purge=False) ---
Current number of blocks: 1523
Calling refine_blocks with min_intra_freq=2...
refine_blocks took 0.19 seconds, produced 5951 blocks
Skipping merge_blocks (do_merge=False); naive concat...
  result: 7474 blocks
Skipping purge_subset_blocks (do_purge=False)

--- depth=2, effective min_intra_freq=2, max_depth=5 (do_merge=False, do_purge=False) ---
Current number of blocks: 7474
Calling refine_blocks with min_intra_freq=2...
refine_blocks took 0.74 seconds, produced 15769 blocks
Skipping merge_blocks (do_merge=False); naive concat...
  result: 17292 blocks
Skipping purge_subset_blocks (do_purge=False)

--- depth=3, effective min_intra_freq=3, max_depth=5 (do_merge=False, do_purge=False) ---
Current number of blocks: 17292
Calling refine_blocks with min_intra_freq=3...
refine_blocks took 0.75 seconds, produced 7243 blocks
Skipping merge_blocks (do_merge=False); naive concat...
  result: 19850 blocks
Skipping purge_subset_blocks (do_purge=False)

--- depth=4, effective min_intra_freq=4, max_depth=5 (do_merge=False, do_purge=False) ---
Current number of blocks: 19850
Calling refine_blocks with min_intra_freq=4...
refine_blocks took 0.46 seconds, produced 1299 blocks
Skipping merge_blocks (do_merge=False); naive concat...
  result: 19972 blocks
Skipping purge_subset_blocks (do_purge=False)

--- depth=5, effective min_intra_freq=5, max_depth=5 (do_merge=False, do_purge=False) ---
Current number of blocks: 19972
Calling refine_blocks with min_intra_freq=5...
refine_blocks took 0.40 seconds, produced 421 blocks
Skipping merge_blocks (do_merge=False); naive concat...
  result: 19982 blocks
Skipping purge_subset_blocks (do_purge=False)

--- depth=6, effective min_intra_freq=6, max_depth=5 (do_merge=False, do_purge=False) ---
Current number of blocks: 19982
Stopping: depth > max_recursion_depth

Peak block count during recursion: 19982 (at depth=5)
Clustering on FINAL snapshot (19982 blocks)

Building ARCS weighted graph (weighting=uniform)...
  [pair similarity] pair_sim_weight=1.0: each pair's ARCS contribution scaled by shared_tokens / (|A| + |B| - shared_tokens)
  Graph built in 0.11s — 1516 edges
  ARCS edge-weight histogram (1516 edges, range [0.0104, 1.0000]):
    [0.0104, 0.1094): 358
    [0.1094, 0.2083): 94
    [0.2083, 0.3073): 66
    [0.3073, 0.4062): 101
    [0.4063, 0.5052): 88
    [0.5052, 0.6042): 37
    [0.6042, 0.7031): 273
    [0.7031, 0.8021): 94
    [0.8021, 0.9010): 77
    [0.9010, 1.0000): 328
  Edges kept (weight >= 0.2): 1085 / 1516
  Clusters (pre-density): 794 multi-record, 1274 singletons
  Wrote 2068 clusters to /home/user/blockingandEmbeddinginER/RESULTS/runs/E_top_k/k=2/clusters_m0_p0.json
  Wrote metrics JSON to /home/user/blockingandEmbeddinginER/RESULTS/runs/E_top_k/k=2/clusters_m0_p0.metrics.json
  Wrote metrics log  to /home/user/blockingandEmbeddinginER/RESULTS/runs/E_top_k/k=2/clusters_m0_p0.metrics.log


==============================================================================================================
ABLATION SUMMARY
mode=default, init_df_max=7, max_recursion_depth=5, min_intra_freq=2, tau=0.2, top_k=2, filter_mode=size, min_block_size=2, arcs_weighting=uniform, density_floor=0.0, cluster_on=final
==============================================================================================================
merge purge  blks(rec)   pairs(rec)  blks(flt)   pairs(flt)  clusters  multi  single  t_rec(s)  t_flt(s)  t_clu(s)  peak(MB)
--------------------------------------------------------------------------------------------------------------
    T     T        989         5872        989         5231      2317    536    1781      0.63      0.08      0.19     247.1
    T     F       1877         7647       1697         3798      2038    732    1306      0.65      0.09      0.15     247.5
    F     T        989         5872        989         5231      2317    536    1781      0.70      0.07      0.18     247.0
    F     F      19982        46513       1875         2557      2068    794    1274      2.56      0.44      0.12     252.0
==============================================================================================================
